Archive member included because of file (symbol)

C:/NXP/S32DS_ARM_v2.2/S32DS/build_tools/gcc_v4.9/arm_ewl2/lib/armv7e-m\libc99.a(exit.o)
                              C:/NXP/S32DS_ARM_v2.2/S32DS/build_tools/gcc_v4.9/arm_ewl2/lib/armv7e-m/__arm_start.o (exit)
C:/NXP/S32DS_ARM_v2.2/S32DS/build_tools/gcc_v4.9/arm_ewl2/lib/armv7e-m\libc99.a(memset.o)
                              C:/NXP/S32DS_ARM_v2.2/S32DS/build_tools/gcc_v4.9/arm_ewl2/lib/armv7e-m/__arm_start.o (memset)
C:/NXP/S32DS_ARM_v2.2/S32DS/build_tools/gcc_v4.9/arm_ewl2/lib/armv7e-m\libc99.a(__filll_mem.o)
                              C:/NXP/S32DS_ARM_v2.2/S32DS/build_tools/gcc_v4.9/arm_ewl2/lib/armv7e-m\libc99.a(memset.o) (__fill_mem)
C:/NXP/S32DS_ARM_v2.2/S32DS/build_tools/gcc_v4.9/arm_ewl2/lib/armv7e-m\librt.a(gcc_ctor_dtor.o)
                              C:/NXP/S32DS_ARM_v2.2/S32DS/build_tools/gcc_v4.9/arm_ewl2/lib/armv7e-m/__arm_start.o (__init_cpp)
C:/NXP/S32DS_ARM_v2.2/S32DS/build_tools/gcc_v4.9/arm_ewl2/lib/armv7e-m\librt.a(__arm_eabi_init.o)
                              C:/NXP/S32DS_ARM_v2.2/S32DS/build_tools/gcc_v4.9/arm_ewl2/lib/armv7e-m\libc99.a(exit.o) (__destroy_global_chain)
C:/NXP/S32DS_ARM_v2.2/S32DS/build_tools/gcc_v4.9/arm_ewl2/lib/armv7e-m\librt.a(ROMCopy.o)
                              C:/NXP/S32DS_ARM_v2.2/S32DS/build_tools/gcc_v4.9/arm_ewl2/lib/armv7e-m/__arm_start.o (__copy_rom_sections_to_ram)

Allocating common symbols
Common symbol       size              file

Jump_To_Application
                    0x4               ./src/main.o
jump2app            0x4               ./src/main.o

Discarded input sections

 .text          0x00000000        0x0 C:/NXP/S32DS_ARM_v2.2/S32DS/build_tools/gcc_v4.9/arm_ewl2/lib/armv7e-m/__arm_start.o
 .data          0x00000000        0x0 C:/NXP/S32DS_ARM_v2.2/S32DS/build_tools/gcc_v4.9/arm_ewl2/lib/armv7e-m/__arm_start.o
 .bss           0x00000000        0x0 C:/NXP/S32DS_ARM_v2.2/S32DS/build_tools/gcc_v4.9/arm_ewl2/lib/armv7e-m/__arm_start.o
 .text.__iar_program_start
                0x00000000        0x4 C:/NXP/S32DS_ARM_v2.2/S32DS/build_tools/gcc_v4.9/arm_ewl2/lib/armv7e-m/__arm_start.o
 .group         0x00000000        0x8 ./Project_Settings/Startup_Code/startup.o
 .group         0x00000000        0x8 ./Project_Settings/Startup_Code/startup.o
 .group         0x00000000        0x8 ./Project_Settings/Startup_Code/startup.o
 .group         0x00000000        0x8 ./Project_Settings/Startup_Code/startup.o
 .group         0x00000000        0x8 ./Project_Settings/Startup_Code/startup.o
 .group         0x00000000        0x8 ./Project_Settings/Startup_Code/startup.o
 .group         0x00000000        0x8 ./Project_Settings/Startup_Code/startup.o
 .group         0x00000000        0x8 ./Project_Settings/Startup_Code/startup.o
 .group         0x00000000        0x8 ./Project_Settings/Startup_Code/startup.o
 .group         0x00000000        0x8 ./Project_Settings/Startup_Code/startup.o
 .group         0x00000000        0x8 ./Project_Settings/Startup_Code/startup.o
 .group         0x00000000        0x8 ./Project_Settings/Startup_Code/startup.o
 .group         0x00000000        0x8 ./Project_Settings/Startup_Code/startup.o
 .group         0x00000000        0x8 ./Project_Settings/Startup_Code/startup.o
 .group         0x00000000        0x8 ./Project_Settings/Startup_Code/startup.o
 .group         0x00000000        0x8 ./Project_Settings/Startup_Code/startup.o
 .group         0x00000000        0x8 ./Project_Settings/Startup_Code/startup.o
 .group         0x00000000        0x8 ./Project_Settings/Startup_Code/startup.o
 .text          0x00000000        0x0 ./Project_Settings/Startup_Code/startup.o
 .data          0x00000000        0x0 ./Project_Settings/Startup_Code/startup.o
 .bss           0x00000000        0x0 ./Project_Settings/Startup_Code/startup.o
 .rodata.s_vectors
                0x00000000        0x4 ./Project_Settings/Startup_Code/startup.o
 .data          0x00000000        0x0 ./Project_Settings/Startup_Code/startup_S32K144.o
 .bss           0x00000000        0x0 ./Project_Settings/Startup_Code/startup_S32K144.o
 .group         0x00000000        0x8 ./Project_Settings/Startup_Code/system_S32K144.o
 .group         0x00000000        0x8 ./Project_Settings/Startup_Code/system_S32K144.o
 .group         0x00000000        0x8 ./Project_Settings/Startup_Code/system_S32K144.o
 .group         0x00000000        0x8 ./Project_Settings/Startup_Code/system_S32K144.o
 .group         0x00000000        0x8 ./Project_Settings/Startup_Code/system_S32K144.o
 .group         0x00000000        0x8 ./Project_Settings/Startup_Code/system_S32K144.o
 .group         0x00000000        0x8 ./Project_Settings/Startup_Code/system_S32K144.o
 .group         0x00000000        0x8 ./Project_Settings/Startup_Code/system_S32K144.o
 .group         0x00000000        0x8 ./Project_Settings/Startup_Code/system_S32K144.o
 .group         0x00000000        0x8 ./Project_Settings/Startup_Code/system_S32K144.o
 .group         0x00000000        0x8 ./Project_Settings/Startup_Code/system_S32K144.o
 .group         0x00000000        0x8 ./Project_Settings/Startup_Code/system_S32K144.o
 .group         0x00000000        0x8 ./Project_Settings/Startup_Code/system_S32K144.o
 .group         0x00000000        0x8 ./Project_Settings/Startup_Code/system_S32K144.o
 .group         0x00000000        0x8 ./Project_Settings/Startup_Code/system_S32K144.o
 .group         0x00000000        0x8 ./Project_Settings/Startup_Code/system_S32K144.o
 .group         0x00000000        0x8 ./Project_Settings/Startup_Code/system_S32K144.o
 .group         0x00000000        0x8 ./Project_Settings/Startup_Code/system_S32K144.o
 .group         0x00000000        0x8 ./Project_Settings/Startup_Code/system_S32K144.o
 .text          0x00000000        0x0 ./Project_Settings/Startup_Code/system_S32K144.o
 .data          0x00000000        0x0 ./Project_Settings/Startup_Code/system_S32K144.o
 .bss           0x00000000        0x0 ./Project_Settings/Startup_Code/system_S32K144.o
 .data.SystemCoreClock
                0x00000000        0x4 ./Project_Settings/Startup_Code/system_S32K144.o
 .text.SystemCoreClockUpdate
                0x00000000       0xe8 ./Project_Settings/Startup_Code/system_S32K144.o
 .text.SystemSoftwareReset
                0x00000000       0x40 ./Project_Settings/Startup_Code/system_S32K144.o
 .rodata.fircFreq.5151
                0x00000000        0x4 ./Project_Settings/Startup_Code/system_S32K144.o
 .debug_macro   0x00000000      0x868 ./Project_Settings/Startup_Code/system_S32K144.o
 .debug_macro   0x00000000       0x52 ./Project_Settings/Startup_Code/system_S32K144.o
 .debug_macro   0x00000000       0xa0 ./Project_Settings/Startup_Code/system_S32K144.o
 .debug_macro   0x00000000       0x16 ./Project_Settings/Startup_Code/system_S32K144.o
 .debug_macro   0x00000000       0x10 ./Project_Settings/Startup_Code/system_S32K144.o
 .debug_macro   0x00000000       0x7a ./Project_Settings/Startup_Code/system_S32K144.o
 .debug_macro   0x00000000       0x5e ./Project_Settings/Startup_Code/system_S32K144.o
 .debug_macro   0x00000000      0x185 ./Project_Settings/Startup_Code/system_S32K144.o
 .debug_macro   0x00000000      0x147 ./Project_Settings/Startup_Code/system_S32K144.o
 .debug_macro   0x00000000       0x9d ./Project_Settings/Startup_Code/system_S32K144.o
 .debug_macro   0x00000000       0x10 ./Project_Settings/Startup_Code/system_S32K144.o
 .debug_macro   0x00000000      0x15b ./Project_Settings/Startup_Code/system_S32K144.o
 .debug_macro   0x00000000       0x28 ./Project_Settings/Startup_Code/system_S32K144.o
 .debug_macro   0x00000000       0x58 ./Project_Settings/Startup_Code/system_S32K144.o
 .debug_macro   0x00000000      0xb86 ./Project_Settings/Startup_Code/system_S32K144.o
 .debug_macro   0x00000000       0x22 ./Project_Settings/Startup_Code/system_S32K144.o
 .group         0x00000000        0x8 ./src/main.o
 .group         0x00000000        0x8 ./src/main.o
 .group         0x00000000        0x8 ./src/main.o
 .group         0x00000000        0x8 ./src/main.o
 .group         0x00000000        0x8 ./src/main.o
 .group         0x00000000        0x8 ./src/main.o
 .group         0x00000000        0x8 ./src/main.o
 .group         0x00000000        0x8 ./src/main.o
 .group         0x00000000        0x8 ./src/main.o
 .group         0x00000000        0x8 ./src/main.o
 .group         0x00000000        0x8 ./src/main.o
 .group         0x00000000        0x8 ./src/main.o
 .group         0x00000000        0x8 ./src/main.o
 .group         0x00000000        0x8 ./src/main.o
 .group         0x00000000        0x8 ./src/main.o
 .text          0x00000000        0x0 ./src/main.o
 .data          0x00000000        0x0 ./src/main.o
 .bss           0x00000000        0x0 ./src/main.o
 .debug_macro   0x00000000      0x868 ./src/main.o
 .debug_macro   0x00000000       0x52 ./src/main.o
 .debug_macro   0x00000000       0xa0 ./src/main.o
 .debug_macro   0x00000000       0x16 ./src/main.o
 .debug_macro   0x00000000       0x19 ./src/main.o
 .debug_macro   0x00000000       0x5e ./src/main.o
 .debug_macro   0x00000000      0x185 ./src/main.o
 .debug_macro   0x00000000      0x147 ./src/main.o
 .debug_macro   0x00000000       0x9d ./src/main.o
 .debug_macro   0x00000000       0x10 ./src/main.o
 .debug_macro   0x00000000      0x15b ./src/main.o
 .debug_macro   0x00000000       0x28 ./src/main.o
 .debug_macro   0x00000000       0x58 ./src/main.o
 .debug_macro   0x00000000     0xed1d ./src/main.o
 .debug_macro   0x00000000      0xb86 ./src/main.o
 COMMON         0x00000000        0x8 ./src/main.o
 .text          0x00000000        0x0 C:/NXP/S32DS_ARM_v2.2/S32DS/build_tools/gcc_v4.9/arm_ewl2/lib/armv7e-m\libc99.a(exit.o)
 .data          0x00000000        0x0 C:/NXP/S32DS_ARM_v2.2/S32DS/build_tools/gcc_v4.9/arm_ewl2/lib/armv7e-m\libc99.a(exit.o)
 .bss           0x00000000        0x0 C:/NXP/S32DS_ARM_v2.2/S32DS/build_tools/gcc_v4.9/arm_ewl2/lib/armv7e-m\libc99.a(exit.o)
 .text._Exit    0x00000000        0x4 C:/NXP/S32DS_ARM_v2.2/S32DS/build_tools/gcc_v4.9/arm_ewl2/lib/armv7e-m\libc99.a(exit.o)
 .text          0x00000000        0x0 C:/NXP/S32DS_ARM_v2.2/S32DS/build_tools/gcc_v4.9/arm_ewl2/lib/armv7e-m\libc99.a(memset.o)
 .data          0x00000000        0x0 C:/NXP/S32DS_ARM_v2.2/S32DS/build_tools/gcc_v4.9/arm_ewl2/lib/armv7e-m\libc99.a(memset.o)
 .bss           0x00000000        0x0 C:/NXP/S32DS_ARM_v2.2/S32DS/build_tools/gcc_v4.9/arm_ewl2/lib/armv7e-m\libc99.a(memset.o)
 .text          0x00000000        0x0 C:/NXP/S32DS_ARM_v2.2/S32DS/build_tools/gcc_v4.9/arm_ewl2/lib/armv7e-m\libc99.a(__filll_mem.o)
 .data          0x00000000        0x0 C:/NXP/S32DS_ARM_v2.2/S32DS/build_tools/gcc_v4.9/arm_ewl2/lib/armv7e-m\libc99.a(__filll_mem.o)
 .bss           0x00000000        0x0 C:/NXP/S32DS_ARM_v2.2/S32DS/build_tools/gcc_v4.9/arm_ewl2/lib/armv7e-m\libc99.a(__filll_mem.o)
 .text          0x00000000        0x0 C:/NXP/S32DS_ARM_v2.2/S32DS/build_tools/gcc_v4.9/arm_ewl2/lib/armv7e-m\librt.a(gcc_ctor_dtor.o)
 .data          0x00000000        0x0 C:/NXP/S32DS_ARM_v2.2/S32DS/build_tools/gcc_v4.9/arm_ewl2/lib/armv7e-m\librt.a(gcc_ctor_dtor.o)
 .bss           0x00000000        0x0 C:/NXP/S32DS_ARM_v2.2/S32DS/build_tools/gcc_v4.9/arm_ewl2/lib/armv7e-m\librt.a(gcc_ctor_dtor.o)
 .bss.__dso_handle
                0x00000000        0x4 C:/NXP/S32DS_ARM_v2.2/S32DS/build_tools/gcc_v4.9/arm_ewl2/lib/armv7e-m\librt.a(gcc_ctor_dtor.o)
 .text          0x00000000        0x0 C:/NXP/S32DS_ARM_v2.2/S32DS/build_tools/gcc_v4.9/arm_ewl2/lib/armv7e-m\librt.a(__arm_eabi_init.o)
 .data          0x00000000        0x0 C:/NXP/S32DS_ARM_v2.2/S32DS/build_tools/gcc_v4.9/arm_ewl2/lib/armv7e-m\librt.a(__arm_eabi_init.o)
 .bss           0x00000000        0x0 C:/NXP/S32DS_ARM_v2.2/S32DS/build_tools/gcc_v4.9/arm_ewl2/lib/armv7e-m\librt.a(__arm_eabi_init.o)
 .text.__register_global_object
                0x00000000       0x14 C:/NXP/S32DS_ARM_v2.2/S32DS/build_tools/gcc_v4.9/arm_ewl2/lib/armv7e-m\librt.a(__arm_eabi_init.o)
 .text.__cxa_atexit
                0x00000000       0x38 C:/NXP/S32DS_ARM_v2.2/S32DS/build_tools/gcc_v4.9/arm_ewl2/lib/armv7e-m\librt.a(__arm_eabi_init.o)
 .text.__aeabi_atexit
                0x00000000        0xa C:/NXP/S32DS_ARM_v2.2/S32DS/build_tools/gcc_v4.9/arm_ewl2/lib/armv7e-m\librt.a(__arm_eabi_init.o)
 .text.__register_atexit
                0x00000000        0x8 C:/NXP/S32DS_ARM_v2.2/S32DS/build_tools/gcc_v4.9/arm_ewl2/lib/armv7e-m\librt.a(__arm_eabi_init.o)
 .bss.atexit_curr_func
                0x00000000        0x4 C:/NXP/S32DS_ARM_v2.2/S32DS/build_tools/gcc_v4.9/arm_ewl2/lib/armv7e-m\librt.a(__arm_eabi_init.o)
 .bss.atexit_funcs
                0x00000000      0x300 C:/NXP/S32DS_ARM_v2.2/S32DS/build_tools/gcc_v4.9/arm_ewl2/lib/armv7e-m\librt.a(__arm_eabi_init.o)
 .text          0x00000000        0x0 C:/NXP/S32DS_ARM_v2.2/S32DS/build_tools/gcc_v4.9/arm_ewl2/lib/armv7e-m\librt.a(ROMCopy.o)
 .data          0x00000000        0x0 C:/NXP/S32DS_ARM_v2.2/S32DS/build_tools/gcc_v4.9/arm_ewl2/lib/armv7e-m\librt.a(ROMCopy.o)
 .bss           0x00000000        0x0 C:/NXP/S32DS_ARM_v2.2/S32DS/build_tools/gcc_v4.9/arm_ewl2/lib/armv7e-m\librt.a(ROMCopy.o)
 .text.__flush_cache
                0x00000000        0x2 C:/NXP/S32DS_ARM_v2.2/S32DS/build_tools/gcc_v4.9/arm_ewl2/lib/armv7e-m\librt.a(ROMCopy.o)
 .text          0x00000000        0x0 C:/NXP/S32DS_ARM_v2.2/S32DS/build_tools/gcc_v4.9/arm_ewl2/lib/armv7e-m/__arm_end.o
 .data          0x00000000        0x0 C:/NXP/S32DS_ARM_v2.2/S32DS/build_tools/gcc_v4.9/arm_ewl2/lib/armv7e-m/__arm_end.o
 .bss           0x00000000        0x0 C:/NXP/S32DS_ARM_v2.2/S32DS/build_tools/gcc_v4.9/arm_ewl2/lib/armv7e-m/__arm_end.o

Memory Configuration

Name             Origin             Length             Attributes
m_interrupts     0x00002000         0x00000400         xr
m_flash_config   0x00002400         0x00000010         xr
m_text           0x00002410         0x0007fbf0         xr
m_data           0x1fff8000         0x00008000         rw
m_data_2         0x20000000         0x00004000         rw
*default*        0x00000000         0xffffffff

Linker script and memory map

LOAD C:/NXP/S32DS_ARM_v2.2/S32DS/build_tools/gcc_v4.9/arm_ewl2/lib/armv7e-m/__arm_start.o
LOAD ./Project_Settings/Startup_Code/startup.o
LOAD ./Project_Settings/Startup_Code/startup_S32K144.o
LOAD ./Project_Settings/Startup_Code/system_S32K144.o
LOAD ./src/main.o
START GROUP
LOAD C:/NXP/S32DS_ARM_v2.2/S32DS/build_tools/gcc_v4.9/arm_ewl2/lib/armv7e-m\libc99.a
LOAD C:/NXP/S32DS_ARM_v2.2/S32DS/build_tools/gcc_v4.9/arm_ewl2/lib/armv7e-m\libm.a
LOAD c:/nxp/s32ds_arm_v2.2/s32ds/build_tools/gcc_v4.9/gcc-arm-none-eabi-4_9/bin/../lib/gcc/arm-none-eabi/4.9.3/armv7e-m\libgcc.a
LOAD C:/NXP/S32DS_ARM_v2.2/S32DS/build_tools/gcc_v4.9/arm_ewl2/lib/armv7e-m\librt.a
LOAD C:/NXP/S32DS_ARM_v2.2/S32DS/build_tools/gcc_v4.9/arm_ewl2/lib/armv7e-m\libnoio.a
END GROUP
LOAD C:/NXP/S32DS_ARM_v2.2/S32DS/build_tools/gcc_v4.9/arm_ewl2/lib/armv7e-m/__arm_end.o
                0x00000400                HEAP_SIZE = DEFINED (__heap_size__)?__heap_size__:0x400
                0x00000400                STACK_SIZE = DEFINED (__stack_size__)?__stack_size__:0x400
                0x00000400                M_VECTOR_RAM_SIZE = DEFINED (__flash_vector_table__)?0x0:0x400

.interrupts     0x00002000      0x400
                0x00002000                __VECTOR_TABLE = .
                0x00002000                __interrupts_start__ = .
                0x00002000                . = ALIGN (0x4)
 *(.isr_vector)
 .isr_vector    0x00002000      0x400 ./Project_Settings/Startup_Code/startup_S32K144.o
                0x00002000                __isr_vector
                0x00002400                __interrupts_end__ = .
                0x00002400                . = ALIGN (0x4)

.flash_config   0x00002400       0x10
                0x00002400                . = ALIGN (0x4)
 *(.FlashConfig)
 .FlashConfig   0x00002400       0x10 ./Project_Settings/Startup_Code/startup_S32K144.o
                0x00002410                . = ALIGN (0x4)

.text           0x00002410      0x690
                0x00002410                . = ALIGN (0x4)
 *(.text)
 .text          0x00002410       0x60 ./Project_Settings/Startup_Code/startup_S32K144.o
                0x00002410                Reset_Handler
                0x0000246c                DebugMon_Handler
                0x0000246c                Reserved88_IRQHandler
                0x0000246c                CAN0_ORed_IRQHandler
                0x0000246c                HardFault_Handler
                0x0000246c                Reserved86_IRQHandler
                0x0000246c                Reserved103_IRQHandler
                0x0000246c                SysTick_Handler
                0x0000246c                FTM2_Ovf_Reload_IRQHandler
                0x0000246c                Reserved50_IRQHandler
                0x0000246c                FTFC_Fault_IRQHandler
                0x0000246c                FTM0_Ch6_Ch7_IRQHandler
                0x0000246c                Reserved114_IRQHandler
                0x0000246c                PendSV_Handler
                0x0000246c                NMI_Handler
                0x0000246c                Reserved89_IRQHandler
                0x0000246c                ERM_double_fault_IRQHandler
                0x0000246c                DMA2_IRQHandler
                0x0000246c                Reserved59_IRQHandler
                0x0000246c                LPIT0_Ch0_IRQHandler
                0x0000246c                Reserved99_IRQHandler
                0x0000246c                FTM3_Ch6_Ch7_IRQHandler
                0x0000246c                CAN2_ORed_0_15_MB_IRQHandler
                0x0000246c                LPIT0_Ch3_IRQHandler
                0x0000246c                Reserved92_IRQHandler
                0x0000246c                FTM0_Ch4_Ch5_IRQHandler
                0x0000246c                CAN1_Error_IRQHandler
                0x0000246c                FTM3_Ch0_Ch1_IRQHandler
                0x0000246c                SWI_IRQHandler
                0x0000246c                ADC0_IRQHandler
                0x0000246c                FTM2_Ch4_Ch5_IRQHandler
                0x0000246c                UsageFault_Handler
                0x0000246c                FTM0_Ovf_Reload_IRQHandler
                0x0000246c                DefaultISR
                0x0000246c                DMA9_IRQHandler
                0x0000246c                Reserved58_IRQHandler
                0x0000246c                CAN1_ORed_0_15_MB_IRQHandler
                0x0000246c                FTM1_Ch2_Ch3_IRQHandler
                0x0000246c                DMA14_IRQHandler
                0x0000246c                Reserved82_IRQHandler
                0x0000246c                CAN0_ORed_16_31_MB_IRQHandler
                0x0000246c                LPI2C0_Slave_IRQHandler
                0x0000246c                Reserved71_IRQHandler
                0x0000246c                PORTD_IRQHandler
                0x0000246c                Reserved69_IRQHandler
                0x0000246c                PORTB_IRQHandler
                0x0000246c                Reserved70_IRQHandler
                0x0000246c                ADC1_IRQHandler
                0x0000246c                FTM2_Ch2_Ch3_IRQHandler
                0x0000246c                Reserved53_IRQHandler
                0x0000246c                DMA5_IRQHandler
                0x0000246c                RTC_IRQHandler
                0x0000246c                PDB0_IRQHandler
                0x0000246c                Reserved54_IRQHandler
                0x0000246c                FTM2_Ch6_Ch7_IRQHandler
                0x0000246c                FTM3_Ch2_Ch3_IRQHandler
                0x0000246c                FTM2_Ch0_Ch1_IRQHandler
                0x0000246c                LPSPI1_IRQHandler
                0x0000246c                LPUART1_RxTx_IRQHandler
                0x0000246c                CAN2_ORed_IRQHandler
                0x0000246c                Reserved72_IRQHandler
                0x0000246c                Reserved110_IRQHandler
                0x0000246c                DMA11_IRQHandler
                0x0000246c                Reserved107_IRQHandler
                0x0000246c                Read_Collision_IRQHandler
                0x0000246c                CAN2_Error_IRQHandler
                0x0000246c                FTFC_IRQHandler
                0x0000246c                DMA7_IRQHandler
                0x0000246c                FTM1_Ch6_Ch7_IRQHandler
                0x0000246c                Reserved105_IRQHandler
                0x0000246c                LPIT0_Ch1_IRQHandler
                0x0000246c                FTM1_Ch4_Ch5_IRQHandler
                0x0000246c                FTM3_Ovf_Reload_IRQHandler
                0x0000246c                LPUART2_RxTx_IRQHandler
                0x0000246c                LPSPI0_IRQHandler
                0x0000246c                WDOG_EWM_IRQHandler
                0x0000246c                MemManage_Handler
                0x0000246c                Reserved90_IRQHandler
                0x0000246c                Reserved83_IRQHandler
                0x0000246c                FTM0_Fault_IRQHandler
                0x0000246c                Reserved48_IRQHandler
                0x0000246c                SVC_Handler
                0x0000246c                ERM_single_fault_IRQHandler
                0x0000246c                FTM2_Fault_IRQHandler
                0x0000246c                FTM0_Ch2_Ch3_IRQHandler
                0x0000246c                DMA13_IRQHandler
                0x0000246c                FTM0_Ch0_Ch1_IRQHandler
                0x0000246c                FTM3_Fault_IRQHandler
                0x0000246c                RCM_IRQHandler
                0x0000246c                DMA3_IRQHandler
                0x0000246c                Reserved100_IRQHandler
                0x0000246c                DMA0_IRQHandler
                0x0000246c                Reserved91_IRQHandler
                0x0000246c                CAN1_ORed_IRQHandler
                0x0000246c                DMA15_IRQHandler
                0x0000246c                SCG_IRQHandler
                0x0000246c                PDB1_IRQHandler
                0x0000246c                Reserved81_IRQHandler
                0x0000246c                Reserved46_IRQHandler
                0x0000246c                Reserved45_IRQHandler
                0x0000246c                CAN0_Error_IRQHandler
                0x0000246c                Reserved112_IRQHandler
                0x0000246c                LPI2C0_Master_IRQHandler
                0x0000246c                DMA4_IRQHandler
                0x0000246c                FTM1_Fault_IRQHandler
                0x0000246c                Reserved106_IRQHandler
                0x0000246c                DMA_Error_IRQHandler
                0x0000246c                LVD_LVW_IRQHandler
                0x0000246c                LPIT0_Ch2_IRQHandler
                0x0000246c                PORTA_IRQHandler
                0x0000246c                MCM_IRQHandler
                0x0000246c                LPSPI2_IRQHandler
                0x0000246c                DMA12_IRQHandler
                0x0000246c                FTM3_Ch4_Ch5_IRQHandler
                0x0000246c                CAN0_ORed_0_15_MB_IRQHandler
                0x0000246c                PORTE_IRQHandler
                0x0000246c                LPUART0_RxTx_IRQHandler
                0x0000246c                LPTMR0_IRQHandler
                0x0000246c                BusFault_Handler
                0x0000246c                Reserved87_IRQHandler
                0x0000246c                FTM1_Ovf_Reload_IRQHandler
                0x0000246c                DMA8_IRQHandler
                0x0000246c                Reserved93_IRQHandler
                0x0000246c                DMA10_IRQHandler
                0x0000246c                CAN0_Wake_Up_IRQHandler
                0x0000246c                CMP0_IRQHandler
                0x0000246c                Reserved52_IRQHandler
                0x0000246c                PORTC_IRQHandler
                0x0000246c                DMA6_IRQHandler
                0x0000246c                FTM1_Ch0_Ch1_IRQHandler
                0x0000246c                FLEXIO_IRQHandler
                0x0000246c                DMA1_IRQHandler
                0x0000246c                Reserved113_IRQHandler
 *(.text*)
 .text.__thumb_startup
                0x00002470       0x3c C:/NXP/S32DS_ARM_v2.2/S32DS/build_tools/gcc_v4.9/arm_ewl2/lib/armv7e-m/__arm_start.o
                0x00002470                _start
                0x00002470                __thumb_startup
 .text.init_data_bss
                0x000024ac      0x128 ./Project_Settings/Startup_Code/startup.o
                0x000024ac                init_data_bss
 .text.SystemInit
                0x000025d4       0x30 ./Project_Settings/Startup_Code/system_S32K144.o
                0x000025d4                SystemInit
 .text.main     0x00002604       0x48 ./src/main.o
                0x00002604                main
 .text.RTC_Seconds_IRQHandler
                0x0000264c       0x24 ./src/main.o
                0x0000264c                RTC_Seconds_IRQHandler
 .text.SOSC_init_8MHz
                0x00002670       0x4c ./src/main.o
                0x00002670                SOSC_init_8MHz
 .text.SPLL_init_160MHz
                0x000026bc       0x64 ./src/main.o
                0x000026bc                SPLL_init_160MHz
 .text.NormalRUNmode_80MHz
                0x00002720       0x2c ./src/main.o
                0x00002720                NormalRUNmode_80MHz
 .text.Clock_Config
                0x0000274c       0x14 ./src/main.o
 .text.Gpio_Config
                0x00002760       0x88 ./src/main.o
 .text.LED_light
                0x000027e8       0x6c ./src/main.o
 .text.MSR_MSP  0x00002854       0x30 ./src/main.o
                0x00002854                MSR_MSP
 .text.iap_load_app
                0x00002884       0x2c ./src/main.o
 .text.exit     0x000028b0       0x38 C:/NXP/S32DS_ARM_v2.2/S32DS/build_tools/gcc_v4.9/arm_ewl2/lib/armv7e-m\libc99.a(exit.o)
                0x000028b0                exit
 .text.memset   0x000028e8        0xc C:/NXP/S32DS_ARM_v2.2/S32DS/build_tools/gcc_v4.9/arm_ewl2/lib/armv7e-m\libc99.a(memset.o)
                0x000028e8                memset
 .text.__fill_mem
                0x000028f4       0x7a C:/NXP/S32DS_ARM_v2.2/S32DS/build_tools/gcc_v4.9/arm_ewl2/lib/armv7e-m\libc99.a(__filll_mem.o)
                0x000028f4                __fill_mem
 *fill*         0x0000296e        0x2 
 .text.__init_cpp
                0x00002970       0x4c C:/NXP/S32DS_ARM_v2.2/S32DS/build_tools/gcc_v4.9/arm_ewl2/lib/armv7e-m\librt.a(gcc_ctor_dtor.o)
                0x00002970                __init_cpp
 .text.__fini_cpp
                0x000029bc       0x34 C:/NXP/S32DS_ARM_v2.2/S32DS/build_tools/gcc_v4.9/arm_ewl2/lib/armv7e-m\librt.a(gcc_ctor_dtor.o)
                0x000029bc                __fini_cpp
 .text.__destroy_global_chain
                0x000029f0       0x18 C:/NXP/S32DS_ARM_v2.2/S32DS/build_tools/gcc_v4.9/arm_ewl2/lib/armv7e-m\librt.a(__arm_eabi_init.o)
                0x000029f0                __destroy_global_chain
 .text.__init_registers
                0x00002a08       0x20 C:/NXP/S32DS_ARM_v2.2/S32DS/build_tools/gcc_v4.9/arm_ewl2/lib/armv7e-m\librt.a(__arm_eabi_init.o)
                0x00002a08                __init_registers
 .text.__init_hardware
                0x00002a28        0x4 C:/NXP/S32DS_ARM_v2.2/S32DS/build_tools/gcc_v4.9/arm_ewl2/lib/armv7e-m\librt.a(__arm_eabi_init.o)
                0x00002a28                __init_hardware
 .text.__init_user
                0x00002a2c        0x4 C:/NXP/S32DS_ARM_v2.2/S32DS/build_tools/gcc_v4.9/arm_ewl2/lib/armv7e-m\librt.a(__arm_eabi_init.o)
                0x00002a2c                __init_user
 .text.__copy_rom_section
                0x00002a30       0x42 C:/NXP/S32DS_ARM_v2.2/S32DS/build_tools/gcc_v4.9/arm_ewl2/lib/armv7e-m\librt.a(ROMCopy.o)
                0x00002a30                __copy_rom_section
 *fill*         0x00002a72        0x2 
 .text.__copy_rom_sections_to_ram
                0x00002a74       0x28 C:/NXP/S32DS_ARM_v2.2/S32DS/build_tools/gcc_v4.9/arm_ewl2/lib/armv7e-m\librt.a(ROMCopy.o)
                0x00002a74                __copy_rom_sections_to_ram
 .text._ExitProcess
                0x00002a9c        0x2 C:/NXP/S32DS_ARM_v2.2/S32DS/build_tools/gcc_v4.9/arm_ewl2/lib/armv7e-m/__arm_end.o
                0x00002a9c                _ExitProcess
 *(.rodata)
 *(.rodata*)
 *(.glue_7)
 .glue_7        0x00000000        0x0 linker stubs
 *(.glue_7t)
 .glue_7t       0x00000000        0x0 linker stubs
 *(.eh_frame)
 *(.init)
 *(.fini)
                0x00002aa0                . = ALIGN (0x4)
 *fill*         0x00002a9e        0x2 

.vfp11_veneer   0x00002aa0        0x0
 .vfp11_veneer  0x00000000        0x0 linker stubs

.v4_bx          0x00002aa0        0x0
 .v4_bx         0x00000000        0x0 linker stubs

.iplt           0x00002aa0        0x0
 .iplt          0x00000000        0x0 C:/NXP/S32DS_ARM_v2.2/S32DS/build_tools/gcc_v4.9/arm_ewl2/lib/armv7e-m/__arm_start.o

.rel.dyn        0x00002aa0        0x0
 .rel.iplt      0x00000000        0x0 C:/NXP/S32DS_ARM_v2.2/S32DS/build_tools/gcc_v4.9/arm_ewl2/lib/armv7e-m/__arm_start.o

.ARM.extab
 *(.ARM.extab* .gnu.linkonce.armextab.*)

.ARM            0x00002aa0        0x0
                0x00002aa0                __exidx_start = .
 *(.ARM.exidx*)
                0x00002aa0                __exidx_end = .

.ctors          0x00002aa0        0x0
                0x00002aa0                __CTOR_LIST__ = .
 *crtbegin.o(.ctors)
 *crtbegin?.o(.ctors)
 *(EXCLUDE_FILE(*crtend.o *crtend?.o) .ctors)
 *(SORT(.ctors.*))
 *(.ctors)
                0x00002aa0                __CTOR_END__ = .

.dtors          0x00002aa0        0x0
                0x00002aa0                __DTOR_LIST__ = .
 *crtbegin.o(.dtors)
 *crtbegin?.o(.dtors)
 *(EXCLUDE_FILE(*crtend.o *crtend?.o) .dtors)
 *(SORT(.dtors.*))
 *(.dtors)
                0x00002aa0                __DTOR_END__ = .

.preinit_array  0x00002aa0        0x0
                0x00002aa0                PROVIDE (__preinit_array_start, .)
 *(.preinit_array*)
                0x00002aa0                PROVIDE (__preinit_array_end, .)

.init_array     0x00002aa0        0x0
                0x00002aa0                PROVIDE (__init_array_start, .)
 *(SORT(.init_array.*))
 *(.init_array*)
                0x00002aa0                PROVIDE (__init_array_end, .)

.fini_array     0x00002aa0        0x0
                0x00002aa0                PROVIDE (__fini_array_start, .)
 *(SORT(.fini_array.*))
 *(.fini_array*)
                0x00002aa0                PROVIDE (__fini_array_end, .)
                0x00002aa0                __etext = .
                0x00002aa0                __DATA_ROM = .

.interrupts_ram
                0x1fff8000      0x400
                0x1fff8000                . = ALIGN (0x4)
                0x1fff8000                __VECTOR_RAM__ = .
                0x1fff8000                __RAM_START = .
                0x1fff8000                __interrupts_ram_start__ = .
 *(.m_interrupts_ram)
                0x1fff8400                . = (. + M_VECTOR_RAM_SIZE)
 *fill*         0x1fff8000      0x400 
                0x1fff8400                . = ALIGN (0x4)
                0x1fff8400                __interrupts_ram_end__ = .
                0x1fff8000                __VECTOR_RAM = DEFINED (__flash_vector_table__)?ORIGIN (m_interrupts):__VECTOR_RAM__
                0x00000400                __RAM_VECTOR_TABLE_SIZE = DEFINED (__flash_vector_table__)?0x0:(__interrupts_ram_end__ - __interrupts_ram_start__)

.data           0x1fff8400        0x0 load address 0x00002aa0
                0x1fff8400                . = ALIGN (0x4)
                0x1fff8400                __DATA_RAM = .
                0x1fff8400                __data_start__ = .
 *(.data)
 *(.data*)
 *(.jcr*)
                0x1fff8400                . = ALIGN (0x4)
                0x1fff8400                __data_end__ = .
                0x00002aa0                __DATA_END = (__DATA_ROM + (__data_end__ - __data_start__))
                0x00002aa0                __CODE_ROM = __DATA_END

.igot.plt       0x1fff8400        0x0
 .igot.plt      0x00000000        0x0 C:/NXP/S32DS_ARM_v2.2/S32DS/build_tools/gcc_v4.9/arm_ewl2/lib/armv7e-m/__arm_start.o

.code           0x1fff8400        0x0 load address 0x00002aa0
                0x1fff8400                . = ALIGN (0x4)
                0x1fff8400                __CODE_RAM = .
                0x1fff8400                __code_start__ = .
                0x1fff8400                __code_ram_start__ = .
 *(.code_ram)
                0x1fff8400                . = ALIGN (0x4)
                0x1fff8400                __code_end__ = .
                0x1fff8400                __code_ram_end__ = .
                0x00002aa0                __CODE_END = (__CODE_ROM + (__code_end__ - __code_start__))
                0x00002aa0                __CUSTOM_ROM = __CODE_END

.customSectionBlock
                0x20000000        0x0 load address 0x00002aa0
                0x20000000                __customSection_start__ = .
 *(.customSection)
                0x20000000                __customSection_end__ = .
                0x00002aa0                __CUSTOM_END = (__CUSTOM_ROM + (__customSection_end__ - __customSection_start__))

.bss            0x20000000       0x14
                0x20000000                . = ALIGN (0x4)
                0x20000000                __BSS_START = .
                0x20000000                __bss_start__ = .
 *(.bss)
 *(.bss*)
 .bss.argv      0x20000000        0x4 C:/NXP/S32DS_ARM_v2.2/S32DS/build_tools/gcc_v4.9/arm_ewl2/lib/armv7e-m/__arm_start.o
 .bss.color     0x20000004        0x1 ./src/main.o
 *fill*         0x20000005        0x3 
 .bss.__stdio_exit
                0x20000008        0x4 C:/NXP/S32DS_ARM_v2.2/S32DS/build_tools/gcc_v4.9/arm_ewl2/lib/armv7e-m\libc99.a(exit.o)
                0x20000008                __stdio_exit
 .bss.__console_exit
                0x2000000c        0x4 C:/NXP/S32DS_ARM_v2.2/S32DS/build_tools/gcc_v4.9/arm_ewl2/lib/armv7e-m\libc99.a(exit.o)
                0x2000000c                __console_exit
 .bss.__global_destructor_chain
                0x20000010        0x4 C:/NXP/S32DS_ARM_v2.2/S32DS/build_tools/gcc_v4.9/arm_ewl2/lib/armv7e-m\librt.a(__arm_eabi_init.o)
                0x20000010                __global_destructor_chain
 *(COMMON)
                0x20000014                . = ALIGN (0x4)
                0x20000014                __bss_end__ = .
                0x20000014                __BSS_END = .

.heap           0x20000014      0x404
                0x20000018                . = ALIGN (0x8)
 *fill*         0x20000014        0x4 
                0x20000018                __end__ = .
                0x20000018                __heap_start__ = .
                0x20000018                PROVIDE (end, .)
                0x20000018                PROVIDE (_end, .)
                0x20000018                PROVIDE (__end, .)
                0x20000018                __HeapBase = .
                0x20000418                . = (. + HEAP_SIZE)
 *fill*         0x20000018      0x400 
                0x20000418                __HeapLimit = .
                0x20000418                __heap_limit = .
                0x20000418                __heap_end__ = .
                0x20004000                __StackTop = (ORIGIN (m_data_2) + 0x4000)
                0x20003c00                __StackLimit = (__StackTop - STACK_SIZE)
                0x20004000                PROVIDE (__stack, __StackTop)
                0x20004000                __RAM_END = __StackTop

.stack          0x20003c00      0x400
                0x20003c00                . = ALIGN (0x8)
                0x20003c00                __stack_start__ = .
                0x20004000                . = (. + STACK_SIZE)
 *fill*         0x20003c00      0x400 
                0x20004000                __stack_end__ = .
                0x20000000                __START_BSS = __BSS_START
                0x20000014                __END_BSS = __BSS_END
                0x20004000                __SP_INIT = __StackTop

.ARM.attributes
                0x00000000       0x31
 *(.ARM.attributes)
 .ARM.attributes
                0x00000000       0x33 C:/NXP/S32DS_ARM_v2.2/S32DS/build_tools/gcc_v4.9/arm_ewl2/lib/armv7e-m/__arm_start.o
 .ARM.attributes
                0x00000033       0x33 ./Project_Settings/Startup_Code/startup.o
 .ARM.attributes
                0x00000066       0x1b ./Project_Settings/Startup_Code/startup_S32K144.o
 .ARM.attributes
                0x00000081       0x33 ./Project_Settings/Startup_Code/system_S32K144.o
 .ARM.attributes
                0x000000b4       0x33 ./src/main.o
 .ARM.attributes
                0x000000e7       0x33 C:/NXP/S32DS_ARM_v2.2/S32DS/build_tools/gcc_v4.9/arm_ewl2/lib/armv7e-m\libc99.a(exit.o)
 .ARM.attributes
                0x0000011a       0x33 C:/NXP/S32DS_ARM_v2.2/S32DS/build_tools/gcc_v4.9/arm_ewl2/lib/armv7e-m\libc99.a(memset.o)
 .ARM.attributes
                0x0000014d       0x33 C:/NXP/S32DS_ARM_v2.2/S32DS/build_tools/gcc_v4.9/arm_ewl2/lib/armv7e-m\libc99.a(__filll_mem.o)
 .ARM.attributes
                0x00000180       0x33 C:/NXP/S32DS_ARM_v2.2/S32DS/build_tools/gcc_v4.9/arm_ewl2/lib/armv7e-m\librt.a(gcc_ctor_dtor.o)
 .ARM.attributes
                0x000001b3       0x33 C:/NXP/S32DS_ARM_v2.2/S32DS/build_tools/gcc_v4.9/arm_ewl2/lib/armv7e-m\librt.a(__arm_eabi_init.o)
 .ARM.attributes
                0x000001e6       0x33 C:/NXP/S32DS_ARM_v2.2/S32DS/build_tools/gcc_v4.9/arm_ewl2/lib/armv7e-m\librt.a(ROMCopy.o)
 .ARM.attributes
                0x00000219       0x33 C:/NXP/S32DS_ARM_v2.2/S32DS/build_tools/gcc_v4.9/arm_ewl2/lib/armv7e-m/__arm_end.o
                0x00000001                ASSERT ((__StackLimit >= __HeapLimit), region m_data_2 overflowed with stack and heap)
OUTPUT(Hello.elf elf32-littlearm)

.debug_info     0x00000000     0x1b82
 .debug_info    0x00000000      0x144 C:/NXP/S32DS_ARM_v2.2/S32DS/build_tools/gcc_v4.9/arm_ewl2/lib/armv7e-m/__arm_start.o
 .debug_info    0x00000144      0x486 ./Project_Settings/Startup_Code/startup.o
 .debug_info    0x000005ca       0x8d ./Project_Settings/Startup_Code/startup_S32K144.o
 .debug_info    0x00000657      0x500 ./Project_Settings/Startup_Code/system_S32K144.o
 .debug_info    0x00000b57      0x6b2 ./src/main.o
 .debug_info    0x00001209      0x111 C:/NXP/S32DS_ARM_v2.2/S32DS/build_tools/gcc_v4.9/arm_ewl2/lib/armv7e-m\libc99.a(exit.o)
 .debug_info    0x0000131a       0xec C:/NXP/S32DS_ARM_v2.2/S32DS/build_tools/gcc_v4.9/arm_ewl2/lib/armv7e-m\libc99.a(memset.o)
 .debug_info    0x00001406      0x137 C:/NXP/S32DS_ARM_v2.2/S32DS/build_tools/gcc_v4.9/arm_ewl2/lib/armv7e-m\libc99.a(__filll_mem.o)
 .debug_info    0x0000153d      0x136 C:/NXP/S32DS_ARM_v2.2/S32DS/build_tools/gcc_v4.9/arm_ewl2/lib/armv7e-m\librt.a(gcc_ctor_dtor.o)
 .debug_info    0x00001673      0x2b3 C:/NXP/S32DS_ARM_v2.2/S32DS/build_tools/gcc_v4.9/arm_ewl2/lib/armv7e-m\librt.a(__arm_eabi_init.o)
 .debug_info    0x00001926      0x20e C:/NXP/S32DS_ARM_v2.2/S32DS/build_tools/gcc_v4.9/arm_ewl2/lib/armv7e-m\librt.a(ROMCopy.o)
 .debug_info    0x00001b34       0x4e C:/NXP/S32DS_ARM_v2.2/S32DS/build_tools/gcc_v4.9/arm_ewl2/lib/armv7e-m/__arm_end.o

.debug_abbrev   0x00000000      0xa10
 .debug_abbrev  0x00000000       0xc0 C:/NXP/S32DS_ARM_v2.2/S32DS/build_tools/gcc_v4.9/arm_ewl2/lib/armv7e-m/__arm_start.o
 .debug_abbrev  0x000000c0      0x101 ./Project_Settings/Startup_Code/startup.o
 .debug_abbrev  0x000001c1       0x14 ./Project_Settings/Startup_Code/startup_S32K144.o
 .debug_abbrev  0x000001d5      0x118 ./Project_Settings/Startup_Code/system_S32K144.o
 .debug_abbrev  0x000002ed      0x1e3 ./src/main.o
 .debug_abbrev  0x000004d0       0x91 C:/NXP/S32DS_ARM_v2.2/S32DS/build_tools/gcc_v4.9/arm_ewl2/lib/armv7e-m\libc99.a(exit.o)
 .debug_abbrev  0x00000561       0x62 C:/NXP/S32DS_ARM_v2.2/S32DS/build_tools/gcc_v4.9/arm_ewl2/lib/armv7e-m\libc99.a(memset.o)
 .debug_abbrev  0x000005c3       0x78 C:/NXP/S32DS_ARM_v2.2/S32DS/build_tools/gcc_v4.9/arm_ewl2/lib/armv7e-m\libc99.a(__filll_mem.o)
 .debug_abbrev  0x0000063b       0x99 C:/NXP/S32DS_ARM_v2.2/S32DS/build_tools/gcc_v4.9/arm_ewl2/lib/armv7e-m\librt.a(gcc_ctor_dtor.o)
 .debug_abbrev  0x000006d4      0x1d3 C:/NXP/S32DS_ARM_v2.2/S32DS/build_tools/gcc_v4.9/arm_ewl2/lib/armv7e-m\librt.a(__arm_eabi_init.o)
 .debug_abbrev  0x000008a7      0x11f C:/NXP/S32DS_ARM_v2.2/S32DS/build_tools/gcc_v4.9/arm_ewl2/lib/armv7e-m\librt.a(ROMCopy.o)
 .debug_abbrev  0x000009c6       0x4a C:/NXP/S32DS_ARM_v2.2/S32DS/build_tools/gcc_v4.9/arm_ewl2/lib/armv7e-m/__arm_end.o

.debug_aranges  0x00000000      0x238
 .debug_aranges
                0x00000000       0x28 C:/NXP/S32DS_ARM_v2.2/S32DS/build_tools/gcc_v4.9/arm_ewl2/lib/armv7e-m/__arm_start.o
 .debug_aranges
                0x00000028       0x20 ./Project_Settings/Startup_Code/startup.o
 .debug_aranges
                0x00000048       0x20 ./Project_Settings/Startup_Code/startup_S32K144.o
 .debug_aranges
                0x00000068       0x30 ./Project_Settings/Startup_Code/system_S32K144.o
 .debug_aranges
                0x00000098       0x68 ./src/main.o
 .debug_aranges
                0x00000100       0x28 C:/NXP/S32DS_ARM_v2.2/S32DS/build_tools/gcc_v4.9/arm_ewl2/lib/armv7e-m\libc99.a(exit.o)
 .debug_aranges
                0x00000128       0x20 C:/NXP/S32DS_ARM_v2.2/S32DS/build_tools/gcc_v4.9/arm_ewl2/lib/armv7e-m\libc99.a(memset.o)
 .debug_aranges
                0x00000148       0x20 C:/NXP/S32DS_ARM_v2.2/S32DS/build_tools/gcc_v4.9/arm_ewl2/lib/armv7e-m\libc99.a(__filll_mem.o)
 .debug_aranges
                0x00000168       0x28 C:/NXP/S32DS_ARM_v2.2/S32DS/build_tools/gcc_v4.9/arm_ewl2/lib/armv7e-m\librt.a(gcc_ctor_dtor.o)
 .debug_aranges
                0x00000190       0x58 C:/NXP/S32DS_ARM_v2.2/S32DS/build_tools/gcc_v4.9/arm_ewl2/lib/armv7e-m\librt.a(__arm_eabi_init.o)
 .debug_aranges
                0x000001e8       0x30 C:/NXP/S32DS_ARM_v2.2/S32DS/build_tools/gcc_v4.9/arm_ewl2/lib/armv7e-m\librt.a(ROMCopy.o)
 .debug_aranges
                0x00000218       0x20 C:/NXP/S32DS_ARM_v2.2/S32DS/build_tools/gcc_v4.9/arm_ewl2/lib/armv7e-m/__arm_end.o

.debug_line     0x00000000      0xd43
 .debug_line    0x00000000       0x68 C:/NXP/S32DS_ARM_v2.2/S32DS/build_tools/gcc_v4.9/arm_ewl2/lib/armv7e-m/__arm_start.o
 .debug_line    0x00000068      0x28f ./Project_Settings/Startup_Code/startup.o
 .debug_line    0x000002f7       0x94 ./Project_Settings/Startup_Code/startup_S32K144.o
 .debug_line    0x0000038b      0x2aa ./Project_Settings/Startup_Code/system_S32K144.o
 .debug_line    0x00000635      0x2dc ./src/main.o
 .debug_line    0x00000911       0xa4 C:/NXP/S32DS_ARM_v2.2/S32DS/build_tools/gcc_v4.9/arm_ewl2/lib/armv7e-m\libc99.a(exit.o)
 .debug_line    0x000009b5       0x8f C:/NXP/S32DS_ARM_v2.2/S32DS/build_tools/gcc_v4.9/arm_ewl2/lib/armv7e-m\libc99.a(memset.o)
 .debug_line    0x00000a44       0xb2 C:/NXP/S32DS_ARM_v2.2/S32DS/build_tools/gcc_v4.9/arm_ewl2/lib/armv7e-m\libc99.a(__filll_mem.o)
 .debug_line    0x00000af6       0x64 C:/NXP/S32DS_ARM_v2.2/S32DS/build_tools/gcc_v4.9/arm_ewl2/lib/armv7e-m\librt.a(gcc_ctor_dtor.o)
 .debug_line    0x00000b5a      0x107 C:/NXP/S32DS_ARM_v2.2/S32DS/build_tools/gcc_v4.9/arm_ewl2/lib/armv7e-m\librt.a(__arm_eabi_init.o)
 .debug_line    0x00000c61       0x9e C:/NXP/S32DS_ARM_v2.2/S32DS/build_tools/gcc_v4.9/arm_ewl2/lib/armv7e-m\librt.a(ROMCopy.o)
 .debug_line    0x00000cff       0x44 C:/NXP/S32DS_ARM_v2.2/S32DS/build_tools/gcc_v4.9/arm_ewl2/lib/armv7e-m/__arm_end.o

.debug_str      0x00000000    0x69ec2
 .debug_str     0x00000000      0x1f0 C:/NXP/S32DS_ARM_v2.2/S32DS/build_tools/gcc_v4.9/arm_ewl2/lib/armv7e-m/__arm_start.o
                                0x279 (size before relaxing)
 .debug_str     0x000001f0    0x693db ./Project_Settings/Startup_Code/startup.o
                              0x6948c (size before relaxing)
 .debug_str     0x000695cb      0x1f3 ./Project_Settings/Startup_Code/system_S32K144.o
                              0x692fd (size before relaxing)
 .debug_str     0x000697be      0x249 ./src/main.o
                              0x6904e (size before relaxing)
 .debug_str     0x00069a07      0x1a7 C:/NXP/S32DS_ARM_v2.2/S32DS/build_tools/gcc_v4.9/arm_ewl2/lib/armv7e-m\libc99.a(exit.o)
                                0x245 (size before relaxing)
 .debug_str     0x00069bae       0x23 C:/NXP/S32DS_ARM_v2.2/S32DS/build_tools/gcc_v4.9/arm_ewl2/lib/armv7e-m\libc99.a(memset.o)
                                0x228 (size before relaxing)
 .debug_str     0x00069bd1       0x2d C:/NXP/S32DS_ARM_v2.2/S32DS/build_tools/gcc_v4.9/arm_ewl2/lib/armv7e-m\libc99.a(__filll_mem.o)
                                0x23a (size before relaxing)
 .debug_str     0x00069bfe      0x106 C:/NXP/S32DS_ARM_v2.2/S32DS/build_tools/gcc_v4.9/arm_ewl2/lib/armv7e-m\librt.a(gcc_ctor_dtor.o)
                                0x28a (size before relaxing)
 .debug_str     0x00069d04      0x103 C:/NXP/S32DS_ARM_v2.2/S32DS/build_tools/gcc_v4.9/arm_ewl2/lib/armv7e-m\librt.a(__arm_eabi_init.o)
                                0x2be (size before relaxing)
 .debug_str     0x00069e07       0x9a C:/NXP/S32DS_ARM_v2.2/S32DS/build_tools/gcc_v4.9/arm_ewl2/lib/armv7e-m\librt.a(ROMCopy.o)
                                0x23c (size before relaxing)
 .debug_str     0x00069ea1       0x21 C:/NXP/S32DS_ARM_v2.2/S32DS/build_tools/gcc_v4.9/arm_ewl2/lib/armv7e-m/__arm_end.o
                                0x1b0 (size before relaxing)

.comment        0x00000000       0x70
 .comment       0x00000000       0x70 C:/NXP/S32DS_ARM_v2.2/S32DS/build_tools/gcc_v4.9/arm_ewl2/lib/armv7e-m/__arm_start.o
                                 0x71 (size before relaxing)
 .comment       0x00000000       0x71 ./Project_Settings/Startup_Code/startup.o
 .comment       0x00000000       0x71 ./Project_Settings/Startup_Code/system_S32K144.o
 .comment       0x00000000       0x71 ./src/main.o
 .comment       0x00000000       0x71 C:/NXP/S32DS_ARM_v2.2/S32DS/build_tools/gcc_v4.9/arm_ewl2/lib/armv7e-m\libc99.a(exit.o)
 .comment       0x00000000       0x71 C:/NXP/S32DS_ARM_v2.2/S32DS/build_tools/gcc_v4.9/arm_ewl2/lib/armv7e-m\libc99.a(memset.o)
 .comment       0x00000000       0x71 C:/NXP/S32DS_ARM_v2.2/S32DS/build_tools/gcc_v4.9/arm_ewl2/lib/armv7e-m\libc99.a(__filll_mem.o)
 .comment       0x00000000       0x71 C:/NXP/S32DS_ARM_v2.2/S32DS/build_tools/gcc_v4.9/arm_ewl2/lib/armv7e-m\librt.a(gcc_ctor_dtor.o)
 .comment       0x00000000       0x71 C:/NXP/S32DS_ARM_v2.2/S32DS/build_tools/gcc_v4.9/arm_ewl2/lib/armv7e-m\librt.a(__arm_eabi_init.o)
 .comment       0x00000000       0x71 C:/NXP/S32DS_ARM_v2.2/S32DS/build_tools/gcc_v4.9/arm_ewl2/lib/armv7e-m\librt.a(ROMCopy.o)
 .comment       0x00000000       0x71 C:/NXP/S32DS_ARM_v2.2/S32DS/build_tools/gcc_v4.9/arm_ewl2/lib/armv7e-m/__arm_end.o

.debug_frame    0x00000000      0x424
 .debug_frame   0x00000000       0x30 C:/NXP/S32DS_ARM_v2.2/S32DS/build_tools/gcc_v4.9/arm_ewl2/lib/armv7e-m/__arm_start.o
 .debug_frame   0x00000030       0x38 ./Project_Settings/Startup_Code/startup.o
 .debug_frame   0x00000068       0x80 ./Project_Settings/Startup_Code/system_S32K144.o
 .debug_frame   0x000000e8      0x15c ./src/main.o
 .debug_frame   0x00000244       0x3c C:/NXP/S32DS_ARM_v2.2/S32DS/build_tools/gcc_v4.9/arm_ewl2/lib/armv7e-m\libc99.a(exit.o)
 .debug_frame   0x00000280       0x28 C:/NXP/S32DS_ARM_v2.2/S32DS/build_tools/gcc_v4.9/arm_ewl2/lib/armv7e-m\libc99.a(memset.o)
 .debug_frame   0x000002a8       0x28 C:/NXP/S32DS_ARM_v2.2/S32DS/build_tools/gcc_v4.9/arm_ewl2/lib/armv7e-m\libc99.a(__filll_mem.o)
 .debug_frame   0x000002d0       0x40 C:/NXP/S32DS_ARM_v2.2/S32DS/build_tools/gcc_v4.9/arm_ewl2/lib/armv7e-m\librt.a(gcc_ctor_dtor.o)
 .debug_frame   0x00000310       0xac C:/NXP/S32DS_ARM_v2.2/S32DS/build_tools/gcc_v4.9/arm_ewl2/lib/armv7e-m\librt.a(__arm_eabi_init.o)
 .debug_frame   0x000003bc       0x48 C:/NXP/S32DS_ARM_v2.2/S32DS/build_tools/gcc_v4.9/arm_ewl2/lib/armv7e-m\librt.a(ROMCopy.o)
 .debug_frame   0x00000404       0x20 C:/NXP/S32DS_ARM_v2.2/S32DS/build_tools/gcc_v4.9/arm_ewl2/lib/armv7e-m/__arm_end.o

.debug_ranges   0x00000000       0x88
 .debug_ranges  0x00000000       0x10 ./Project_Settings/Startup_Code/startup.o
 .debug_ranges  0x00000010       0x20 ./Project_Settings/Startup_Code/system_S32K144.o
 .debug_ranges  0x00000030       0x58 ./src/main.o

.debug_macro    0x00000000    0x1f8f3
 .debug_macro   0x00000000       0xe9 ./Project_Settings/Startup_Code/startup.o
 .debug_macro   0x000000e9      0x868 ./Project_Settings/Startup_Code/startup.o
 .debug_macro   0x00000951       0x52 ./Project_Settings/Startup_Code/startup.o
 .debug_macro   0x000009a3       0xa0 ./Project_Settings/Startup_Code/startup.o
 .debug_macro   0x00000a43       0x16 ./Project_Settings/Startup_Code/startup.o
 .debug_macro   0x00000a59       0x5e ./Project_Settings/Startup_Code/startup.o
 .debug_macro   0x00000ab7      0x185 ./Project_Settings/Startup_Code/startup.o
 .debug_macro   0x00000c3c      0x147 ./Project_Settings/Startup_Code/startup.o
 .debug_macro   0x00000d83       0x9d ./Project_Settings/Startup_Code/startup.o
 .debug_macro   0x00000e20       0x10 ./Project_Settings/Startup_Code/startup.o
 .debug_macro   0x00000e30      0x15b ./Project_Settings/Startup_Code/startup.o
 .debug_macro   0x00000f8b       0x28 ./Project_Settings/Startup_Code/startup.o
 .debug_macro   0x00000fb3       0x58 ./Project_Settings/Startup_Code/startup.o
 .debug_macro   0x0000100b       0x10 ./Project_Settings/Startup_Code/startup.o
 .debug_macro   0x0000101b       0x7a ./Project_Settings/Startup_Code/startup.o
 .debug_macro   0x00001095     0xed32 ./Project_Settings/Startup_Code/startup.o
 .debug_macro   0x0000fdc7      0xb86 ./Project_Settings/Startup_Code/startup.o
 .debug_macro   0x0001094d       0x22 ./Project_Settings/Startup_Code/startup.o
 .debug_macro   0x0001096f       0x40 ./Project_Settings/Startup_Code/startup.o
 .debug_macro   0x000109af       0xe9 ./Project_Settings/Startup_Code/system_S32K144.o
 .debug_macro   0x00010a98       0x19 ./Project_Settings/Startup_Code/system_S32K144.o
 .debug_macro   0x00010ab1     0xed1d ./Project_Settings/Startup_Code/system_S32K144.o
 .debug_macro   0x0001f7ce       0x28 ./Project_Settings/Startup_Code/system_S32K144.o
 .debug_macro   0x0001f7f6       0xfd ./src/main.o

.debug_loc      0x00000000      0x4c0
 .debug_loc     0x00000000       0x5d C:/NXP/S32DS_ARM_v2.2/S32DS/build_tools/gcc_v4.9/arm_ewl2/lib/armv7e-m\libc99.a(exit.o)
 .debug_loc     0x0000005d       0x64 C:/NXP/S32DS_ARM_v2.2/S32DS/build_tools/gcc_v4.9/arm_ewl2/lib/armv7e-m\libc99.a(memset.o)
 .debug_loc     0x000000c1      0x16b C:/NXP/S32DS_ARM_v2.2/S32DS/build_tools/gcc_v4.9/arm_ewl2/lib/armv7e-m\libc99.a(__filll_mem.o)
 .debug_loc     0x0000022c       0x9d C:/NXP/S32DS_ARM_v2.2/S32DS/build_tools/gcc_v4.9/arm_ewl2/lib/armv7e-m\librt.a(gcc_ctor_dtor.o)
 .debug_loc     0x000002c9      0x144 C:/NXP/S32DS_ARM_v2.2/S32DS/build_tools/gcc_v4.9/arm_ewl2/lib/armv7e-m\librt.a(__arm_eabi_init.o)
 .debug_loc     0x0000040d       0xb3 C:/NXP/S32DS_ARM_v2.2/S32DS/build_tools/gcc_v4.9/arm_ewl2/lib/armv7e-m\librt.a(ROMCopy.o)
