01:16:54 **** Build of configuration Debug for project S32K144_FOTA_Bootloader ****
make -j4 all 
Invoking: Standard S32DS Print Size
arm-none-eabi-size --format=berkeley S32K144_FOTA_Bootloader.elf
   text	   data	    bss	    dec	    hex	filename
   9216	     32	   7480	  16728	   4158	S32K144_FOTA_Bootloader.elf
Finished building: S32K144_FOTA_Bootloader.siz
 
01:17:08 **** Incremental Build of configuration Debug for project Hello ****
make -j4 all 
Building file: ../src/main.c
Invoking: Standard S32DS C Compiler
arm-none-eabi-gcc "@src/main.args" -MMD -MP -MF"src/main.d" -MT"src/main.o" -o "src/main.o" "../src/main.c"
Finished building: ../src/main.c
 
Building target: Hello.elf
Invoking: Standard S32DS C Linker
arm-none-eabi-gcc -o "Hello.elf" "@Hello.args"   
Finished building target: Hello.elf
 
Invoking: Standard S32DS Print Size
arm-none-eabi-size --format=berkeley Hello.elf
   text	   data	    bss	    dec	    hex	filename
   2720	      0	   3096	   5816	   16b8	Hello.elf
Finished building: Hello.siz
 
01:17:33 **** Incremental Build of configuration Debug for project Hello ****
make -j4 all 
Invoking: Standard S32DS Print Size
arm-none-eabi-size --format=berkeley Hello.elf
   text	   data	    bss	    dec	    hex	filename
   2720	      0	   3096	   5816	   16b8	Hello.elf
Finished building: Hello.siz
 
