05:51:28 **** Build of configuration Debug for project S32K144_Project_HelloClocks ****
make -j4 all 
Building file: ../src/clocks_and_modes.c
Building file: ../src/main.c
Building file: ../Project_Settings/Startup_Code/startup.c
Invoking: Standard S32DS C Compiler
Invoking: Standard S32DS C Compiler
Invoking: Standard S32DS C Compiler
Building file: ../Project_Settings/Startup_Code/startup_S32K144.S
arm-none-eabi-gcc "@src/clocks_and_modes.args" -MMD -MP -MF"src/main.d" -MT"src/main.o" -o "src/main.o" "../src/main.c"
arm-none-eabi-gcc "@src/clocks_and_modes.args" -MMD -MP -MF"src/clocks_and_modes.d" -MT"src/clocks_and_modes.o" -o "src/clocks_and_modes.o" "../src/clocks_and_modes.c"
arm-none-eabi-gcc "@Project_Settings/Startup_Code/startup.args" -MMD -MP -MF"Project_Settings/Startup_Code/startup.d" -MT"Project_Settings/Startup_Code/startup.o" -o "Project_Settings/Startup_Code/startup.o" "../Project_Settings/Startup_Code/startup.c"
Invoking: Standard S32DS Assembler
arm-none-eabi-gcc "@Project_Settings/Startup_Code/startup_S32K144.args" -o "Project_Settings/Startup_Code/startup_S32K144.o" "../Project_Settings/Startup_Code/startup_S32K144.S"
Finished building: ../Project_Settings/Startup_Code/startup_S32K144.S
 
Building file: ../Project_Settings/Startup_Code/system_S32K144.c
Invoking: Standard S32DS C Compiler
arm-none-eabi-gcc "@Project_Settings/Startup_Code/startup.args" -MMD -MP -MF"Project_Settings/Startup_Code/system_S32K144.d" -MT"Project_Settings/Startup_Code/system_S32K144.o" -o "Project_Settings/Startup_Code/system_S32K144.o" "../Project_Settings/Startup_Code/system_S32K144.c"
Finished building: ../src/clocks_and_modes.c
Finished building: ../src/main.c
 
 
Finished building: ../Project_Settings/Startup_Code/startup.c
 
Finished building: ../Project_Settings/Startup_Code/system_S32K144.c
 
Building target: S32K144_Project_HelloClocks.elf
Invoking: Standard S32DS C Linker
arm-none-eabi-gcc -o "S32K144_Project_HelloClocks.elf" "@S32K144_Project_HelloClocks.args"   
Finished building target: S32K144_Project_HelloClocks.elf
 
Invoking: Standard S32DS Print Size
arm-none-eabi-size --format=berkeley S32K144_Project_HelloClocks.elf
   text	   data	    bss	    dec	    hex	filename
   1960	      0	   3080	   5040	   13b0	S32K144_Project_HelloClocks.elf
Finished building: S32K144_Project_HelloClocks.siz
 

05:51:30 Build Finished (took 1s.637ms)

