Archive member included to satisfy reference by file (symbol)

C:/NXP/S32DS_ARM_v2.2/S32DS/build_tools/gcc_v6.3/arm32_ewl2/lib/thumb/v7e-m\libc99.a(exit.o)
                              C:/NXP/S32DS_ARM_v2.2/S32DS/build_tools/gcc_v6.3/arm32_ewl2/lib/thumb/v7e-m/__arm_start.o (exit)
C:/NXP/S32DS_ARM_v2.2/S32DS/build_tools/gcc_v6.3/arm32_ewl2/lib/thumb/v7e-m\libc99.a(memset.o)
                              C:/NXP/S32DS_ARM_v2.2/S32DS/build_tools/gcc_v6.3/arm32_ewl2/lib/thumb/v7e-m/__arm_start.o (memset)
C:/NXP/S32DS_ARM_v2.2/S32DS/build_tools/gcc_v6.3/arm32_ewl2/lib/thumb/v7e-m\libc99.a(__filll_mem.o)
                              C:/NXP/S32DS_ARM_v2.2/S32DS/build_tools/gcc_v6.3/arm32_ewl2/lib/thumb/v7e-m\libc99.a(memset.o) (__fill_mem)
C:/NXP/S32DS_ARM_v2.2/S32DS/build_tools/gcc_v6.3/arm32_ewl2/lib/thumb/v7e-m\librt.a(gcc_ctor_dtor.o)
                              C:/NXP/S32DS_ARM_v2.2/S32DS/build_tools/gcc_v6.3/arm32_ewl2/lib/thumb/v7e-m/__arm_start.o (__init_cpp)
C:/NXP/S32DS_ARM_v2.2/S32DS/build_tools/gcc_v6.3/arm32_ewl2/lib/thumb/v7e-m\librt.a(__arm_eabi_init.o)
                              C:/NXP/S32DS_ARM_v2.2/S32DS/build_tools/gcc_v6.3/arm32_ewl2/lib/thumb/v7e-m\libc99.a(exit.o) (__destroy_global_chain)
C:/NXP/S32DS_ARM_v2.2/S32DS/build_tools/gcc_v6.3/arm32_ewl2/lib/thumb/v7e-m\librt.a(ROMCopy.o)
                              C:/NXP/S32DS_ARM_v2.2/S32DS/build_tools/gcc_v6.3/arm32_ewl2/lib/thumb/v7e-m/__arm_start.o (__copy_rom_sections_to_ram)

Discarded input sections

 .text          0x00000000        0x0 C:/NXP/S32DS_ARM_v2.2/S32DS/build_tools/gcc_v6.3/arm32_ewl2/lib/thumb/v7e-m/__arm_start.o
 .data          0x00000000        0x0 C:/NXP/S32DS_ARM_v2.2/S32DS/build_tools/gcc_v6.3/arm32_ewl2/lib/thumb/v7e-m/__arm_start.o
 .bss           0x00000000        0x0 C:/NXP/S32DS_ARM_v2.2/S32DS/build_tools/gcc_v6.3/arm32_ewl2/lib/thumb/v7e-m/__arm_start.o
 .text.__iar_program_start
                0x00000000        0x4 C:/NXP/S32DS_ARM_v2.2/S32DS/build_tools/gcc_v6.3/arm32_ewl2/lib/thumb/v7e-m/__arm_start.o
 .group         0x00000000        0x8 ./Project_Settings/Startup_Code/startup.o
 .group         0x00000000        0x8 ./Project_Settings/Startup_Code/startup.o
 .group         0x00000000        0x8 ./Project_Settings/Startup_Code/startup.o
 .group         0x00000000        0x8 ./Project_Settings/Startup_Code/startup.o
 .group         0x00000000        0x8 ./Project_Settings/Startup_Code/startup.o
 .group         0x00000000        0x8 ./Project_Settings/Startup_Code/startup.o
 .group         0x00000000        0x8 ./Project_Settings/Startup_Code/startup.o
 .group         0x00000000        0x8 ./Project_Settings/Startup_Code/startup.o
 .group         0x00000000        0x8 ./Project_Settings/Startup_Code/startup.o
 .group         0x00000000        0x8 ./Project_Settings/Startup_Code/startup.o
 .group         0x00000000        0x8 ./Project_Settings/Startup_Code/startup.o
 .group         0x00000000        0x8 ./Project_Settings/Startup_Code/startup.o
 .group         0x00000000        0x8 ./Project_Settings/Startup_Code/startup.o
 .group         0x00000000        0x8 ./Project_Settings/Startup_Code/startup.o
 .group         0x00000000        0x8 ./Project_Settings/Startup_Code/startup.o
 .group         0x00000000        0x8 ./Project_Settings/Startup_Code/startup.o
 .group         0x00000000        0x8 ./Project_Settings/Startup_Code/startup.o
 .group         0x00000000        0x8 ./Project_Settings/Startup_Code/startup.o
 .text          0x00000000        0x0 ./Project_Settings/Startup_Code/startup.o
 .data          0x00000000        0x0 ./Project_Settings/Startup_Code/startup.o
 .bss           0x00000000        0x0 ./Project_Settings/Startup_Code/startup.o
 .rodata.s_vectors
                0x00000000        0x4 ./Project_Settings/Startup_Code/startup.o
 .data          0x00000000        0x0 ./Project_Settings/Startup_Code/startup_S32K144.o
 .bss           0x00000000        0x0 ./Project_Settings/Startup_Code/startup_S32K144.o
 .FlashConfig   0x00000000       0x10 ./Project_Settings/Startup_Code/startup_S32K144.o
 .group         0x00000000        0x8 ./Project_Settings/Startup_Code/system_S32K144.o
 .group         0x00000000        0x8 ./Project_Settings/Startup_Code/system_S32K144.o
 .group         0x00000000        0x8 ./Project_Settings/Startup_Code/system_S32K144.o
 .group         0x00000000        0x8 ./Project_Settings/Startup_Code/system_S32K144.o
 .group         0x00000000        0x8 ./Project_Settings/Startup_Code/system_S32K144.o
 .group         0x00000000        0x8 ./Project_Settings/Startup_Code/system_S32K144.o
 .group         0x00000000        0x8 ./Project_Settings/Startup_Code/system_S32K144.o
 .group         0x00000000        0x8 ./Project_Settings/Startup_Code/system_S32K144.o
 .group         0x00000000        0x8 ./Project_Settings/Startup_Code/system_S32K144.o
 .group         0x00000000        0x8 ./Project_Settings/Startup_Code/system_S32K144.o
 .group         0x00000000        0x8 ./Project_Settings/Startup_Code/system_S32K144.o
 .group         0x00000000        0x8 ./Project_Settings/Startup_Code/system_S32K144.o
 .group         0x00000000        0x8 ./Project_Settings/Startup_Code/system_S32K144.o
 .group         0x00000000        0x8 ./Project_Settings/Startup_Code/system_S32K144.o
 .group         0x00000000        0x8 ./Project_Settings/Startup_Code/system_S32K144.o
 .group         0x00000000        0x8 ./Project_Settings/Startup_Code/system_S32K144.o
 .group         0x00000000        0x8 ./Project_Settings/Startup_Code/system_S32K144.o
 .group         0x00000000        0x8 ./Project_Settings/Startup_Code/system_S32K144.o
 .group         0x00000000        0x8 ./Project_Settings/Startup_Code/system_S32K144.o
 .text          0x00000000        0x0 ./Project_Settings/Startup_Code/system_S32K144.o
 .data          0x00000000        0x0 ./Project_Settings/Startup_Code/system_S32K144.o
 .bss           0x00000000        0x0 ./Project_Settings/Startup_Code/system_S32K144.o
 .data.SystemCoreClock
                0x00000000        0x4 ./Project_Settings/Startup_Code/system_S32K144.o
 .text.SystemCoreClockUpdate
                0x00000000       0xf0 ./Project_Settings/Startup_Code/system_S32K144.o
 .text.SystemSoftwareReset
                0x00000000       0x3e ./Project_Settings/Startup_Code/system_S32K144.o
 .rodata.fircFreq.5162
                0x00000000        0x4 ./Project_Settings/Startup_Code/system_S32K144.o
 .debug_macro   0x00000000      0x8d4 ./Project_Settings/Startup_Code/system_S32K144.o
 .debug_macro   0x00000000       0x52 ./Project_Settings/Startup_Code/system_S32K144.o
 .debug_macro   0x00000000       0xa0 ./Project_Settings/Startup_Code/system_S32K144.o
 .debug_macro   0x00000000       0x16 ./Project_Settings/Startup_Code/system_S32K144.o
 .debug_macro   0x00000000       0x10 ./Project_Settings/Startup_Code/system_S32K144.o
 .debug_macro   0x00000000       0x6d ./Project_Settings/Startup_Code/system_S32K144.o
 .debug_macro   0x00000000       0x5e ./Project_Settings/Startup_Code/system_S32K144.o
 .debug_macro   0x00000000      0x185 ./Project_Settings/Startup_Code/system_S32K144.o
 .debug_macro   0x00000000      0x147 ./Project_Settings/Startup_Code/system_S32K144.o
 .debug_macro   0x00000000       0x9d ./Project_Settings/Startup_Code/system_S32K144.o
 .debug_macro   0x00000000       0x10 ./Project_Settings/Startup_Code/system_S32K144.o
 .debug_macro   0x00000000      0x15b ./Project_Settings/Startup_Code/system_S32K144.o
 .debug_macro   0x00000000       0x28 ./Project_Settings/Startup_Code/system_S32K144.o
 .debug_macro   0x00000000       0x58 ./Project_Settings/Startup_Code/system_S32K144.o
 .debug_macro   0x00000000      0xb55 ./Project_Settings/Startup_Code/system_S32K144.o
 .debug_macro   0x00000000       0x22 ./Project_Settings/Startup_Code/system_S32K144.o
 .group         0x00000000        0x8 ./src/main.o
 .group         0x00000000        0x8 ./src/main.o
 .group         0x00000000        0x8 ./src/main.o
 .group         0x00000000        0x8 ./src/main.o
 .group         0x00000000        0x8 ./src/main.o
 .group         0x00000000        0x8 ./src/main.o
 .group         0x00000000        0x8 ./src/main.o
 .group         0x00000000        0x8 ./src/main.o
 .group         0x00000000        0x8 ./src/main.o
 .group         0x00000000        0x8 ./src/main.o
 .group         0x00000000        0x8 ./src/main.o
 .group         0x00000000        0x8 ./src/main.o
 .group         0x00000000        0x8 ./src/main.o
 .group         0x00000000        0x8 ./src/main.o
 .text          0x00000000        0x0 ./src/main.o
 .data          0x00000000        0x0 ./src/main.o
 .bss           0x00000000        0x0 ./src/main.o
 .debug_macro   0x00000000      0x8d4 ./src/main.o
 .debug_macro   0x00000000       0x52 ./src/main.o
 .debug_macro   0x00000000       0xa0 ./src/main.o
 .debug_macro   0x00000000       0x16 ./src/main.o
 .debug_macro   0x00000000       0x19 ./src/main.o
 .debug_macro   0x00000000       0x5e ./src/main.o
 .debug_macro   0x00000000      0x185 ./src/main.o
 .debug_macro   0x00000000      0x147 ./src/main.o
 .debug_macro   0x00000000       0x9d ./src/main.o
 .debug_macro   0x00000000       0x10 ./src/main.o
 .debug_macro   0x00000000      0x15b ./src/main.o
 .debug_macro   0x00000000       0x28 ./src/main.o
 .debug_macro   0x00000000       0x58 ./src/main.o
 .debug_macro   0x00000000     0xed1d ./src/main.o
 .text          0x00000000        0x0 C:/NXP/S32DS_ARM_v2.2/S32DS/build_tools/gcc_v6.3/arm32_ewl2/lib/thumb/v7e-m\libc99.a(exit.o)
 .data          0x00000000        0x0 C:/NXP/S32DS_ARM_v2.2/S32DS/build_tools/gcc_v6.3/arm32_ewl2/lib/thumb/v7e-m\libc99.a(exit.o)
 .bss           0x00000000        0x0 C:/NXP/S32DS_ARM_v2.2/S32DS/build_tools/gcc_v6.3/arm32_ewl2/lib/thumb/v7e-m\libc99.a(exit.o)
 .text._Exit    0x00000000        0x4 C:/NXP/S32DS_ARM_v2.2/S32DS/build_tools/gcc_v6.3/arm32_ewl2/lib/thumb/v7e-m\libc99.a(exit.o)
 .text          0x00000000        0x0 C:/NXP/S32DS_ARM_v2.2/S32DS/build_tools/gcc_v6.3/arm32_ewl2/lib/thumb/v7e-m\libc99.a(memset.o)
 .data          0x00000000        0x0 C:/NXP/S32DS_ARM_v2.2/S32DS/build_tools/gcc_v6.3/arm32_ewl2/lib/thumb/v7e-m\libc99.a(memset.o)
 .bss           0x00000000        0x0 C:/NXP/S32DS_ARM_v2.2/S32DS/build_tools/gcc_v6.3/arm32_ewl2/lib/thumb/v7e-m\libc99.a(memset.o)
 .text          0x00000000        0x0 C:/NXP/S32DS_ARM_v2.2/S32DS/build_tools/gcc_v6.3/arm32_ewl2/lib/thumb/v7e-m\libc99.a(__filll_mem.o)
 .data          0x00000000        0x0 C:/NXP/S32DS_ARM_v2.2/S32DS/build_tools/gcc_v6.3/arm32_ewl2/lib/thumb/v7e-m\libc99.a(__filll_mem.o)
 .bss           0x00000000        0x0 C:/NXP/S32DS_ARM_v2.2/S32DS/build_tools/gcc_v6.3/arm32_ewl2/lib/thumb/v7e-m\libc99.a(__filll_mem.o)
 .text          0x00000000        0x0 C:/NXP/S32DS_ARM_v2.2/S32DS/build_tools/gcc_v6.3/arm32_ewl2/lib/thumb/v7e-m\librt.a(gcc_ctor_dtor.o)
 .data          0x00000000        0x0 C:/NXP/S32DS_ARM_v2.2/S32DS/build_tools/gcc_v6.3/arm32_ewl2/lib/thumb/v7e-m\librt.a(gcc_ctor_dtor.o)
 .bss           0x00000000        0x0 C:/NXP/S32DS_ARM_v2.2/S32DS/build_tools/gcc_v6.3/arm32_ewl2/lib/thumb/v7e-m\librt.a(gcc_ctor_dtor.o)
 .bss.__dso_handle
                0x00000000        0x4 C:/NXP/S32DS_ARM_v2.2/S32DS/build_tools/gcc_v6.3/arm32_ewl2/lib/thumb/v7e-m\librt.a(gcc_ctor_dtor.o)
 .text          0x00000000        0x0 C:/NXP/S32DS_ARM_v2.2/S32DS/build_tools/gcc_v6.3/arm32_ewl2/lib/thumb/v7e-m\librt.a(__arm_eabi_init.o)
 .data          0x00000000        0x0 C:/NXP/S32DS_ARM_v2.2/S32DS/build_tools/gcc_v6.3/arm32_ewl2/lib/thumb/v7e-m\librt.a(__arm_eabi_init.o)
 .bss           0x00000000        0x0 C:/NXP/S32DS_ARM_v2.2/S32DS/build_tools/gcc_v6.3/arm32_ewl2/lib/thumb/v7e-m\librt.a(__arm_eabi_init.o)
 .text.__register_global_object
                0x00000000       0x14 C:/NXP/S32DS_ARM_v2.2/S32DS/build_tools/gcc_v6.3/arm32_ewl2/lib/thumb/v7e-m\librt.a(__arm_eabi_init.o)
 .text.__cxa_atexit
                0x00000000       0x38 C:/NXP/S32DS_ARM_v2.2/S32DS/build_tools/gcc_v6.3/arm32_ewl2/lib/thumb/v7e-m\librt.a(__arm_eabi_init.o)
 .text.__aeabi_atexit
                0x00000000        0xa C:/NXP/S32DS_ARM_v2.2/S32DS/build_tools/gcc_v6.3/arm32_ewl2/lib/thumb/v7e-m\librt.a(__arm_eabi_init.o)
 .text.__register_atexit
                0x00000000        0x8 C:/NXP/S32DS_ARM_v2.2/S32DS/build_tools/gcc_v6.3/arm32_ewl2/lib/thumb/v7e-m\librt.a(__arm_eabi_init.o)
 .bss.atexit_curr_func
                0x00000000        0x4 C:/NXP/S32DS_ARM_v2.2/S32DS/build_tools/gcc_v6.3/arm32_ewl2/lib/thumb/v7e-m\librt.a(__arm_eabi_init.o)
 .bss.atexit_funcs
                0x00000000      0x300 C:/NXP/S32DS_ARM_v2.2/S32DS/build_tools/gcc_v6.3/arm32_ewl2/lib/thumb/v7e-m\librt.a(__arm_eabi_init.o)
 .text          0x00000000        0x0 C:/NXP/S32DS_ARM_v2.2/S32DS/build_tools/gcc_v6.3/arm32_ewl2/lib/thumb/v7e-m\librt.a(ROMCopy.o)
 .data          0x00000000        0x0 C:/NXP/S32DS_ARM_v2.2/S32DS/build_tools/gcc_v6.3/arm32_ewl2/lib/thumb/v7e-m\librt.a(ROMCopy.o)
 .bss           0x00000000        0x0 C:/NXP/S32DS_ARM_v2.2/S32DS/build_tools/gcc_v6.3/arm32_ewl2/lib/thumb/v7e-m\librt.a(ROMCopy.o)
 .text.__flush_cache
                0x00000000        0x2 C:/NXP/S32DS_ARM_v2.2/S32DS/build_tools/gcc_v6.3/arm32_ewl2/lib/thumb/v7e-m\librt.a(ROMCopy.o)
 .text          0x00000000        0x0 C:/NXP/S32DS_ARM_v2.2/S32DS/build_tools/gcc_v6.3/arm32_ewl2/lib/thumb/v7e-m/__arm_end.o
 .data          0x00000000        0x0 C:/NXP/S32DS_ARM_v2.2/S32DS/build_tools/gcc_v6.3/arm32_ewl2/lib/thumb/v7e-m/__arm_end.o
 .bss           0x00000000        0x0 C:/NXP/S32DS_ARM_v2.2/S32DS/build_tools/gcc_v6.3/arm32_ewl2/lib/thumb/v7e-m/__arm_end.o

Memory Configuration

Name             Origin             Length             Attributes
m_interrupts     0x1fff8000         0x00000400         xr
m_text           0x1fff8400         0x00007c00         xr
m_data           0x20000000         0x00007000         rw
*default*        0x00000000         0xffffffff

Linker script and memory map

LOAD C:/NXP/S32DS_ARM_v2.2/S32DS/build_tools/gcc_v6.3/arm32_ewl2/lib/thumb/v7e-m/__arm_start.o
LOAD ./Project_Settings/Startup_Code/startup.o
LOAD ./Project_Settings/Startup_Code/startup_S32K144.o
LOAD ./Project_Settings/Startup_Code/system_S32K144.o
LOAD ./src/main.o
START GROUP
LOAD C:/NXP/S32DS_ARM_v2.2/S32DS/build_tools/gcc_v6.3/arm32_ewl2/lib/thumb/v7e-m\libc99.a
LOAD C:/NXP/S32DS_ARM_v2.2/S32DS/build_tools/gcc_v6.3/arm32_ewl2/lib/thumb/v7e-m\libm.a
LOAD c:/nxp/s32ds_arm_v2.2/s32ds/build_tools/gcc_v6.3/gcc-6.3-arm32-eabi/bin/../lib/gcc/arm-none-eabi/6.3.1/thumb/v7e-m\libgcc.a
LOAD C:/NXP/S32DS_ARM_v2.2/S32DS/build_tools/gcc_v6.3/arm32_ewl2/lib/thumb/v7e-m\librt.a
LOAD C:/NXP/S32DS_ARM_v2.2/S32DS/build_tools/gcc_v6.3/arm32_ewl2/lib/thumb/v7e-m\libnoio.a
END GROUP
LOAD C:/NXP/S32DS_ARM_v2.2/S32DS/build_tools/gcc_v6.3/arm32_ewl2/lib/thumb/v7e-m/__arm_end.o
                0x00000400                HEAP_SIZE = DEFINED (__heap_size__)?__heap_size__:0x400
                0x00000400                STACK_SIZE = DEFINED (__stack_size__)?__stack_size__:0x400

.interrupts     0x1fff8000      0x400
                0x1fff8000                __VECTOR_TABLE = .
                0x1fff8000                __interrupts_start__ = .
                0x1fff8000                . = ALIGN (0x4)
 *(.isr_vector)
 .isr_vector    0x1fff8000      0x400 ./Project_Settings/Startup_Code/startup_S32K144.o
                0x1fff8000                __isr_vector
                0x1fff8400                __interrupts_end__ = .
                0x1fff8400                . = ALIGN (0x4)
                0x1fff8000                __VECTOR_RAM = __VECTOR_TABLE
                0x00000000                __RAM_VECTOR_TABLE_SIZE = 0x0

.text           0x1fff8400      0x444
                0x1fff8400                . = ALIGN (0x4)
 *(.text)
 .text          0x1fff8400       0x4c ./Project_Settings/Startup_Code/startup_S32K144.o
                0x1fff8400                Reset_Handler
                0x1fff8448                DebugMon_Handler
                0x1fff8448                Reserved88_IRQHandler
                0x1fff8448                CAN0_ORed_IRQHandler
                0x1fff8448                HardFault_Handler
                0x1fff8448                Reserved86_IRQHandler
                0x1fff8448                Reserved103_IRQHandler
                0x1fff8448                SysTick_Handler
                0x1fff8448                FTM2_Ovf_Reload_IRQHandler
                0x1fff8448                Reserved50_IRQHandler
                0x1fff8448                FTFC_Fault_IRQHandler
                0x1fff8448                FTM0_Ch6_Ch7_IRQHandler
                0x1fff8448                Reserved114_IRQHandler
                0x1fff8448                PendSV_Handler
                0x1fff8448                NMI_Handler
                0x1fff8448                Reserved89_IRQHandler
                0x1fff8448                ERM_double_fault_IRQHandler
                0x1fff8448                DMA2_IRQHandler
                0x1fff8448                Reserved59_IRQHandler
                0x1fff8448                LPIT0_Ch0_IRQHandler
                0x1fff8448                Reserved99_IRQHandler
                0x1fff8448                FTM3_Ch6_Ch7_IRQHandler
                0x1fff8448                CAN2_ORed_0_15_MB_IRQHandler
                0x1fff8448                LPIT0_Ch3_IRQHandler
                0x1fff8448                Reserved92_IRQHandler
                0x1fff8448                FTM0_Ch4_Ch5_IRQHandler
                0x1fff8448                CAN1_Error_IRQHandler
                0x1fff8448                FTM3_Ch0_Ch1_IRQHandler
                0x1fff8448                SWI_IRQHandler
                0x1fff8448                ADC0_IRQHandler
                0x1fff8448                FTM2_Ch4_Ch5_IRQHandler
                0x1fff8448                UsageFault_Handler
                0x1fff8448                FTM0_Ovf_Reload_IRQHandler
                0x1fff8448                DefaultISR
                0x1fff8448                DMA9_IRQHandler
                0x1fff8448                Reserved58_IRQHandler
                0x1fff8448                CAN1_ORed_0_15_MB_IRQHandler
                0x1fff8448                FTM1_Ch2_Ch3_IRQHandler
                0x1fff8448                DMA14_IRQHandler
                0x1fff8448                Reserved82_IRQHandler
                0x1fff8448                CAN0_ORed_16_31_MB_IRQHandler
                0x1fff8448                LPI2C0_Slave_IRQHandler
                0x1fff8448                Reserved71_IRQHandler
                0x1fff8448                PORTD_IRQHandler
                0x1fff8448                Reserved69_IRQHandler
                0x1fff8448                PORTB_IRQHandler
                0x1fff8448                Reserved70_IRQHandler
                0x1fff8448                ADC1_IRQHandler
                0x1fff8448                FTM2_Ch2_Ch3_IRQHandler
                0x1fff8448                Reserved53_IRQHandler
                0x1fff8448                DMA5_IRQHandler
                0x1fff8448                RTC_IRQHandler
                0x1fff8448                PDB0_IRQHandler
                0x1fff8448                Reserved54_IRQHandler
                0x1fff8448                FTM2_Ch6_Ch7_IRQHandler
                0x1fff8448                FTM3_Ch2_Ch3_IRQHandler
                0x1fff8448                FTM2_Ch0_Ch1_IRQHandler
                0x1fff8448                LPSPI1_IRQHandler
                0x1fff8448                LPUART1_RxTx_IRQHandler
                0x1fff8448                RTC_Seconds_IRQHandler
                0x1fff8448                CAN2_ORed_IRQHandler
                0x1fff8448                Reserved72_IRQHandler
                0x1fff8448                Reserved110_IRQHandler
                0x1fff8448                DMA11_IRQHandler
                0x1fff8448                Reserved107_IRQHandler
                0x1fff8448                Read_Collision_IRQHandler
                0x1fff8448                CAN2_Error_IRQHandler
                0x1fff8448                FTFC_IRQHandler
                0x1fff8448                DMA7_IRQHandler
                0x1fff8448                FTM1_Ch6_Ch7_IRQHandler
                0x1fff8448                Reserved105_IRQHandler
                0x1fff8448                LPIT0_Ch1_IRQHandler
                0x1fff8448                FTM1_Ch4_Ch5_IRQHandler
                0x1fff8448                FTM3_Ovf_Reload_IRQHandler
                0x1fff8448                LPUART2_RxTx_IRQHandler
                0x1fff8448                LPSPI0_IRQHandler
                0x1fff8448                WDOG_EWM_IRQHandler
                0x1fff8448                MemManage_Handler
                0x1fff8448                Reserved90_IRQHandler
                0x1fff8448                Reserved83_IRQHandler
                0x1fff8448                FTM0_Fault_IRQHandler
                0x1fff8448                Reserved48_IRQHandler
                0x1fff8448                SVC_Handler
                0x1fff8448                ERM_single_fault_IRQHandler
                0x1fff8448                FTM2_Fault_IRQHandler
                0x1fff8448                FTM0_Ch2_Ch3_IRQHandler
                0x1fff8448                DMA13_IRQHandler
                0x1fff8448                FTM0_Ch0_Ch1_IRQHandler
                0x1fff8448                FTM3_Fault_IRQHandler
                0x1fff8448                RCM_IRQHandler
                0x1fff8448                DMA3_IRQHandler
                0x1fff8448                Reserved100_IRQHandler
                0x1fff8448                DMA0_IRQHandler
                0x1fff8448                Reserved91_IRQHandler
                0x1fff8448                CAN1_ORed_IRQHandler
                0x1fff8448                DMA15_IRQHandler
                0x1fff8448                SCG_IRQHandler
                0x1fff8448                PDB1_IRQHandler
                0x1fff8448                Reserved81_IRQHandler
                0x1fff8448                Reserved46_IRQHandler
                0x1fff8448                Reserved45_IRQHandler
                0x1fff8448                CAN0_Error_IRQHandler
                0x1fff8448                Reserved112_IRQHandler
                0x1fff8448                LPI2C0_Master_IRQHandler
                0x1fff8448                DMA4_IRQHandler
                0x1fff8448                FTM1_Fault_IRQHandler
                0x1fff8448                Reserved106_IRQHandler
                0x1fff8448                DMA_Error_IRQHandler
                0x1fff8448                LVD_LVW_IRQHandler
                0x1fff8448                LPIT0_Ch2_IRQHandler
                0x1fff8448                PORTA_IRQHandler
                0x1fff8448                MCM_IRQHandler
                0x1fff8448                LPSPI2_IRQHandler
                0x1fff8448                DMA12_IRQHandler
                0x1fff8448                FTM3_Ch4_Ch5_IRQHandler
                0x1fff8448                CAN0_ORed_0_15_MB_IRQHandler
                0x1fff8448                PORTE_IRQHandler
                0x1fff8448                LPUART0_RxTx_IRQHandler
                0x1fff8448                LPTMR0_IRQHandler
                0x1fff8448                BusFault_Handler
                0x1fff8448                Reserved87_IRQHandler
                0x1fff8448                FTM1_Ovf_Reload_IRQHandler
                0x1fff8448                DMA8_IRQHandler
                0x1fff8448                Reserved93_IRQHandler
                0x1fff8448                DMA10_IRQHandler
                0x1fff8448                CAN0_Wake_Up_IRQHandler
                0x1fff8448                CMP0_IRQHandler
                0x1fff8448                Reserved52_IRQHandler
                0x1fff8448                PORTC_IRQHandler
                0x1fff8448                DMA6_IRQHandler
                0x1fff8448                FTM1_Ch0_Ch1_IRQHandler
                0x1fff8448                FLEXIO_IRQHandler
                0x1fff8448                DMA1_IRQHandler
                0x1fff8448                Reserved113_IRQHandler
 *(.text*)
 .text.__thumb_startup
                0x1fff844c       0x3c C:/NXP/S32DS_ARM_v2.2/S32DS/build_tools/gcc_v6.3/arm32_ewl2/lib/thumb/v7e-m/__arm_start.o
                0x1fff844c                _start
                0x1fff844c                __thumb_startup
 .text.init_data_bss
                0x1fff8488      0x128 ./Project_Settings/Startup_Code/startup.o
                0x1fff8488                init_data_bss
 .text.SystemInit
                0x1fff85b0       0x30 ./Project_Settings/Startup_Code/system_S32K144.o
                0x1fff85b0                SystemInit
 .text.configure_part_CSEc
                0x1fff85e0       0x70 ./src/main.o
                0x1fff85e0                configure_part_CSEc
 .text.main     0x1fff8650       0x14 ./src/main.o
                0x1fff8650                main
 .text.exit     0x1fff8664       0x38 C:/NXP/S32DS_ARM_v2.2/S32DS/build_tools/gcc_v6.3/arm32_ewl2/lib/thumb/v7e-m\libc99.a(exit.o)
                0x1fff8664                exit
 .text.memset   0x1fff869c        0xc C:/NXP/S32DS_ARM_v2.2/S32DS/build_tools/gcc_v6.3/arm32_ewl2/lib/thumb/v7e-m\libc99.a(memset.o)
                0x1fff869c                memset
 .text.__fill_mem
                0x1fff86a8       0x70 C:/NXP/S32DS_ARM_v2.2/S32DS/build_tools/gcc_v6.3/arm32_ewl2/lib/thumb/v7e-m\libc99.a(__filll_mem.o)
                0x1fff86a8                __fill_mem
 .text.__init_cpp
                0x1fff8718       0x4c C:/NXP/S32DS_ARM_v2.2/S32DS/build_tools/gcc_v6.3/arm32_ewl2/lib/thumb/v7e-m\librt.a(gcc_ctor_dtor.o)
                0x1fff8718                __init_cpp
 .text.__fini_cpp
                0x1fff8764       0x34 C:/NXP/S32DS_ARM_v2.2/S32DS/build_tools/gcc_v6.3/arm32_ewl2/lib/thumb/v7e-m\librt.a(gcc_ctor_dtor.o)
                0x1fff8764                __fini_cpp
 .text.__destroy_global_chain
                0x1fff8798       0x18 C:/NXP/S32DS_ARM_v2.2/S32DS/build_tools/gcc_v6.3/arm32_ewl2/lib/thumb/v7e-m\librt.a(__arm_eabi_init.o)
                0x1fff8798                __destroy_global_chain
 .text.__init_registers
                0x1fff87b0       0x20 C:/NXP/S32DS_ARM_v2.2/S32DS/build_tools/gcc_v6.3/arm32_ewl2/lib/thumb/v7e-m\librt.a(__arm_eabi_init.o)
                0x1fff87b0                __init_registers
 .text.__init_user
                0x1fff87d0        0x4 C:/NXP/S32DS_ARM_v2.2/S32DS/build_tools/gcc_v6.3/arm32_ewl2/lib/thumb/v7e-m\librt.a(__arm_eabi_init.o)
                0x1fff87d0                __init_user
 .text.__init_hardware
                0x1fff87d4        0x4 C:/NXP/S32DS_ARM_v2.2/S32DS/build_tools/gcc_v6.3/arm32_ewl2/lib/thumb/v7e-m\librt.a(__arm_eabi_init.o)
                0x1fff87d4                __init_hardware
 .text.__copy_rom_section
                0x1fff87d8       0x42 C:/NXP/S32DS_ARM_v2.2/S32DS/build_tools/gcc_v6.3/arm32_ewl2/lib/thumb/v7e-m\librt.a(ROMCopy.o)
                0x1fff87d8                __copy_rom_section
 *fill*         0x1fff881a        0x2 
 .text.__copy_rom_sections_to_ram
                0x1fff881c       0x24 C:/NXP/S32DS_ARM_v2.2/S32DS/build_tools/gcc_v6.3/arm32_ewl2/lib/thumb/v7e-m\librt.a(ROMCopy.o)
                0x1fff881c                __copy_rom_sections_to_ram
 .text._ExitProcess
                0x1fff8840        0x2 C:/NXP/S32DS_ARM_v2.2/S32DS/build_tools/gcc_v6.3/arm32_ewl2/lib/thumb/v7e-m/__arm_end.o
                0x1fff8840                _ExitProcess
 *(.rodata)
 *(.rodata*)
 *(.glue_7)
 .glue_7        0x1fff8842        0x0 linker stubs
 *(.glue_7t)
 .glue_7t       0x1fff8842        0x0 linker stubs
 *(.eh_frame)
 *(.init)
 *(.fini)
                0x1fff8844                . = ALIGN (0x4)
 *fill*         0x1fff8842        0x2 

.vfp11_veneer   0x1fff8844        0x0
 .vfp11_veneer  0x1fff8844        0x0 linker stubs

.v4_bx          0x1fff8844        0x0
 .v4_bx         0x1fff8844        0x0 linker stubs

.iplt           0x1fff8844        0x0
 .iplt          0x1fff8844        0x0 C:/NXP/S32DS_ARM_v2.2/S32DS/build_tools/gcc_v6.3/arm32_ewl2/lib/thumb/v7e-m/__arm_start.o

.rel.dyn        0x1fff8844        0x0
 .rel.iplt      0x1fff8844        0x0 C:/NXP/S32DS_ARM_v2.2/S32DS/build_tools/gcc_v6.3/arm32_ewl2/lib/thumb/v7e-m/__arm_start.o

.code_ram       0x1fff8844        0x0
                0x1fff8844                . = ALIGN (0x4)
                0x1fff8844                __CODE_RAM = .
                0x1fff8844                __code_ram_start__ = .
 *(.code_ram)
                0x1fff8844                __CODE_ROM = .
                0x1fff8844                __CODE_END = .
                0x1fff8844                __code_ram_end__ = .
                0x1fff8844                . = ALIGN (0x4)

.ARM.extab
 *(.ARM.extab* .gnu.linkonce.armextab.*)

.ARM            0x1fff8844        0x0
                0x1fff8844                __exidx_start = .
 *(.ARM.exidx*)
                0x1fff8844                __exidx_end = .

.ctors          0x1fff8844        0x0
                0x1fff8844                __CTOR_LIST__ = .
 *crtbegin.o(.ctors)
 *crtbegin?.o(.ctors)
 *(EXCLUDE_FILE(*crtend.o *crtend?.o) .ctors)
 *(SORT(.ctors.*))
 *(.ctors)
                0x1fff8844                __CTOR_END__ = .

.dtors          0x1fff8844        0x0
                0x1fff8844                __DTOR_LIST__ = .
 *crtbegin.o(.dtors)
 *crtbegin?.o(.dtors)
 *(EXCLUDE_FILE(*crtend.o *crtend?.o) .dtors)
 *(SORT(.dtors.*))
 *(.dtors)
                0x1fff8844                __DTOR_END__ = .

.preinit_array  0x1fff8844        0x0
                0x1fff8844                PROVIDE (__preinit_array_start, .)
 *(.preinit_array*)
                0x1fff8844                PROVIDE (__preinit_array_end, .)

.init_array     0x1fff8844        0x0
                0x1fff8844                PROVIDE (__init_array_start, .)
 *(SORT(.init_array.*))
 *(.init_array*)
                0x1fff8844                PROVIDE (__init_array_end, .)

.fini_array     0x1fff8844        0x0
                0x1fff8844                PROVIDE (__fini_array_start, .)
 *(SORT(.fini_array.*))
 *(.fini_array*)
                0x1fff8844                PROVIDE (__fini_array_end, .)
                0x1fff8844                __etext = .
                0x1fff8844                __DATA_ROM = .
                0x1fff8844                __DATA_END = __DATA_ROM

.customSectionBlock
                0x20000000        0x0
                0x20000000                __customSection_start__ = .
 *(.customSection)
                0x20000000                __customSection_end__ = .
                0x20000000                __CUSTOM_ROM = .
                0x20000000                __CUSTOM_END = .

.data           0x20000000        0x0
                0x20000000                . = ALIGN (0x4)
                0x20000000                __DATA_RAM = .
                0x20000000                __data_start__ = .
 *(.data)
 *(.data*)
 *(.jcr*)
                0x20000000                . = ALIGN (0x4)
                0x20000000                __data_end__ = .

.igot.plt       0x20000000        0x0
 .igot.plt      0x20000000        0x0 C:/NXP/S32DS_ARM_v2.2/S32DS/build_tools/gcc_v6.3/arm32_ewl2/lib/thumb/v7e-m/__arm_start.o

.bss            0x20000000       0x10
                0x20000000                . = ALIGN (0x4)
                0x20000000                __BSS_START = .
                0x20000000                __bss_start__ = .
 *(.bss)
 *(.bss*)
 .bss.argv      0x20000000        0x4 C:/NXP/S32DS_ARM_v2.2/S32DS/build_tools/gcc_v6.3/arm32_ewl2/lib/thumb/v7e-m/__arm_start.o
 .bss.__console_exit
                0x20000004        0x4 C:/NXP/S32DS_ARM_v2.2/S32DS/build_tools/gcc_v6.3/arm32_ewl2/lib/thumb/v7e-m\libc99.a(exit.o)
                0x20000004                __console_exit
 .bss.__stdio_exit
                0x20000008        0x4 C:/NXP/S32DS_ARM_v2.2/S32DS/build_tools/gcc_v6.3/arm32_ewl2/lib/thumb/v7e-m\libc99.a(exit.o)
                0x20000008                __stdio_exit
 .bss.__global_destructor_chain
                0x2000000c        0x4 C:/NXP/S32DS_ARM_v2.2/S32DS/build_tools/gcc_v6.3/arm32_ewl2/lib/thumb/v7e-m\librt.a(__arm_eabi_init.o)
                0x2000000c                __global_destructor_chain
 *(COMMON)
                0x20000010                . = ALIGN (0x4)
                0x20000010                __bss_end__ = .
                0x20000010                __BSS_END = .

.heap           0x20000010      0x400
                0x20000010                . = ALIGN (0x8)
                0x20000010                __end__ = .
                0x20000010                __heap_start__ = .
                [!provide]                PROVIDE (end, .)
                [!provide]                PROVIDE (_end, .)
                [!provide]                PROVIDE (__end, .)
                0x20000010                __HeapBase = .
                0x20000410                . = (. + HEAP_SIZE)
 *fill*         0x20000010      0x400 
                0x20000410                __HeapLimit = .
                0x20000410                __heap_limit = .
                0x20000410                __heap_end__ = .
                0x20007000                __StackTop = (ORIGIN (m_data) + LENGTH (m_data))
                0x20006c00                __StackLimit = (__StackTop - STACK_SIZE)
                [!provide]                PROVIDE (__stack, __StackTop)

.stack          0x20006c00      0x400
                0x20006c00                . = ALIGN (0x8)
                0x20006c00                __stack_start__ = .
                0x20007000                . = (. + STACK_SIZE)
 *fill*         0x20006c00      0x400 
                0x20007000                __stack_end__ = .
                0x20000000                __START_BSS = __BSS_START
                0x20000010                __END_BSS = __BSS_END
                0x20007000                __SP_INIT = __StackTop

.ARM.attributes
                0x00000000       0x31
 *(.ARM.attributes)
 .ARM.attributes
                0x00000000       0x33 C:/NXP/S32DS_ARM_v2.2/S32DS/build_tools/gcc_v6.3/arm32_ewl2/lib/thumb/v7e-m/__arm_start.o
 .ARM.attributes
                0x00000033       0x33 ./Project_Settings/Startup_Code/startup.o
 .ARM.attributes
                0x00000066       0x1b ./Project_Settings/Startup_Code/startup_S32K144.o
 .ARM.attributes
                0x00000081       0x33 ./Project_Settings/Startup_Code/system_S32K144.o
 .ARM.attributes
                0x000000b4       0x33 ./src/main.o
 .ARM.attributes
                0x000000e7       0x33 C:/NXP/S32DS_ARM_v2.2/S32DS/build_tools/gcc_v6.3/arm32_ewl2/lib/thumb/v7e-m\libc99.a(exit.o)
 .ARM.attributes
                0x0000011a       0x33 C:/NXP/S32DS_ARM_v2.2/S32DS/build_tools/gcc_v6.3/arm32_ewl2/lib/thumb/v7e-m\libc99.a(memset.o)
 .ARM.attributes
                0x0000014d       0x33 C:/NXP/S32DS_ARM_v2.2/S32DS/build_tools/gcc_v6.3/arm32_ewl2/lib/thumb/v7e-m\libc99.a(__filll_mem.o)
 .ARM.attributes
                0x00000180       0x33 C:/NXP/S32DS_ARM_v2.2/S32DS/build_tools/gcc_v6.3/arm32_ewl2/lib/thumb/v7e-m\librt.a(gcc_ctor_dtor.o)
 .ARM.attributes
                0x000001b3       0x33 C:/NXP/S32DS_ARM_v2.2/S32DS/build_tools/gcc_v6.3/arm32_ewl2/lib/thumb/v7e-m\librt.a(__arm_eabi_init.o)
 .ARM.attributes
                0x000001e6       0x33 C:/NXP/S32DS_ARM_v2.2/S32DS/build_tools/gcc_v6.3/arm32_ewl2/lib/thumb/v7e-m\librt.a(ROMCopy.o)
 .ARM.attributes
                0x00000219       0x33 C:/NXP/S32DS_ARM_v2.2/S32DS/build_tools/gcc_v6.3/arm32_ewl2/lib/thumb/v7e-m/__arm_end.o
                0x00000001                ASSERT ((__StackLimit >= __HeapLimit), region m_data overflowed with stack and heap)

/DISCARD/
 *(.FlashConfig)
OUTPUT(S32K144_Memory_Partition.elf elf32-littlearm)

.debug_info     0x00000000     0x162d
 .debug_info    0x00000000      0x126 C:/NXP/S32DS_ARM_v2.2/S32DS/build_tools/gcc_v6.3/arm32_ewl2/lib/thumb/v7e-m/__arm_start.o
 .debug_info    0x00000126      0x45b ./Project_Settings/Startup_Code/startup.o
 .debug_info    0x00000581       0x26 ./Project_Settings/Startup_Code/startup_S32K144.o
 .debug_info    0x000005a7      0x50c ./Project_Settings/Startup_Code/system_S32K144.o
 .debug_info    0x00000ab3      0x1fe ./src/main.o
 .debug_info    0x00000cb1      0x126 C:/NXP/S32DS_ARM_v2.2/S32DS/build_tools/gcc_v6.3/arm32_ewl2/lib/thumb/v7e-m\libc99.a(exit.o)
 .debug_info    0x00000dd7       0xec C:/NXP/S32DS_ARM_v2.2/S32DS/build_tools/gcc_v6.3/arm32_ewl2/lib/thumb/v7e-m\libc99.a(memset.o)
 .debug_info    0x00000ec3      0x135 C:/NXP/S32DS_ARM_v2.2/S32DS/build_tools/gcc_v6.3/arm32_ewl2/lib/thumb/v7e-m\libc99.a(__filll_mem.o)
 .debug_info    0x00000ff8      0x13f C:/NXP/S32DS_ARM_v2.2/S32DS/build_tools/gcc_v6.3/arm32_ewl2/lib/thumb/v7e-m\librt.a(gcc_ctor_dtor.o)
 .debug_info    0x00001137      0x2a2 C:/NXP/S32DS_ARM_v2.2/S32DS/build_tools/gcc_v6.3/arm32_ewl2/lib/thumb/v7e-m\librt.a(__arm_eabi_init.o)
 .debug_info    0x000013d9      0x206 C:/NXP/S32DS_ARM_v2.2/S32DS/build_tools/gcc_v6.3/arm32_ewl2/lib/thumb/v7e-m\librt.a(ROMCopy.o)
 .debug_info    0x000015df       0x4e C:/NXP/S32DS_ARM_v2.2/S32DS/build_tools/gcc_v6.3/arm32_ewl2/lib/thumb/v7e-m/__arm_end.o

.debug_abbrev   0x00000000      0x94c
 .debug_abbrev  0x00000000       0xbe C:/NXP/S32DS_ARM_v2.2/S32DS/build_tools/gcc_v6.3/arm32_ewl2/lib/thumb/v7e-m/__arm_start.o
 .debug_abbrev  0x000000be      0x108 ./Project_Settings/Startup_Code/startup.o
 .debug_abbrev  0x000001c6       0x14 ./Project_Settings/Startup_Code/startup_S32K144.o
 .debug_abbrev  0x000001da      0x125 ./Project_Settings/Startup_Code/system_S32K144.o
 .debug_abbrev  0x000002ff       0xc8 ./src/main.o
 .debug_abbrev  0x000003c7       0x98 C:/NXP/S32DS_ARM_v2.2/S32DS/build_tools/gcc_v6.3/arm32_ewl2/lib/thumb/v7e-m\libc99.a(exit.o)
 .debug_abbrev  0x0000045f       0x62 C:/NXP/S32DS_ARM_v2.2/S32DS/build_tools/gcc_v6.3/arm32_ewl2/lib/thumb/v7e-m\libc99.a(memset.o)
 .debug_abbrev  0x000004c1       0x87 C:/NXP/S32DS_ARM_v2.2/S32DS/build_tools/gcc_v6.3/arm32_ewl2/lib/thumb/v7e-m\libc99.a(__filll_mem.o)
 .debug_abbrev  0x00000548       0xae C:/NXP/S32DS_ARM_v2.2/S32DS/build_tools/gcc_v6.3/arm32_ewl2/lib/thumb/v7e-m\librt.a(gcc_ctor_dtor.o)
 .debug_abbrev  0x000005f6      0x1e0 C:/NXP/S32DS_ARM_v2.2/S32DS/build_tools/gcc_v6.3/arm32_ewl2/lib/thumb/v7e-m\librt.a(__arm_eabi_init.o)
 .debug_abbrev  0x000007d6      0x12c C:/NXP/S32DS_ARM_v2.2/S32DS/build_tools/gcc_v6.3/arm32_ewl2/lib/thumb/v7e-m\librt.a(ROMCopy.o)
 .debug_abbrev  0x00000902       0x4a C:/NXP/S32DS_ARM_v2.2/S32DS/build_tools/gcc_v6.3/arm32_ewl2/lib/thumb/v7e-m/__arm_end.o

.debug_aranges  0x00000000      0x1f0
 .debug_aranges
                0x00000000       0x28 C:/NXP/S32DS_ARM_v2.2/S32DS/build_tools/gcc_v6.3/arm32_ewl2/lib/thumb/v7e-m/__arm_start.o
 .debug_aranges
                0x00000028       0x20 ./Project_Settings/Startup_Code/startup.o
 .debug_aranges
                0x00000048       0x20 ./Project_Settings/Startup_Code/startup_S32K144.o
 .debug_aranges
                0x00000068       0x30 ./Project_Settings/Startup_Code/system_S32K144.o
 .debug_aranges
                0x00000098       0x28 ./src/main.o
 .debug_aranges
                0x000000c0       0x28 C:/NXP/S32DS_ARM_v2.2/S32DS/build_tools/gcc_v6.3/arm32_ewl2/lib/thumb/v7e-m\libc99.a(exit.o)
 .debug_aranges
                0x000000e8       0x20 C:/NXP/S32DS_ARM_v2.2/S32DS/build_tools/gcc_v6.3/arm32_ewl2/lib/thumb/v7e-m\libc99.a(memset.o)
 .debug_aranges
                0x00000108       0x20 C:/NXP/S32DS_ARM_v2.2/S32DS/build_tools/gcc_v6.3/arm32_ewl2/lib/thumb/v7e-m\libc99.a(__filll_mem.o)
 .debug_aranges
                0x00000128       0x28 C:/NXP/S32DS_ARM_v2.2/S32DS/build_tools/gcc_v6.3/arm32_ewl2/lib/thumb/v7e-m\librt.a(gcc_ctor_dtor.o)
 .debug_aranges
                0x00000150       0x50 C:/NXP/S32DS_ARM_v2.2/S32DS/build_tools/gcc_v6.3/arm32_ewl2/lib/thumb/v7e-m\librt.a(__arm_eabi_init.o)
 .debug_aranges
                0x000001a0       0x30 C:/NXP/S32DS_ARM_v2.2/S32DS/build_tools/gcc_v6.3/arm32_ewl2/lib/thumb/v7e-m\librt.a(ROMCopy.o)
 .debug_aranges
                0x000001d0       0x20 C:/NXP/S32DS_ARM_v2.2/S32DS/build_tools/gcc_v6.3/arm32_ewl2/lib/thumb/v7e-m/__arm_end.o

.debug_line     0x00000000      0xcd0
 .debug_line    0x00000000       0x67 C:/NXP/S32DS_ARM_v2.2/S32DS/build_tools/gcc_v6.3/arm32_ewl2/lib/thumb/v7e-m/__arm_start.o
 .debug_line    0x00000067      0x2bc ./Project_Settings/Startup_Code/startup.o
 .debug_line    0x00000323       0x84 ./Project_Settings/Startup_Code/startup_S32K144.o
 .debug_line    0x000003a7      0x2d9 ./Project_Settings/Startup_Code/system_S32K144.o
 .debug_line    0x00000680      0x22c ./src/main.o
 .debug_line    0x000008ac       0xa4 C:/NXP/S32DS_ARM_v2.2/S32DS/build_tools/gcc_v6.3/arm32_ewl2/lib/thumb/v7e-m\libc99.a(exit.o)
 .debug_line    0x00000950       0x8f C:/NXP/S32DS_ARM_v2.2/S32DS/build_tools/gcc_v6.3/arm32_ewl2/lib/thumb/v7e-m\libc99.a(memset.o)
 .debug_line    0x000009df       0xaf C:/NXP/S32DS_ARM_v2.2/S32DS/build_tools/gcc_v6.3/arm32_ewl2/lib/thumb/v7e-m\libc99.a(__filll_mem.o)
 .debug_line    0x00000a8e       0x6b C:/NXP/S32DS_ARM_v2.2/S32DS/build_tools/gcc_v6.3/arm32_ewl2/lib/thumb/v7e-m\librt.a(gcc_ctor_dtor.o)
 .debug_line    0x00000af9       0xf6 C:/NXP/S32DS_ARM_v2.2/S32DS/build_tools/gcc_v6.3/arm32_ewl2/lib/thumb/v7e-m\librt.a(__arm_eabi_init.o)
 .debug_line    0x00000bef       0x9e C:/NXP/S32DS_ARM_v2.2/S32DS/build_tools/gcc_v6.3/arm32_ewl2/lib/thumb/v7e-m\librt.a(ROMCopy.o)
 .debug_line    0x00000c8d       0x43 C:/NXP/S32DS_ARM_v2.2/S32DS/build_tools/gcc_v6.3/arm32_ewl2/lib/thumb/v7e-m/__arm_end.o

.debug_str      0x00000000    0x69e36
 .debug_str     0x00000000      0x1a4 C:/NXP/S32DS_ARM_v2.2/S32DS/build_tools/gcc_v6.3/arm32_ewl2/lib/thumb/v7e-m/__arm_start.o
                                0x22d (size before relaxing)
 .debug_str     0x000001a4    0x69535 ./Project_Settings/Startup_Code/startup.o
                              0x6967e (size before relaxing)
 .debug_str     0x000696d9       0x3f ./Project_Settings/Startup_Code/startup_S32K144.o
                                 0x9b (size before relaxing)
 .debug_str     0x00069718      0x1f3 ./Project_Settings/Startup_Code/system_S32K144.o
                              0x69457 (size before relaxing)
 .debug_str     0x0006990b       0x99 ./src/main.o
                              0x63a14 (size before relaxing)
 .debug_str     0x000699a4      0x16b C:/NXP/S32DS_ARM_v2.2/S32DS/build_tools/gcc_v6.3/arm32_ewl2/lib/thumb/v7e-m\libc99.a(exit.o)
                                0x210 (size before relaxing)
 .debug_str     0x00069b0f       0x23 C:/NXP/S32DS_ARM_v2.2/S32DS/build_tools/gcc_v6.3/arm32_ewl2/lib/thumb/v7e-m\libc99.a(memset.o)
                                0x1e8 (size before relaxing)
 .debug_str     0x00069b32       0x2d C:/NXP/S32DS_ARM_v2.2/S32DS/build_tools/gcc_v6.3/arm32_ewl2/lib/thumb/v7e-m\libc99.a(__filll_mem.o)
                                0x1fa (size before relaxing)
 .debug_str     0x00069b5f      0x119 C:/NXP/S32DS_ARM_v2.2/S32DS/build_tools/gcc_v6.3/arm32_ewl2/lib/thumb/v7e-m\librt.a(gcc_ctor_dtor.o)
                                0x251 (size before relaxing)
 .debug_str     0x00069c78      0x103 C:/NXP/S32DS_ARM_v2.2/S32DS/build_tools/gcc_v6.3/arm32_ewl2/lib/thumb/v7e-m\librt.a(__arm_eabi_init.o)
                                0x272 (size before relaxing)
 .debug_str     0x00069d7b       0x9a C:/NXP/S32DS_ARM_v2.2/S32DS/build_tools/gcc_v6.3/arm32_ewl2/lib/thumb/v7e-m\librt.a(ROMCopy.o)
                                0x1f0 (size before relaxing)
 .debug_str     0x00069e15       0x21 C:/NXP/S32DS_ARM_v2.2/S32DS/build_tools/gcc_v6.3/arm32_ewl2/lib/thumb/v7e-m/__arm_end.o
                                0x164 (size before relaxing)

.comment        0x00000000      0x11e
 .comment       0x00000000       0x7e C:/NXP/S32DS_ARM_v2.2/S32DS/build_tools/gcc_v6.3/arm32_ewl2/lib/thumb/v7e-m/__arm_start.o
                                 0x7f (size before relaxing)
 .comment       0x0000007e       0xa0 ./Project_Settings/Startup_Code/startup.o
                                 0xa1 (size before relaxing)
 .comment       0x0000011e       0xa1 ./Project_Settings/Startup_Code/system_S32K144.o
 .comment       0x0000011e       0xa1 ./src/main.o
 .comment       0x0000011e       0x7f C:/NXP/S32DS_ARM_v2.2/S32DS/build_tools/gcc_v6.3/arm32_ewl2/lib/thumb/v7e-m\libc99.a(exit.o)
 .comment       0x0000011e       0x7f C:/NXP/S32DS_ARM_v2.2/S32DS/build_tools/gcc_v6.3/arm32_ewl2/lib/thumb/v7e-m\libc99.a(memset.o)
 .comment       0x0000011e       0x7f C:/NXP/S32DS_ARM_v2.2/S32DS/build_tools/gcc_v6.3/arm32_ewl2/lib/thumb/v7e-m\libc99.a(__filll_mem.o)
 .comment       0x0000011e       0x7f C:/NXP/S32DS_ARM_v2.2/S32DS/build_tools/gcc_v6.3/arm32_ewl2/lib/thumb/v7e-m\librt.a(gcc_ctor_dtor.o)
 .comment       0x0000011e       0x7f C:/NXP/S32DS_ARM_v2.2/S32DS/build_tools/gcc_v6.3/arm32_ewl2/lib/thumb/v7e-m\librt.a(__arm_eabi_init.o)
 .comment       0x0000011e       0x7f C:/NXP/S32DS_ARM_v2.2/S32DS/build_tools/gcc_v6.3/arm32_ewl2/lib/thumb/v7e-m\librt.a(ROMCopy.o)
 .comment       0x0000011e       0x7f C:/NXP/S32DS_ARM_v2.2/S32DS/build_tools/gcc_v6.3/arm32_ewl2/lib/thumb/v7e-m/__arm_end.o

.debug_frame    0x00000000      0x328
 .debug_frame   0x00000000       0x30 C:/NXP/S32DS_ARM_v2.2/S32DS/build_tools/gcc_v6.3/arm32_ewl2/lib/thumb/v7e-m/__arm_start.o
 .debug_frame   0x00000030       0x38 ./Project_Settings/Startup_Code/startup.o
 .debug_frame   0x00000068       0x80 ./Project_Settings/Startup_Code/system_S32K144.o
 .debug_frame   0x000000e8       0x58 ./src/main.o
 .debug_frame   0x00000140       0x3c C:/NXP/S32DS_ARM_v2.2/S32DS/build_tools/gcc_v6.3/arm32_ewl2/lib/thumb/v7e-m\libc99.a(exit.o)
 .debug_frame   0x0000017c       0x28 C:/NXP/S32DS_ARM_v2.2/S32DS/build_tools/gcc_v6.3/arm32_ewl2/lib/thumb/v7e-m\libc99.a(memset.o)
 .debug_frame   0x000001a4       0x28 C:/NXP/S32DS_ARM_v2.2/S32DS/build_tools/gcc_v6.3/arm32_ewl2/lib/thumb/v7e-m\libc99.a(__filll_mem.o)
 .debug_frame   0x000001cc       0x48 C:/NXP/S32DS_ARM_v2.2/S32DS/build_tools/gcc_v6.3/arm32_ewl2/lib/thumb/v7e-m\librt.a(gcc_ctor_dtor.o)
 .debug_frame   0x00000214       0xac C:/NXP/S32DS_ARM_v2.2/S32DS/build_tools/gcc_v6.3/arm32_ewl2/lib/thumb/v7e-m\librt.a(__arm_eabi_init.o)
 .debug_frame   0x000002c0       0x48 C:/NXP/S32DS_ARM_v2.2/S32DS/build_tools/gcc_v6.3/arm32_ewl2/lib/thumb/v7e-m\librt.a(ROMCopy.o)
 .debug_frame   0x00000308       0x20 C:/NXP/S32DS_ARM_v2.2/S32DS/build_tools/gcc_v6.3/arm32_ewl2/lib/thumb/v7e-m/__arm_end.o

.debug_ranges   0x00000000       0x48
 .debug_ranges  0x00000000       0x10 ./Project_Settings/Startup_Code/startup.o
 .debug_ranges  0x00000010       0x20 ./Project_Settings/Startup_Code/system_S32K144.o
 .debug_ranges  0x00000030       0x18 ./src/main.o

.debug_macro    0x00000000    0x1f8ca
 .debug_macro   0x00000000       0xe9 ./Project_Settings/Startup_Code/startup.o
 .debug_macro   0x000000e9      0x8d4 ./Project_Settings/Startup_Code/startup.o
 .debug_macro   0x000009bd       0x52 ./Project_Settings/Startup_Code/startup.o
 .debug_macro   0x00000a0f       0xa0 ./Project_Settings/Startup_Code/startup.o
 .debug_macro   0x00000aaf       0x16 ./Project_Settings/Startup_Code/startup.o
 .debug_macro   0x00000ac5       0x5e ./Project_Settings/Startup_Code/startup.o
 .debug_macro   0x00000b23      0x185 ./Project_Settings/Startup_Code/startup.o
 .debug_macro   0x00000ca8      0x147 ./Project_Settings/Startup_Code/startup.o
 .debug_macro   0x00000def       0x9d ./Project_Settings/Startup_Code/startup.o
 .debug_macro   0x00000e8c       0x10 ./Project_Settings/Startup_Code/startup.o
 .debug_macro   0x00000e9c      0x15b ./Project_Settings/Startup_Code/startup.o
 .debug_macro   0x00000ff7       0x28 ./Project_Settings/Startup_Code/startup.o
 .debug_macro   0x0000101f       0x58 ./Project_Settings/Startup_Code/startup.o
 .debug_macro   0x00001077       0x10 ./Project_Settings/Startup_Code/startup.o
 .debug_macro   0x00001087       0x6d ./Project_Settings/Startup_Code/startup.o
 .debug_macro   0x000010f4     0xed32 ./Project_Settings/Startup_Code/startup.o
 .debug_macro   0x0000fe26      0xb55 ./Project_Settings/Startup_Code/startup.o
 .debug_macro   0x0001097b       0x22 ./Project_Settings/Startup_Code/startup.o
 .debug_macro   0x0001099d       0x40 ./Project_Settings/Startup_Code/startup.o
 .debug_macro   0x000109dd       0xe9 ./Project_Settings/Startup_Code/system_S32K144.o
 .debug_macro   0x00010ac6       0x19 ./Project_Settings/Startup_Code/system_S32K144.o
 .debug_macro   0x00010adf     0xed1d ./Project_Settings/Startup_Code/system_S32K144.o
 .debug_macro   0x0001f7fc       0x28 ./Project_Settings/Startup_Code/system_S32K144.o
 .debug_macro   0x0001f824       0xa6 ./src/main.o

.debug_loc      0x00000000      0x42e
 .debug_loc     0x00000000       0x5d C:/NXP/S32DS_ARM_v2.2/S32DS/build_tools/gcc_v6.3/arm32_ewl2/lib/thumb/v7e-m\libc99.a(exit.o)
 .debug_loc     0x0000005d       0x64 C:/NXP/S32DS_ARM_v2.2/S32DS/build_tools/gcc_v6.3/arm32_ewl2/lib/thumb/v7e-m\libc99.a(memset.o)
 .debug_loc     0x000000c1       0xea C:/NXP/S32DS_ARM_v2.2/S32DS/build_tools/gcc_v6.3/arm32_ewl2/lib/thumb/v7e-m\libc99.a(__filll_mem.o)
 .debug_loc     0x000001ab       0xbe C:/NXP/S32DS_ARM_v2.2/S32DS/build_tools/gcc_v6.3/arm32_ewl2/lib/thumb/v7e-m\librt.a(gcc_ctor_dtor.o)
 .debug_loc     0x00000269      0x125 C:/NXP/S32DS_ARM_v2.2/S32DS/build_tools/gcc_v6.3/arm32_ewl2/lib/thumb/v7e-m\librt.a(__arm_eabi_init.o)
 .debug_loc     0x0000038e       0xa0 C:/NXP/S32DS_ARM_v2.2/S32DS/build_tools/gcc_v6.3/arm32_ewl2/lib/thumb/v7e-m\librt.a(ROMCopy.o)
