Archive member included to satisfy reference by file (symbol)

C:/NXP/S32DS_ARM_v2.2/S32DS/build_tools/gcc_v6.3/arm32_ewl2/lib/thumb/v7e-m\libc99.a(exit.o)
                              C:/NXP/S32DS_ARM_v2.2/S32DS/build_tools/gcc_v6.3/arm32_ewl2/lib/thumb/v7e-m/__arm_start.o (exit)
C:/NXP/S32DS_ARM_v2.2/S32DS/build_tools/gcc_v6.3/arm32_ewl2/lib/thumb/v7e-m\libc99.a(memset.o)
                              C:/NXP/S32DS_ARM_v2.2/S32DS/build_tools/gcc_v6.3/arm32_ewl2/lib/thumb/v7e-m/__arm_start.o (memset)
C:/NXP/S32DS_ARM_v2.2/S32DS/build_tools/gcc_v6.3/arm32_ewl2/lib/thumb/v7e-m\libc99.a(__filll_mem.o)
                              C:/NXP/S32DS_ARM_v2.2/S32DS/build_tools/gcc_v6.3/arm32_ewl2/lib/thumb/v7e-m\libc99.a(memset.o) (__fill_mem)
C:/NXP/S32DS_ARM_v2.2/S32DS/build_tools/gcc_v6.3/arm32_ewl2/lib/thumb/v7e-m\librt.a(gcc_ctor_dtor.o)
                              C:/NXP/S32DS_ARM_v2.2/S32DS/build_tools/gcc_v6.3/arm32_ewl2/lib/thumb/v7e-m/__arm_start.o (__init_cpp)
C:/NXP/S32DS_ARM_v2.2/S32DS/build_tools/gcc_v6.3/arm32_ewl2/lib/thumb/v7e-m\librt.a(__arm_eabi_init.o)
                              C:/NXP/S32DS_ARM_v2.2/S32DS/build_tools/gcc_v6.3/arm32_ewl2/lib/thumb/v7e-m\libc99.a(exit.o) (__destroy_global_chain)
C:/NXP/S32DS_ARM_v2.2/S32DS/build_tools/gcc_v6.3/arm32_ewl2/lib/thumb/v7e-m\librt.a(ROMCopy.o)
                              C:/NXP/S32DS_ARM_v2.2/S32DS/build_tools/gcc_v6.3/arm32_ewl2/lib/thumb/v7e-m/__arm_start.o (__copy_rom_sections_to_ram)

Discarded input sections

 .text          0x00000000        0x0 C:/NXP/S32DS_ARM_v2.2/S32DS/build_tools/gcc_v6.3/arm32_ewl2/lib/thumb/v7e-m/__arm_start.o
 .data          0x00000000        0x0 C:/NXP/S32DS_ARM_v2.2/S32DS/build_tools/gcc_v6.3/arm32_ewl2/lib/thumb/v7e-m/__arm_start.o
 .bss           0x00000000        0x0 C:/NXP/S32DS_ARM_v2.2/S32DS/build_tools/gcc_v6.3/arm32_ewl2/lib/thumb/v7e-m/__arm_start.o
 .text.__iar_program_start
                0x00000000        0x4 C:/NXP/S32DS_ARM_v2.2/S32DS/build_tools/gcc_v6.3/arm32_ewl2/lib/thumb/v7e-m/__arm_start.o
 .group         0x00000000        0x8 ./Project_Settings/Startup_Code/startup.o
 .group         0x00000000        0x8 ./Project_Settings/Startup_Code/startup.o
 .group         0x00000000        0x8 ./Project_Settings/Startup_Code/startup.o
 .group         0x00000000        0x8 ./Project_Settings/Startup_Code/startup.o
 .group         0x00000000        0x8 ./Project_Settings/Startup_Code/startup.o
 .group         0x00000000        0x8 ./Project_Settings/Startup_Code/startup.o
 .group         0x00000000        0x8 ./Project_Settings/Startup_Code/startup.o
 .group         0x00000000        0x8 ./Project_Settings/Startup_Code/startup.o
 .group         0x00000000        0x8 ./Project_Settings/Startup_Code/startup.o
 .group         0x00000000        0x8 ./Project_Settings/Startup_Code/startup.o
 .group         0x00000000        0x8 ./Project_Settings/Startup_Code/startup.o
 .group         0x00000000        0x8 ./Project_Settings/Startup_Code/startup.o
 .group         0x00000000        0x8 ./Project_Settings/Startup_Code/startup.o
 .group         0x00000000        0x8 ./Project_Settings/Startup_Code/startup.o
 .group         0x00000000        0x8 ./Project_Settings/Startup_Code/startup.o
 .group         0x00000000        0x8 ./Project_Settings/Startup_Code/startup.o
 .group         0x00000000        0x8 ./Project_Settings/Startup_Code/startup.o
 .group         0x00000000        0x8 ./Project_Settings/Startup_Code/startup.o
 .text          0x00000000        0x0 ./Project_Settings/Startup_Code/startup.o
 .data          0x00000000        0x0 ./Project_Settings/Startup_Code/startup.o
 .bss           0x00000000        0x0 ./Project_Settings/Startup_Code/startup.o
 .rodata.s_vectors
                0x00000000        0x4 ./Project_Settings/Startup_Code/startup.o
 .data          0x00000000        0x0 ./Project_Settings/Startup_Code/startup_S32K144.o
 .bss           0x00000000        0x0 ./Project_Settings/Startup_Code/startup_S32K144.o
 .group         0x00000000        0x8 ./Project_Settings/Startup_Code/system_S32K144.o
 .group         0x00000000        0x8 ./Project_Settings/Startup_Code/system_S32K144.o
 .group         0x00000000        0x8 ./Project_Settings/Startup_Code/system_S32K144.o
 .group         0x00000000        0x8 ./Project_Settings/Startup_Code/system_S32K144.o
 .group         0x00000000        0x8 ./Project_Settings/Startup_Code/system_S32K144.o
 .group         0x00000000        0x8 ./Project_Settings/Startup_Code/system_S32K144.o
 .group         0x00000000        0x8 ./Project_Settings/Startup_Code/system_S32K144.o
 .group         0x00000000        0x8 ./Project_Settings/Startup_Code/system_S32K144.o
 .group         0x00000000        0x8 ./Project_Settings/Startup_Code/system_S32K144.o
 .group         0x00000000        0x8 ./Project_Settings/Startup_Code/system_S32K144.o
 .group         0x00000000        0x8 ./Project_Settings/Startup_Code/system_S32K144.o
 .group         0x00000000        0x8 ./Project_Settings/Startup_Code/system_S32K144.o
 .group         0x00000000        0x8 ./Project_Settings/Startup_Code/system_S32K144.o
 .group         0x00000000        0x8 ./Project_Settings/Startup_Code/system_S32K144.o
 .group         0x00000000        0x8 ./Project_Settings/Startup_Code/system_S32K144.o
 .group         0x00000000        0x8 ./Project_Settings/Startup_Code/system_S32K144.o
 .group         0x00000000        0x8 ./Project_Settings/Startup_Code/system_S32K144.o
 .group         0x00000000        0x8 ./Project_Settings/Startup_Code/system_S32K144.o
 .group         0x00000000        0x8 ./Project_Settings/Startup_Code/system_S32K144.o
 .text          0x00000000        0x0 ./Project_Settings/Startup_Code/system_S32K144.o
 .data          0x00000000        0x0 ./Project_Settings/Startup_Code/system_S32K144.o
 .bss           0x00000000        0x0 ./Project_Settings/Startup_Code/system_S32K144.o
 .data.SystemCoreClock
                0x00000000        0x4 ./Project_Settings/Startup_Code/system_S32K144.o
 .text.SystemCoreClockUpdate
                0x00000000       0xf0 ./Project_Settings/Startup_Code/system_S32K144.o
 .text.SystemSoftwareReset
                0x00000000       0x3e ./Project_Settings/Startup_Code/system_S32K144.o
 .rodata.fircFreq.5162
                0x00000000        0x4 ./Project_Settings/Startup_Code/system_S32K144.o
 .debug_macro   0x00000000      0x8d4 ./Project_Settings/Startup_Code/system_S32K144.o
 .debug_macro   0x00000000       0x52 ./Project_Settings/Startup_Code/system_S32K144.o
 .debug_macro   0x00000000       0xa0 ./Project_Settings/Startup_Code/system_S32K144.o
 .debug_macro   0x00000000       0x16 ./Project_Settings/Startup_Code/system_S32K144.o
 .debug_macro   0x00000000       0x10 ./Project_Settings/Startup_Code/system_S32K144.o
 .debug_macro   0x00000000       0x7a ./Project_Settings/Startup_Code/system_S32K144.o
 .debug_macro   0x00000000       0x5e ./Project_Settings/Startup_Code/system_S32K144.o
 .debug_macro   0x00000000      0x185 ./Project_Settings/Startup_Code/system_S32K144.o
 .debug_macro   0x00000000      0x147 ./Project_Settings/Startup_Code/system_S32K144.o
 .debug_macro   0x00000000       0x9d ./Project_Settings/Startup_Code/system_S32K144.o
 .debug_macro   0x00000000       0x10 ./Project_Settings/Startup_Code/system_S32K144.o
 .debug_macro   0x00000000      0x15b ./Project_Settings/Startup_Code/system_S32K144.o
 .debug_macro   0x00000000       0x28 ./Project_Settings/Startup_Code/system_S32K144.o
 .debug_macro   0x00000000       0x58 ./Project_Settings/Startup_Code/system_S32K144.o
 .debug_macro   0x00000000      0xb86 ./Project_Settings/Startup_Code/system_S32K144.o
 .debug_macro   0x00000000       0x22 ./Project_Settings/Startup_Code/system_S32K144.o
 .group         0x00000000        0x8 ./src/main.o
 .group         0x00000000        0x8 ./src/main.o
 .group         0x00000000        0x8 ./src/main.o
 .group         0x00000000        0x8 ./src/main.o
 .group         0x00000000        0x8 ./src/main.o
 .group         0x00000000        0x8 ./src/main.o
 .group         0x00000000        0x8 ./src/main.o
 .group         0x00000000        0x8 ./src/main.o
 .group         0x00000000        0x8 ./src/main.o
 .group         0x00000000        0x8 ./src/main.o
 .group         0x00000000        0x8 ./src/main.o
 .group         0x00000000        0x8 ./src/main.o
 .group         0x00000000        0x8 ./src/main.o
 .group         0x00000000        0x8 ./src/main.o
 .text          0x00000000        0x0 ./src/main.o
 .data          0x00000000        0x0 ./src/main.o
 .bss           0x00000000        0x0 ./src/main.o
 .debug_macro   0x00000000      0x8d4 ./src/main.o
 .debug_macro   0x00000000       0x52 ./src/main.o
 .debug_macro   0x00000000       0xa0 ./src/main.o
 .debug_macro   0x00000000       0x16 ./src/main.o
 .debug_macro   0x00000000       0x19 ./src/main.o
 .debug_macro   0x00000000       0x5e ./src/main.o
 .debug_macro   0x00000000      0x185 ./src/main.o
 .debug_macro   0x00000000      0x147 ./src/main.o
 .debug_macro   0x00000000       0x9d ./src/main.o
 .debug_macro   0x00000000       0x10 ./src/main.o
 .debug_macro   0x00000000      0x15b ./src/main.o
 .debug_macro   0x00000000       0x28 ./src/main.o
 .debug_macro   0x00000000       0x58 ./src/main.o
 .debug_macro   0x00000000     0xed1d ./src/main.o
 .text          0x00000000        0x0 C:/NXP/S32DS_ARM_v2.2/S32DS/build_tools/gcc_v6.3/arm32_ewl2/lib/thumb/v7e-m\libc99.a(exit.o)
 .data          0x00000000        0x0 C:/NXP/S32DS_ARM_v2.2/S32DS/build_tools/gcc_v6.3/arm32_ewl2/lib/thumb/v7e-m\libc99.a(exit.o)
 .bss           0x00000000        0x0 C:/NXP/S32DS_ARM_v2.2/S32DS/build_tools/gcc_v6.3/arm32_ewl2/lib/thumb/v7e-m\libc99.a(exit.o)
 .text._Exit    0x00000000        0x4 C:/NXP/S32DS_ARM_v2.2/S32DS/build_tools/gcc_v6.3/arm32_ewl2/lib/thumb/v7e-m\libc99.a(exit.o)
 .text          0x00000000        0x0 C:/NXP/S32DS_ARM_v2.2/S32DS/build_tools/gcc_v6.3/arm32_ewl2/lib/thumb/v7e-m\libc99.a(memset.o)
 .data          0x00000000        0x0 C:/NXP/S32DS_ARM_v2.2/S32DS/build_tools/gcc_v6.3/arm32_ewl2/lib/thumb/v7e-m\libc99.a(memset.o)
 .bss           0x00000000        0x0 C:/NXP/S32DS_ARM_v2.2/S32DS/build_tools/gcc_v6.3/arm32_ewl2/lib/thumb/v7e-m\libc99.a(memset.o)
 .text          0x00000000        0x0 C:/NXP/S32DS_ARM_v2.2/S32DS/build_tools/gcc_v6.3/arm32_ewl2/lib/thumb/v7e-m\libc99.a(__filll_mem.o)
 .data          0x00000000        0x0 C:/NXP/S32DS_ARM_v2.2/S32DS/build_tools/gcc_v6.3/arm32_ewl2/lib/thumb/v7e-m\libc99.a(__filll_mem.o)
 .bss           0x00000000        0x0 C:/NXP/S32DS_ARM_v2.2/S32DS/build_tools/gcc_v6.3/arm32_ewl2/lib/thumb/v7e-m\libc99.a(__filll_mem.o)
 .text          0x00000000        0x0 C:/NXP/S32DS_ARM_v2.2/S32DS/build_tools/gcc_v6.3/arm32_ewl2/lib/thumb/v7e-m\librt.a(gcc_ctor_dtor.o)
 .data          0x00000000        0x0 C:/NXP/S32DS_ARM_v2.2/S32DS/build_tools/gcc_v6.3/arm32_ewl2/lib/thumb/v7e-m\librt.a(gcc_ctor_dtor.o)
 .bss           0x00000000        0x0 C:/NXP/S32DS_ARM_v2.2/S32DS/build_tools/gcc_v6.3/arm32_ewl2/lib/thumb/v7e-m\librt.a(gcc_ctor_dtor.o)
 .bss.__dso_handle
                0x00000000        0x4 C:/NXP/S32DS_ARM_v2.2/S32DS/build_tools/gcc_v6.3/arm32_ewl2/lib/thumb/v7e-m\librt.a(gcc_ctor_dtor.o)
 .text          0x00000000        0x0 C:/NXP/S32DS_ARM_v2.2/S32DS/build_tools/gcc_v6.3/arm32_ewl2/lib/thumb/v7e-m\librt.a(__arm_eabi_init.o)
 .data          0x00000000        0x0 C:/NXP/S32DS_ARM_v2.2/S32DS/build_tools/gcc_v6.3/arm32_ewl2/lib/thumb/v7e-m\librt.a(__arm_eabi_init.o)
 .bss           0x00000000        0x0 C:/NXP/S32DS_ARM_v2.2/S32DS/build_tools/gcc_v6.3/arm32_ewl2/lib/thumb/v7e-m\librt.a(__arm_eabi_init.o)
 .text.__register_global_object
                0x00000000       0x14 C:/NXP/S32DS_ARM_v2.2/S32DS/build_tools/gcc_v6.3/arm32_ewl2/lib/thumb/v7e-m\librt.a(__arm_eabi_init.o)
 .text.__cxa_atexit
                0x00000000       0x38 C:/NXP/S32DS_ARM_v2.2/S32DS/build_tools/gcc_v6.3/arm32_ewl2/lib/thumb/v7e-m\librt.a(__arm_eabi_init.o)
 .text.__aeabi_atexit
                0x00000000        0xa C:/NXP/S32DS_ARM_v2.2/S32DS/build_tools/gcc_v6.3/arm32_ewl2/lib/thumb/v7e-m\librt.a(__arm_eabi_init.o)
 .text.__register_atexit
                0x00000000        0x8 C:/NXP/S32DS_ARM_v2.2/S32DS/build_tools/gcc_v6.3/arm32_ewl2/lib/thumb/v7e-m\librt.a(__arm_eabi_init.o)
 .bss.atexit_curr_func
                0x00000000        0x4 C:/NXP/S32DS_ARM_v2.2/S32DS/build_tools/gcc_v6.3/arm32_ewl2/lib/thumb/v7e-m\librt.a(__arm_eabi_init.o)
 .bss.atexit_funcs
                0x00000000      0x300 C:/NXP/S32DS_ARM_v2.2/S32DS/build_tools/gcc_v6.3/arm32_ewl2/lib/thumb/v7e-m\librt.a(__arm_eabi_init.o)
 .text          0x00000000        0x0 C:/NXP/S32DS_ARM_v2.2/S32DS/build_tools/gcc_v6.3/arm32_ewl2/lib/thumb/v7e-m\librt.a(ROMCopy.o)
 .data          0x00000000        0x0 C:/NXP/S32DS_ARM_v2.2/S32DS/build_tools/gcc_v6.3/arm32_ewl2/lib/thumb/v7e-m\librt.a(ROMCopy.o)
 .bss           0x00000000        0x0 C:/NXP/S32DS_ARM_v2.2/S32DS/build_tools/gcc_v6.3/arm32_ewl2/lib/thumb/v7e-m\librt.a(ROMCopy.o)
 .text.__flush_cache
                0x00000000        0x2 C:/NXP/S32DS_ARM_v2.2/S32DS/build_tools/gcc_v6.3/arm32_ewl2/lib/thumb/v7e-m\librt.a(ROMCopy.o)
 .text          0x00000000        0x0 C:/NXP/S32DS_ARM_v2.2/S32DS/build_tools/gcc_v6.3/arm32_ewl2/lib/thumb/v7e-m/__arm_end.o
 .data          0x00000000        0x0 C:/NXP/S32DS_ARM_v2.2/S32DS/build_tools/gcc_v6.3/arm32_ewl2/lib/thumb/v7e-m/__arm_end.o
 .bss           0x00000000        0x0 C:/NXP/S32DS_ARM_v2.2/S32DS/build_tools/gcc_v6.3/arm32_ewl2/lib/thumb/v7e-m/__arm_end.o

Memory Configuration

Name             Origin             Length             Attributes
m_interrupts     0x00004100         0x00000400         xr
m_flash_config   0x00042400         0x00000010         xr
m_text           0x00042410         0x0007ffff         xr
m_data           0x1fff8000         0x00008000         rw
m_data_2         0x20000000         0x00004000         rw
*default*        0x00000000         0xffffffff

Linker script and memory map

LOAD C:/NXP/S32DS_ARM_v2.2/S32DS/build_tools/gcc_v6.3/arm32_ewl2/lib/thumb/v7e-m/__arm_start.o
LOAD ./Project_Settings/Startup_Code/startup.o
LOAD ./Project_Settings/Startup_Code/startup_S32K144.o
LOAD ./Project_Settings/Startup_Code/system_S32K144.o
LOAD ./src/main.o
START GROUP
LOAD C:/NXP/S32DS_ARM_v2.2/S32DS/build_tools/gcc_v6.3/arm32_ewl2/lib/thumb/v7e-m\libc99.a
LOAD C:/NXP/S32DS_ARM_v2.2/S32DS/build_tools/gcc_v6.3/arm32_ewl2/lib/thumb/v7e-m\libm.a
LOAD c:/nxp/s32ds_arm_v2.2/s32ds/build_tools/gcc_v6.3/gcc-6.3-arm32-eabi/bin/../lib/gcc/arm-none-eabi/6.3.1/thumb/v7e-m\libgcc.a
LOAD C:/NXP/S32DS_ARM_v2.2/S32DS/build_tools/gcc_v6.3/arm32_ewl2/lib/thumb/v7e-m\librt.a
LOAD C:/NXP/S32DS_ARM_v2.2/S32DS/build_tools/gcc_v6.3/arm32_ewl2/lib/thumb/v7e-m\libnoio.a
END GROUP
LOAD C:/NXP/S32DS_ARM_v2.2/S32DS/build_tools/gcc_v6.3/arm32_ewl2/lib/thumb/v7e-m/__arm_end.o
                0x00000400                HEAP_SIZE = DEFINED (__heap_size__)?__heap_size__:0x400
                0x00000400                STACK_SIZE = DEFINED (__stack_size__)?__stack_size__:0x400
                0x00000400                M_VECTOR_RAM_SIZE = DEFINED (__flash_vector_table__)?0x0:0x400

.interrupts     0x00004100      0x400
                0x00004100                __VECTOR_TABLE = .
                0x00004100                __interrupts_start__ = .
                0x00004100                . = ALIGN (0x4)
 *(.isr_vector)
 .isr_vector    0x00004100      0x400 ./Project_Settings/Startup_Code/startup_S32K144.o
                0x00004100                __isr_vector
                0x00004500                __interrupts_end__ = .
                0x00004500                . = ALIGN (0x4)

.flash_config   0x00042400       0x10
                0x00042400                . = ALIGN (0x4)
 *(.FlashConfig)
 .FlashConfig   0x00042400       0x10 ./Project_Settings/Startup_Code/startup_S32K144.o
                0x00042410                . = ALIGN (0x4)

.text           0x00042410      0x528
                0x00042410                . = ALIGN (0x4)
 *(.text)
 .text          0x00042410       0x6c ./Project_Settings/Startup_Code/startup_S32K144.o
                0x00042410                Reset_Handler
                0x00042478                DebugMon_Handler
                0x00042478                Reserved88_IRQHandler
                0x00042478                CAN0_ORed_IRQHandler
                0x00042478                HardFault_Handler
                0x00042478                Reserved86_IRQHandler
                0x00042478                Reserved103_IRQHandler
                0x00042478                SysTick_Handler
                0x00042478                FTM2_Ovf_Reload_IRQHandler
                0x00042478                Reserved50_IRQHandler
                0x00042478                FTFC_Fault_IRQHandler
                0x00042478                FTM0_Ch6_Ch7_IRQHandler
                0x00042478                Reserved114_IRQHandler
                0x00042478                PendSV_Handler
                0x00042478                NMI_Handler
                0x00042478                Reserved89_IRQHandler
                0x00042478                ERM_double_fault_IRQHandler
                0x00042478                DMA2_IRQHandler
                0x00042478                Reserved59_IRQHandler
                0x00042478                LPIT0_Ch0_IRQHandler
                0x00042478                Reserved99_IRQHandler
                0x00042478                FTM3_Ch6_Ch7_IRQHandler
                0x00042478                CAN2_ORed_0_15_MB_IRQHandler
                0x00042478                LPIT0_Ch3_IRQHandler
                0x00042478                Reserved92_IRQHandler
                0x00042478                FTM0_Ch4_Ch5_IRQHandler
                0x00042478                CAN1_Error_IRQHandler
                0x00042478                FTM3_Ch0_Ch1_IRQHandler
                0x00042478                SWI_IRQHandler
                0x00042478                ADC0_IRQHandler
                0x00042478                FTM2_Ch4_Ch5_IRQHandler
                0x00042478                UsageFault_Handler
                0x00042478                FTM0_Ovf_Reload_IRQHandler
                0x00042478                DefaultISR
                0x00042478                DMA9_IRQHandler
                0x00042478                Reserved58_IRQHandler
                0x00042478                CAN1_ORed_0_15_MB_IRQHandler
                0x00042478                FTM1_Ch2_Ch3_IRQHandler
                0x00042478                DMA14_IRQHandler
                0x00042478                Reserved82_IRQHandler
                0x00042478                CAN0_ORed_16_31_MB_IRQHandler
                0x00042478                LPI2C0_Slave_IRQHandler
                0x00042478                Reserved71_IRQHandler
                0x00042478                PORTD_IRQHandler
                0x00042478                Reserved69_IRQHandler
                0x00042478                PORTB_IRQHandler
                0x00042478                Reserved70_IRQHandler
                0x00042478                ADC1_IRQHandler
                0x00042478                FTM2_Ch2_Ch3_IRQHandler
                0x00042478                Reserved53_IRQHandler
                0x00042478                DMA5_IRQHandler
                0x00042478                RTC_IRQHandler
                0x00042478                PDB0_IRQHandler
                0x00042478                Reserved54_IRQHandler
                0x00042478                FTM2_Ch6_Ch7_IRQHandler
                0x00042478                FTM3_Ch2_Ch3_IRQHandler
                0x00042478                FTM2_Ch0_Ch1_IRQHandler
                0x00042478                LPSPI1_IRQHandler
                0x00042478                LPUART1_RxTx_IRQHandler
                0x00042478                RTC_Seconds_IRQHandler
                0x00042478                CAN2_ORed_IRQHandler
                0x00042478                Reserved72_IRQHandler
                0x00042478                Reserved110_IRQHandler
                0x00042478                DMA11_IRQHandler
                0x00042478                Reserved107_IRQHandler
                0x00042478                Read_Collision_IRQHandler
                0x00042478                CAN2_Error_IRQHandler
                0x00042478                FTFC_IRQHandler
                0x00042478                DMA7_IRQHandler
                0x00042478                FTM1_Ch6_Ch7_IRQHandler
                0x00042478                Reserved105_IRQHandler
                0x00042478                LPIT0_Ch1_IRQHandler
                0x00042478                FTM1_Ch4_Ch5_IRQHandler
                0x00042478                FTM3_Ovf_Reload_IRQHandler
                0x00042478                LPUART2_RxTx_IRQHandler
                0x00042478                LPSPI0_IRQHandler
                0x00042478                WDOG_EWM_IRQHandler
                0x00042478                MemManage_Handler
                0x00042478                Reserved90_IRQHandler
                0x00042478                Reserved83_IRQHandler
                0x00042478                FTM0_Fault_IRQHandler
                0x00042478                Reserved48_IRQHandler
                0x00042478                SVC_Handler
                0x00042478                ERM_single_fault_IRQHandler
                0x00042478                FTM2_Fault_IRQHandler
                0x00042478                FTM0_Ch2_Ch3_IRQHandler
                0x00042478                DMA13_IRQHandler
                0x00042478                FTM0_Ch0_Ch1_IRQHandler
                0x00042478                FTM3_Fault_IRQHandler
                0x00042478                RCM_IRQHandler
                0x00042478                DMA3_IRQHandler
                0x00042478                Reserved100_IRQHandler
                0x00042478                DMA0_IRQHandler
                0x00042478                Reserved91_IRQHandler
                0x00042478                CAN1_ORed_IRQHandler
                0x00042478                DMA15_IRQHandler
                0x00042478                SCG_IRQHandler
                0x00042478                PDB1_IRQHandler
                0x00042478                Reserved81_IRQHandler
                0x00042478                Reserved46_IRQHandler
                0x00042478                Reserved45_IRQHandler
                0x00042478                CAN0_Error_IRQHandler
                0x00042478                Reserved112_IRQHandler
                0x00042478                LPI2C0_Master_IRQHandler
                0x00042478                DMA4_IRQHandler
                0x00042478                FTM1_Fault_IRQHandler
                0x00042478                Reserved106_IRQHandler
                0x00042478                DMA_Error_IRQHandler
                0x00042478                LVD_LVW_IRQHandler
                0x00042478                LPIT0_Ch2_IRQHandler
                0x00042478                PORTA_IRQHandler
                0x00042478                MCM_IRQHandler
                0x00042478                LPSPI2_IRQHandler
                0x00042478                DMA12_IRQHandler
                0x00042478                FTM3_Ch4_Ch5_IRQHandler
                0x00042478                CAN0_ORed_0_15_MB_IRQHandler
                0x00042478                PORTE_IRQHandler
                0x00042478                LPUART0_RxTx_IRQHandler
                0x00042478                LPTMR0_IRQHandler
                0x00042478                BusFault_Handler
                0x00042478                Reserved87_IRQHandler
                0x00042478                FTM1_Ovf_Reload_IRQHandler
                0x00042478                DMA8_IRQHandler
                0x00042478                Reserved93_IRQHandler
                0x00042478                DMA10_IRQHandler
                0x00042478                CAN0_Wake_Up_IRQHandler
                0x00042478                CMP0_IRQHandler
                0x00042478                Reserved52_IRQHandler
                0x00042478                DMA6_IRQHandler
                0x00042478                FTM1_Ch0_Ch1_IRQHandler
                0x00042478                FLEXIO_IRQHandler
                0x00042478                DMA1_IRQHandler
                0x00042478                Reserved113_IRQHandler
 *(.text*)
 .text.__thumb_startup
                0x0004247c       0x3c C:/NXP/S32DS_ARM_v2.2/S32DS/build_tools/gcc_v6.3/arm32_ewl2/lib/thumb/v7e-m/__arm_start.o
                0x0004247c                _start
                0x0004247c                __thumb_startup
 .text.init_data_bss
                0x000424b8      0x128 ./Project_Settings/Startup_Code/startup.o
                0x000424b8                init_data_bss
 .text.SystemInit
                0x000425e0       0x30 ./Project_Settings/Startup_Code/system_S32K144.o
                0x000425e0                SystemInit
 .text.WDOG_disable
                0x00042610       0x2c ./src/main.o
                0x00042610                WDOG_disable
 .text.Delay    0x0004263c       0x2c ./src/main.o
                0x0004263c                Delay
 .text.PORTC_IRQHandler
                0x00042668       0x40 ./src/main.o
                0x00042668                PORTC_IRQHandler
 .text.main     0x000426a8       0xb0 ./src/main.o
                0x000426a8                main
 .text.exit     0x00042758       0x38 C:/NXP/S32DS_ARM_v2.2/S32DS/build_tools/gcc_v6.3/arm32_ewl2/lib/thumb/v7e-m\libc99.a(exit.o)
                0x00042758                exit
 .text.memset   0x00042790        0xc C:/NXP/S32DS_ARM_v2.2/S32DS/build_tools/gcc_v6.3/arm32_ewl2/lib/thumb/v7e-m\libc99.a(memset.o)
                0x00042790                memset
 .text.__fill_mem
                0x0004279c       0x70 C:/NXP/S32DS_ARM_v2.2/S32DS/build_tools/gcc_v6.3/arm32_ewl2/lib/thumb/v7e-m\libc99.a(__filll_mem.o)
                0x0004279c                __fill_mem
 .text.__init_cpp
                0x0004280c       0x4c C:/NXP/S32DS_ARM_v2.2/S32DS/build_tools/gcc_v6.3/arm32_ewl2/lib/thumb/v7e-m\librt.a(gcc_ctor_dtor.o)
                0x0004280c                __init_cpp
 .text.__fini_cpp
                0x00042858       0x34 C:/NXP/S32DS_ARM_v2.2/S32DS/build_tools/gcc_v6.3/arm32_ewl2/lib/thumb/v7e-m\librt.a(gcc_ctor_dtor.o)
                0x00042858                __fini_cpp
 .text.__destroy_global_chain
                0x0004288c       0x18 C:/NXP/S32DS_ARM_v2.2/S32DS/build_tools/gcc_v6.3/arm32_ewl2/lib/thumb/v7e-m\librt.a(__arm_eabi_init.o)
                0x0004288c                __destroy_global_chain
 .text.__init_registers
                0x000428a4       0x20 C:/NXP/S32DS_ARM_v2.2/S32DS/build_tools/gcc_v6.3/arm32_ewl2/lib/thumb/v7e-m\librt.a(__arm_eabi_init.o)
                0x000428a4                __init_registers
 .text.__init_user
                0x000428c4        0x4 C:/NXP/S32DS_ARM_v2.2/S32DS/build_tools/gcc_v6.3/arm32_ewl2/lib/thumb/v7e-m\librt.a(__arm_eabi_init.o)
                0x000428c4                __init_user
 .text.__init_hardware
                0x000428c8        0x4 C:/NXP/S32DS_ARM_v2.2/S32DS/build_tools/gcc_v6.3/arm32_ewl2/lib/thumb/v7e-m\librt.a(__arm_eabi_init.o)
                0x000428c8                __init_hardware
 .text.__copy_rom_section
                0x000428cc       0x42 C:/NXP/S32DS_ARM_v2.2/S32DS/build_tools/gcc_v6.3/arm32_ewl2/lib/thumb/v7e-m\librt.a(ROMCopy.o)
                0x000428cc                __copy_rom_section
 *fill*         0x0004290e        0x2 
 .text.__copy_rom_sections_to_ram
                0x00042910       0x24 C:/NXP/S32DS_ARM_v2.2/S32DS/build_tools/gcc_v6.3/arm32_ewl2/lib/thumb/v7e-m\librt.a(ROMCopy.o)
                0x00042910                __copy_rom_sections_to_ram
 .text._ExitProcess
                0x00042934        0x2 C:/NXP/S32DS_ARM_v2.2/S32DS/build_tools/gcc_v6.3/arm32_ewl2/lib/thumb/v7e-m/__arm_end.o
                0x00042934                _ExitProcess
 *(.rodata)
 *(.rodata*)
 *(.glue_7)
 .glue_7        0x00042936        0x0 linker stubs
 *(.glue_7t)
 .glue_7t       0x00042936        0x0 linker stubs
 *(.eh_frame)
 *(.init)
 *(.fini)
                0x00042938                . = ALIGN (0x4)
 *fill*         0x00042936        0x2 

.vfp11_veneer   0x00042938        0x0
 .vfp11_veneer  0x00042938        0x0 linker stubs

.v4_bx          0x00042938        0x0
 .v4_bx         0x00042938        0x0 linker stubs

.iplt           0x00042938        0x0
 .iplt          0x00042938        0x0 C:/NXP/S32DS_ARM_v2.2/S32DS/build_tools/gcc_v6.3/arm32_ewl2/lib/thumb/v7e-m/__arm_start.o

.rel.dyn        0x00042938        0x0
 .rel.iplt      0x00042938        0x0 C:/NXP/S32DS_ARM_v2.2/S32DS/build_tools/gcc_v6.3/arm32_ewl2/lib/thumb/v7e-m/__arm_start.o

.ARM.extab
 *(.ARM.extab* .gnu.linkonce.armextab.*)

.ARM            0x00042938        0x0
                0x00042938                __exidx_start = .
 *(.ARM.exidx*)
                0x00042938                __exidx_end = .

.ctors          0x00042938        0x0
                0x00042938                __CTOR_LIST__ = .
 *crtbegin.o(.ctors)
 *crtbegin?.o(.ctors)
 *(EXCLUDE_FILE(*crtend.o *crtend?.o) .ctors)
 *(SORT(.ctors.*))
 *(.ctors)
                0x00042938                __CTOR_END__ = .

.dtors          0x00042938        0x0
                0x00042938                __DTOR_LIST__ = .
 *crtbegin.o(.dtors)
 *crtbegin?.o(.dtors)
 *(EXCLUDE_FILE(*crtend.o *crtend?.o) .dtors)
 *(SORT(.dtors.*))
 *(.dtors)
                0x00042938                __DTOR_END__ = .

.preinit_array  0x00042938        0x0
                0x00042938                PROVIDE (__preinit_array_start, .)
 *(.preinit_array*)
                0x00042938                PROVIDE (__preinit_array_end, .)

.init_array     0x00042938        0x0
                0x00042938                PROVIDE (__init_array_start, .)
 *(SORT(.init_array.*))
 *(.init_array*)
                0x00042938                PROVIDE (__init_array_end, .)

.fini_array     0x00042938        0x0
                0x00042938                PROVIDE (__fini_array_start, .)
 *(SORT(.fini_array.*))
 *(.fini_array*)
                0x00042938                PROVIDE (__fini_array_end, .)
                0x00042938                __etext = .
                0x00042938                __DATA_ROM = .

.interrupts_ram
                0x1fff8000      0x400
                0x1fff8000                . = ALIGN (0x4)
                0x1fff8000                __VECTOR_RAM__ = .
                0x1fff8000                __RAM_START = .
                0x1fff8000                __interrupts_ram_start__ = .
 *(.m_interrupts_ram)
                0x1fff8400                . = (. + M_VECTOR_RAM_SIZE)
 *fill*         0x1fff8000      0x400 
                0x1fff8400                . = ALIGN (0x4)
                0x1fff8400                __interrupts_ram_end__ = .
                0x1fff8000                __VECTOR_RAM = DEFINED (__flash_vector_table__)?ORIGIN (m_interrupts):__VECTOR_RAM__
                0x00000400                __RAM_VECTOR_TABLE_SIZE = DEFINED (__flash_vector_table__)?0x0:(__interrupts_ram_end__ - __interrupts_ram_start__)

.data           0x1fff8400        0x0 load address 0x00042938
                0x1fff8400                . = ALIGN (0x4)
                0x1fff8400                __DATA_RAM = .
                0x1fff8400                __data_start__ = .
 *(.data)
 *(.data*)
 *(.jcr*)
                0x1fff8400                . = ALIGN (0x4)
                0x1fff8400                __data_end__ = .
                0x00042938                __DATA_END = (__DATA_ROM + (__data_end__ - __data_start__))
                0x00042938                __CODE_ROM = __DATA_END

.igot.plt       0x1fff8400        0x0
 .igot.plt      0x1fff8400        0x0 C:/NXP/S32DS_ARM_v2.2/S32DS/build_tools/gcc_v6.3/arm32_ewl2/lib/thumb/v7e-m/__arm_start.o

.code           0x1fff8400        0x0 load address 0x00042938
                0x1fff8400                . = ALIGN (0x4)
                0x1fff8400                __CODE_RAM = .
                0x1fff8400                __code_start__ = .
                0x1fff8400                __code_ram_start__ = .
 *(.code_ram)
                0x1fff8400                . = ALIGN (0x4)
                0x1fff8400                __code_end__ = .
                0x1fff8400                __code_ram_end__ = .
                0x00042938                __CODE_END = (__CODE_ROM + (__code_end__ - __code_start__))
                0x00042938                __CUSTOM_ROM = __CODE_END

.customSectionBlock
                0x20000000        0x0 load address 0x00042938
                0x20000000                __customSection_start__ = .
 *(.customSection)
                0x20000000                __customSection_end__ = .
                0x00042938                __CUSTOM_END = (__CUSTOM_ROM + (__customSection_end__ - __customSection_start__))

.bss            0x20000000       0x10
                0x20000000                . = ALIGN (0x4)
                0x20000000                __BSS_START = .
                0x20000000                __bss_start__ = .
 *(.bss)
 *(.bss*)
 .bss.argv      0x20000000        0x4 C:/NXP/S32DS_ARM_v2.2/S32DS/build_tools/gcc_v6.3/arm32_ewl2/lib/thumb/v7e-m/__arm_start.o
 .bss.__console_exit
                0x20000004        0x4 C:/NXP/S32DS_ARM_v2.2/S32DS/build_tools/gcc_v6.3/arm32_ewl2/lib/thumb/v7e-m\libc99.a(exit.o)
                0x20000004                __console_exit
 .bss.__stdio_exit
                0x20000008        0x4 C:/NXP/S32DS_ARM_v2.2/S32DS/build_tools/gcc_v6.3/arm32_ewl2/lib/thumb/v7e-m\libc99.a(exit.o)
                0x20000008                __stdio_exit
 .bss.__global_destructor_chain
                0x2000000c        0x4 C:/NXP/S32DS_ARM_v2.2/S32DS/build_tools/gcc_v6.3/arm32_ewl2/lib/thumb/v7e-m\librt.a(__arm_eabi_init.o)
                0x2000000c                __global_destructor_chain
 *(COMMON)
                0x20000010                . = ALIGN (0x4)
                0x20000010                __bss_end__ = .
                0x20000010                __BSS_END = .

.heap           0x20000010      0x400
                0x20000010                . = ALIGN (0x8)
                0x20000010                __end__ = .
                0x20000010                __heap_start__ = .
                [!provide]                PROVIDE (end, .)
                [!provide]                PROVIDE (_end, .)
                [!provide]                PROVIDE (__end, .)
                0x20000010                __HeapBase = .
                0x20000410                . = (. + HEAP_SIZE)
 *fill*         0x20000010      0x400 
                0x20000410                __HeapLimit = .
                0x20000410                __heap_limit = .
                0x20000410                __heap_end__ = .
                0x20004000                __StackTop = (ORIGIN (m_data_2) + LENGTH (m_data_2))
                0x20003c00                __StackLimit = (__StackTop - STACK_SIZE)
                [!provide]                PROVIDE (__stack, __StackTop)
                0x20004000                __RAM_END = __StackTop

.stack          0x20003c00      0x400
                0x20003c00                . = ALIGN (0x8)
                0x20003c00                __stack_start__ = .
                0x20004000                . = (. + STACK_SIZE)
 *fill*         0x20003c00      0x400 
                0x20004000                __stack_end__ = .
                0x20000000                __START_BSS = __BSS_START
                0x20000010                __END_BSS = __BSS_END
                0x20004000                __SP_INIT = __StackTop

.ARM.attributes
                0x00000000       0x31
 *(.ARM.attributes)
 .ARM.attributes
                0x00000000       0x33 C:/NXP/S32DS_ARM_v2.2/S32DS/build_tools/gcc_v6.3/arm32_ewl2/lib/thumb/v7e-m/__arm_start.o
 .ARM.attributes
                0x00000033       0x33 ./Project_Settings/Startup_Code/startup.o
 .ARM.attributes
                0x00000066       0x1b ./Project_Settings/Startup_Code/startup_S32K144.o
 .ARM.attributes
                0x00000081       0x33 ./Project_Settings/Startup_Code/system_S32K144.o
 .ARM.attributes
                0x000000b4       0x33 ./src/main.o
 .ARM.attributes
                0x000000e7       0x33 C:/NXP/S32DS_ARM_v2.2/S32DS/build_tools/gcc_v6.3/arm32_ewl2/lib/thumb/v7e-m\libc99.a(exit.o)
 .ARM.attributes
                0x0000011a       0x33 C:/NXP/S32DS_ARM_v2.2/S32DS/build_tools/gcc_v6.3/arm32_ewl2/lib/thumb/v7e-m\libc99.a(memset.o)
 .ARM.attributes
                0x0000014d       0x33 C:/NXP/S32DS_ARM_v2.2/S32DS/build_tools/gcc_v6.3/arm32_ewl2/lib/thumb/v7e-m\libc99.a(__filll_mem.o)
 .ARM.attributes
                0x00000180       0x33 C:/NXP/S32DS_ARM_v2.2/S32DS/build_tools/gcc_v6.3/arm32_ewl2/lib/thumb/v7e-m\librt.a(gcc_ctor_dtor.o)
 .ARM.attributes
                0x000001b3       0x33 C:/NXP/S32DS_ARM_v2.2/S32DS/build_tools/gcc_v6.3/arm32_ewl2/lib/thumb/v7e-m\librt.a(__arm_eabi_init.o)
 .ARM.attributes
                0x000001e6       0x33 C:/NXP/S32DS_ARM_v2.2/S32DS/build_tools/gcc_v6.3/arm32_ewl2/lib/thumb/v7e-m\librt.a(ROMCopy.o)
 .ARM.attributes
                0x00000219       0x33 C:/NXP/S32DS_ARM_v2.2/S32DS/build_tools/gcc_v6.3/arm32_ewl2/lib/thumb/v7e-m/__arm_end.o
                0x00000001                ASSERT ((__StackLimit >= __HeapLimit), region m_data_2 overflowed with stack and heap)
OUTPUT(TestBLD.elf elf32-littlearm)

.debug_info     0x00000000     0x1a76
 .debug_info    0x00000000      0x126 C:/NXP/S32DS_ARM_v2.2/S32DS/build_tools/gcc_v6.3/arm32_ewl2/lib/thumb/v7e-m/__arm_start.o
 .debug_info    0x00000126      0x45b ./Project_Settings/Startup_Code/startup.o
 .debug_info    0x00000581       0x26 ./Project_Settings/Startup_Code/startup_S32K144.o
 .debug_info    0x000005a7      0x50c ./Project_Settings/Startup_Code/system_S32K144.o
 .debug_info    0x00000ab3      0x647 ./src/main.o
 .debug_info    0x000010fa      0x126 C:/NXP/S32DS_ARM_v2.2/S32DS/build_tools/gcc_v6.3/arm32_ewl2/lib/thumb/v7e-m\libc99.a(exit.o)
 .debug_info    0x00001220       0xec C:/NXP/S32DS_ARM_v2.2/S32DS/build_tools/gcc_v6.3/arm32_ewl2/lib/thumb/v7e-m\libc99.a(memset.o)
 .debug_info    0x0000130c      0x135 C:/NXP/S32DS_ARM_v2.2/S32DS/build_tools/gcc_v6.3/arm32_ewl2/lib/thumb/v7e-m\libc99.a(__filll_mem.o)
 .debug_info    0x00001441      0x13f C:/NXP/S32DS_ARM_v2.2/S32DS/build_tools/gcc_v6.3/arm32_ewl2/lib/thumb/v7e-m\librt.a(gcc_ctor_dtor.o)
 .debug_info    0x00001580      0x2a2 C:/NXP/S32DS_ARM_v2.2/S32DS/build_tools/gcc_v6.3/arm32_ewl2/lib/thumb/v7e-m\librt.a(__arm_eabi_init.o)
 .debug_info    0x00001822      0x206 C:/NXP/S32DS_ARM_v2.2/S32DS/build_tools/gcc_v6.3/arm32_ewl2/lib/thumb/v7e-m\librt.a(ROMCopy.o)
 .debug_info    0x00001a28       0x4e C:/NXP/S32DS_ARM_v2.2/S32DS/build_tools/gcc_v6.3/arm32_ewl2/lib/thumb/v7e-m/__arm_end.o

.debug_abbrev   0x00000000      0x9dc
 .debug_abbrev  0x00000000       0xbe C:/NXP/S32DS_ARM_v2.2/S32DS/build_tools/gcc_v6.3/arm32_ewl2/lib/thumb/v7e-m/__arm_start.o
 .debug_abbrev  0x000000be      0x108 ./Project_Settings/Startup_Code/startup.o
 .debug_abbrev  0x000001c6       0x14 ./Project_Settings/Startup_Code/startup_S32K144.o
 .debug_abbrev  0x000001da      0x125 ./Project_Settings/Startup_Code/system_S32K144.o
 .debug_abbrev  0x000002ff      0x158 ./src/main.o
 .debug_abbrev  0x00000457       0x98 C:/NXP/S32DS_ARM_v2.2/S32DS/build_tools/gcc_v6.3/arm32_ewl2/lib/thumb/v7e-m\libc99.a(exit.o)
 .debug_abbrev  0x000004ef       0x62 C:/NXP/S32DS_ARM_v2.2/S32DS/build_tools/gcc_v6.3/arm32_ewl2/lib/thumb/v7e-m\libc99.a(memset.o)
 .debug_abbrev  0x00000551       0x87 C:/NXP/S32DS_ARM_v2.2/S32DS/build_tools/gcc_v6.3/arm32_ewl2/lib/thumb/v7e-m\libc99.a(__filll_mem.o)
 .debug_abbrev  0x000005d8       0xae C:/NXP/S32DS_ARM_v2.2/S32DS/build_tools/gcc_v6.3/arm32_ewl2/lib/thumb/v7e-m\librt.a(gcc_ctor_dtor.o)
 .debug_abbrev  0x00000686      0x1e0 C:/NXP/S32DS_ARM_v2.2/S32DS/build_tools/gcc_v6.3/arm32_ewl2/lib/thumb/v7e-m\librt.a(__arm_eabi_init.o)
 .debug_abbrev  0x00000866      0x12c C:/NXP/S32DS_ARM_v2.2/S32DS/build_tools/gcc_v6.3/arm32_ewl2/lib/thumb/v7e-m\librt.a(ROMCopy.o)
 .debug_abbrev  0x00000992       0x4a C:/NXP/S32DS_ARM_v2.2/S32DS/build_tools/gcc_v6.3/arm32_ewl2/lib/thumb/v7e-m/__arm_end.o

.debug_aranges  0x00000000      0x200
 .debug_aranges
                0x00000000       0x28 C:/NXP/S32DS_ARM_v2.2/S32DS/build_tools/gcc_v6.3/arm32_ewl2/lib/thumb/v7e-m/__arm_start.o
 .debug_aranges
                0x00000028       0x20 ./Project_Settings/Startup_Code/startup.o
 .debug_aranges
                0x00000048       0x20 ./Project_Settings/Startup_Code/startup_S32K144.o
 .debug_aranges
                0x00000068       0x30 ./Project_Settings/Startup_Code/system_S32K144.o
 .debug_aranges
                0x00000098       0x38 ./src/main.o
 .debug_aranges
                0x000000d0       0x28 C:/NXP/S32DS_ARM_v2.2/S32DS/build_tools/gcc_v6.3/arm32_ewl2/lib/thumb/v7e-m\libc99.a(exit.o)
 .debug_aranges
                0x000000f8       0x20 C:/NXP/S32DS_ARM_v2.2/S32DS/build_tools/gcc_v6.3/arm32_ewl2/lib/thumb/v7e-m\libc99.a(memset.o)
 .debug_aranges
                0x00000118       0x20 C:/NXP/S32DS_ARM_v2.2/S32DS/build_tools/gcc_v6.3/arm32_ewl2/lib/thumb/v7e-m\libc99.a(__filll_mem.o)
 .debug_aranges
                0x00000138       0x28 C:/NXP/S32DS_ARM_v2.2/S32DS/build_tools/gcc_v6.3/arm32_ewl2/lib/thumb/v7e-m\librt.a(gcc_ctor_dtor.o)
 .debug_aranges
                0x00000160       0x50 C:/NXP/S32DS_ARM_v2.2/S32DS/build_tools/gcc_v6.3/arm32_ewl2/lib/thumb/v7e-m\librt.a(__arm_eabi_init.o)
 .debug_aranges
                0x000001b0       0x30 C:/NXP/S32DS_ARM_v2.2/S32DS/build_tools/gcc_v6.3/arm32_ewl2/lib/thumb/v7e-m\librt.a(ROMCopy.o)
 .debug_aranges
                0x000001e0       0x20 C:/NXP/S32DS_ARM_v2.2/S32DS/build_tools/gcc_v6.3/arm32_ewl2/lib/thumb/v7e-m/__arm_end.o

.debug_line     0x00000000      0xc82
 .debug_line    0x00000000       0x67 C:/NXP/S32DS_ARM_v2.2/S32DS/build_tools/gcc_v6.3/arm32_ewl2/lib/thumb/v7e-m/__arm_start.o
 .debug_line    0x00000067      0x291 ./Project_Settings/Startup_Code/startup.o
 .debug_line    0x000002f8       0x91 ./Project_Settings/Startup_Code/startup_S32K144.o
 .debug_line    0x00000389      0x2ae ./Project_Settings/Startup_Code/system_S32K144.o
 .debug_line    0x00000637      0x227 ./src/main.o
 .debug_line    0x0000085e       0xa4 C:/NXP/S32DS_ARM_v2.2/S32DS/build_tools/gcc_v6.3/arm32_ewl2/lib/thumb/v7e-m\libc99.a(exit.o)
 .debug_line    0x00000902       0x8f C:/NXP/S32DS_ARM_v2.2/S32DS/build_tools/gcc_v6.3/arm32_ewl2/lib/thumb/v7e-m\libc99.a(memset.o)
 .debug_line    0x00000991       0xaf C:/NXP/S32DS_ARM_v2.2/S32DS/build_tools/gcc_v6.3/arm32_ewl2/lib/thumb/v7e-m\libc99.a(__filll_mem.o)
 .debug_line    0x00000a40       0x6b C:/NXP/S32DS_ARM_v2.2/S32DS/build_tools/gcc_v6.3/arm32_ewl2/lib/thumb/v7e-m\librt.a(gcc_ctor_dtor.o)
 .debug_line    0x00000aab       0xf6 C:/NXP/S32DS_ARM_v2.2/S32DS/build_tools/gcc_v6.3/arm32_ewl2/lib/thumb/v7e-m\librt.a(__arm_eabi_init.o)
 .debug_line    0x00000ba1       0x9e C:/NXP/S32DS_ARM_v2.2/S32DS/build_tools/gcc_v6.3/arm32_ewl2/lib/thumb/v7e-m\librt.a(ROMCopy.o)
 .debug_line    0x00000c3f       0x43 C:/NXP/S32DS_ARM_v2.2/S32DS/build_tools/gcc_v6.3/arm32_ewl2/lib/thumb/v7e-m/__arm_end.o

.debug_str      0x00000000    0x6a4fc
 .debug_str     0x00000000      0x1a4 C:/NXP/S32DS_ARM_v2.2/S32DS/build_tools/gcc_v6.3/arm32_ewl2/lib/thumb/v7e-m/__arm_start.o
                                0x22d (size before relaxing)
 .debug_str     0x000001a4    0x695e7 ./Project_Settings/Startup_Code/startup.o
                              0x69730 (size before relaxing)
 .debug_str     0x0006978b       0x3f ./Project_Settings/Startup_Code/startup_S32K144.o
                                 0x72 (size before relaxing)
 .debug_str     0x000697ca      0x1f3 ./Project_Settings/Startup_Code/system_S32K144.o
                              0x69509 (size before relaxing)
 .debug_str     0x000699bd      0x6a6 ./src/main.o
                              0x64030 (size before relaxing)
 .debug_str     0x0006a063      0x172 C:/NXP/S32DS_ARM_v2.2/S32DS/build_tools/gcc_v6.3/arm32_ewl2/lib/thumb/v7e-m\libc99.a(exit.o)
                                0x210 (size before relaxing)
 .debug_str     0x0006a1d5       0x23 C:/NXP/S32DS_ARM_v2.2/S32DS/build_tools/gcc_v6.3/arm32_ewl2/lib/thumb/v7e-m\libc99.a(memset.o)
                                0x1e8 (size before relaxing)
 .debug_str     0x0006a1f8       0x2d C:/NXP/S32DS_ARM_v2.2/S32DS/build_tools/gcc_v6.3/arm32_ewl2/lib/thumb/v7e-m\libc99.a(__filll_mem.o)
                                0x1fa (size before relaxing)
 .debug_str     0x0006a225      0x119 C:/NXP/S32DS_ARM_v2.2/S32DS/build_tools/gcc_v6.3/arm32_ewl2/lib/thumb/v7e-m\librt.a(gcc_ctor_dtor.o)
                                0x251 (size before relaxing)
 .debug_str     0x0006a33e      0x103 C:/NXP/S32DS_ARM_v2.2/S32DS/build_tools/gcc_v6.3/arm32_ewl2/lib/thumb/v7e-m\librt.a(__arm_eabi_init.o)
                                0x272 (size before relaxing)
 .debug_str     0x0006a441       0x9a C:/NXP/S32DS_ARM_v2.2/S32DS/build_tools/gcc_v6.3/arm32_ewl2/lib/thumb/v7e-m\librt.a(ROMCopy.o)
                                0x1f0 (size before relaxing)
 .debug_str     0x0006a4db       0x21 C:/NXP/S32DS_ARM_v2.2/S32DS/build_tools/gcc_v6.3/arm32_ewl2/lib/thumb/v7e-m/__arm_end.o
                                0x164 (size before relaxing)

.comment        0x00000000      0x11e
 .comment       0x00000000       0x7e C:/NXP/S32DS_ARM_v2.2/S32DS/build_tools/gcc_v6.3/arm32_ewl2/lib/thumb/v7e-m/__arm_start.o
                                 0x7f (size before relaxing)
 .comment       0x0000007e       0xa0 ./Project_Settings/Startup_Code/startup.o
                                 0xa1 (size before relaxing)
 .comment       0x0000011e       0xa1 ./Project_Settings/Startup_Code/system_S32K144.o
 .comment       0x0000011e       0xa1 ./src/main.o
 .comment       0x0000011e       0x7f C:/NXP/S32DS_ARM_v2.2/S32DS/build_tools/gcc_v6.3/arm32_ewl2/lib/thumb/v7e-m\libc99.a(exit.o)
 .comment       0x0000011e       0x7f C:/NXP/S32DS_ARM_v2.2/S32DS/build_tools/gcc_v6.3/arm32_ewl2/lib/thumb/v7e-m\libc99.a(memset.o)
 .comment       0x0000011e       0x7f C:/NXP/S32DS_ARM_v2.2/S32DS/build_tools/gcc_v6.3/arm32_ewl2/lib/thumb/v7e-m\libc99.a(__filll_mem.o)
 .comment       0x0000011e       0x7f C:/NXP/S32DS_ARM_v2.2/S32DS/build_tools/gcc_v6.3/arm32_ewl2/lib/thumb/v7e-m\librt.a(gcc_ctor_dtor.o)
 .comment       0x0000011e       0x7f C:/NXP/S32DS_ARM_v2.2/S32DS/build_tools/gcc_v6.3/arm32_ewl2/lib/thumb/v7e-m\librt.a(__arm_eabi_init.o)
 .comment       0x0000011e       0x7f C:/NXP/S32DS_ARM_v2.2/S32DS/build_tools/gcc_v6.3/arm32_ewl2/lib/thumb/v7e-m\librt.a(ROMCopy.o)
 .comment       0x0000011e       0x7f C:/NXP/S32DS_ARM_v2.2/S32DS/build_tools/gcc_v6.3/arm32_ewl2/lib/thumb/v7e-m/__arm_end.o

.debug_frame    0x00000000      0x360
 .debug_frame   0x00000000       0x30 C:/NXP/S32DS_ARM_v2.2/S32DS/build_tools/gcc_v6.3/arm32_ewl2/lib/thumb/v7e-m/__arm_start.o
 .debug_frame   0x00000030       0x38 ./Project_Settings/Startup_Code/startup.o
 .debug_frame   0x00000068       0x80 ./Project_Settings/Startup_Code/system_S32K144.o
 .debug_frame   0x000000e8       0x90 ./src/main.o
 .debug_frame   0x00000178       0x3c C:/NXP/S32DS_ARM_v2.2/S32DS/build_tools/gcc_v6.3/arm32_ewl2/lib/thumb/v7e-m\libc99.a(exit.o)
 .debug_frame   0x000001b4       0x28 C:/NXP/S32DS_ARM_v2.2/S32DS/build_tools/gcc_v6.3/arm32_ewl2/lib/thumb/v7e-m\libc99.a(memset.o)
 .debug_frame   0x000001dc       0x28 C:/NXP/S32DS_ARM_v2.2/S32DS/build_tools/gcc_v6.3/arm32_ewl2/lib/thumb/v7e-m\libc99.a(__filll_mem.o)
 .debug_frame   0x00000204       0x48 C:/NXP/S32DS_ARM_v2.2/S32DS/build_tools/gcc_v6.3/arm32_ewl2/lib/thumb/v7e-m\librt.a(gcc_ctor_dtor.o)
 .debug_frame   0x0000024c       0xac C:/NXP/S32DS_ARM_v2.2/S32DS/build_tools/gcc_v6.3/arm32_ewl2/lib/thumb/v7e-m\librt.a(__arm_eabi_init.o)
 .debug_frame   0x000002f8       0x48 C:/NXP/S32DS_ARM_v2.2/S32DS/build_tools/gcc_v6.3/arm32_ewl2/lib/thumb/v7e-m\librt.a(ROMCopy.o)
 .debug_frame   0x00000340       0x20 C:/NXP/S32DS_ARM_v2.2/S32DS/build_tools/gcc_v6.3/arm32_ewl2/lib/thumb/v7e-m/__arm_end.o

.debug_ranges   0x00000000       0x58
 .debug_ranges  0x00000000       0x10 ./Project_Settings/Startup_Code/startup.o
 .debug_ranges  0x00000010       0x20 ./Project_Settings/Startup_Code/system_S32K144.o
 .debug_ranges  0x00000030       0x28 ./src/main.o

.debug_macro    0x00000000    0x1f914
 .debug_macro   0x00000000       0xe9 ./Project_Settings/Startup_Code/startup.o
 .debug_macro   0x000000e9      0x8d4 ./Project_Settings/Startup_Code/startup.o
 .debug_macro   0x000009bd       0x52 ./Project_Settings/Startup_Code/startup.o
 .debug_macro   0x00000a0f       0xa0 ./Project_Settings/Startup_Code/startup.o
 .debug_macro   0x00000aaf       0x16 ./Project_Settings/Startup_Code/startup.o
 .debug_macro   0x00000ac5       0x5e ./Project_Settings/Startup_Code/startup.o
 .debug_macro   0x00000b23      0x185 ./Project_Settings/Startup_Code/startup.o
 .debug_macro   0x00000ca8      0x147 ./Project_Settings/Startup_Code/startup.o
 .debug_macro   0x00000def       0x9d ./Project_Settings/Startup_Code/startup.o
 .debug_macro   0x00000e8c       0x10 ./Project_Settings/Startup_Code/startup.o
 .debug_macro   0x00000e9c      0x15b ./Project_Settings/Startup_Code/startup.o
 .debug_macro   0x00000ff7       0x28 ./Project_Settings/Startup_Code/startup.o
 .debug_macro   0x0000101f       0x58 ./Project_Settings/Startup_Code/startup.o
 .debug_macro   0x00001077       0x10 ./Project_Settings/Startup_Code/startup.o
 .debug_macro   0x00001087       0x7a ./Project_Settings/Startup_Code/startup.o
 .debug_macro   0x00001101     0xed32 ./Project_Settings/Startup_Code/startup.o
 .debug_macro   0x0000fe33      0xb86 ./Project_Settings/Startup_Code/startup.o
 .debug_macro   0x000109b9       0x22 ./Project_Settings/Startup_Code/startup.o
 .debug_macro   0x000109db       0x40 ./Project_Settings/Startup_Code/startup.o
 .debug_macro   0x00010a1b       0xe9 ./Project_Settings/Startup_Code/system_S32K144.o
 .debug_macro   0x00010b04       0x19 ./Project_Settings/Startup_Code/system_S32K144.o
 .debug_macro   0x00010b1d     0xed1d ./Project_Settings/Startup_Code/system_S32K144.o
 .debug_macro   0x0001f83a       0x28 ./Project_Settings/Startup_Code/system_S32K144.o
 .debug_macro   0x0001f862       0xb2 ./src/main.o

.debug_loc      0x00000000      0x42e
 .debug_loc     0x00000000       0x5d C:/NXP/S32DS_ARM_v2.2/S32DS/build_tools/gcc_v6.3/arm32_ewl2/lib/thumb/v7e-m\libc99.a(exit.o)
 .debug_loc     0x0000005d       0x64 C:/NXP/S32DS_ARM_v2.2/S32DS/build_tools/gcc_v6.3/arm32_ewl2/lib/thumb/v7e-m\libc99.a(memset.o)
 .debug_loc     0x000000c1       0xea C:/NXP/S32DS_ARM_v2.2/S32DS/build_tools/gcc_v6.3/arm32_ewl2/lib/thumb/v7e-m\libc99.a(__filll_mem.o)
 .debug_loc     0x000001ab       0xbe C:/NXP/S32DS_ARM_v2.2/S32DS/build_tools/gcc_v6.3/arm32_ewl2/lib/thumb/v7e-m\librt.a(gcc_ctor_dtor.o)
 .debug_loc     0x00000269      0x125 C:/NXP/S32DS_ARM_v2.2/S32DS/build_tools/gcc_v6.3/arm32_ewl2/lib/thumb/v7e-m\librt.a(__arm_eabi_init.o)
 .debug_loc     0x0000038e       0xa0 C:/NXP/S32DS_ARM_v2.2/S32DS/build_tools/gcc_v6.3/arm32_ewl2/lib/thumb/v7e-m\librt.a(ROMCopy.o)
