Archive member included because of file (symbol)

C:/NXP/S32DS_ARM_v2.2/S32DS/build_tools/gcc_v4.9/arm_ewl2/lib/armv7e-m\libc99.a(exit.o)
                              C:/NXP/S32DS_ARM_v2.2/S32DS/build_tools/gcc_v4.9/arm_ewl2/lib/armv7e-m/__arm_start.o (exit)
C:/NXP/S32DS_ARM_v2.2/S32DS/build_tools/gcc_v4.9/arm_ewl2/lib/armv7e-m\libc99.a(memset.o)
                              C:/NXP/S32DS_ARM_v2.2/S32DS/build_tools/gcc_v4.9/arm_ewl2/lib/armv7e-m/__arm_start.o (memset)
C:/NXP/S32DS_ARM_v2.2/S32DS/build_tools/gcc_v4.9/arm_ewl2/lib/armv7e-m\libc99.a(__filll_mem.o)
                              C:/NXP/S32DS_ARM_v2.2/S32DS/build_tools/gcc_v4.9/arm_ewl2/lib/armv7e-m\libc99.a(memset.o) (__fill_mem)
C:/NXP/S32DS_ARM_v2.2/S32DS/build_tools/gcc_v4.9/arm_ewl2/lib/armv7e-m\librt.a(gcc_ctor_dtor.o)
                              C:/NXP/S32DS_ARM_v2.2/S32DS/build_tools/gcc_v4.9/arm_ewl2/lib/armv7e-m/__arm_start.o (__init_cpp)
C:/NXP/S32DS_ARM_v2.2/S32DS/build_tools/gcc_v4.9/arm_ewl2/lib/armv7e-m\librt.a(__arm_eabi_init.o)
                              C:/NXP/S32DS_ARM_v2.2/S32DS/build_tools/gcc_v4.9/arm_ewl2/lib/armv7e-m\libc99.a(exit.o) (__destroy_global_chain)
C:/NXP/S32DS_ARM_v2.2/S32DS/build_tools/gcc_v4.9/arm_ewl2/lib/armv7e-m\librt.a(ROMCopy.o)
                              C:/NXP/S32DS_ARM_v2.2/S32DS/build_tools/gcc_v4.9/arm_ewl2/lib/armv7e-m/__arm_start.o (__copy_rom_sections_to_ram)

Discarded input sections

 .text          0x00000000        0x0 C:/NXP/S32DS_ARM_v2.2/S32DS/build_tools/gcc_v4.9/arm_ewl2/lib/armv7e-m/__arm_start.o
 .data          0x00000000        0x0 C:/NXP/S32DS_ARM_v2.2/S32DS/build_tools/gcc_v4.9/arm_ewl2/lib/armv7e-m/__arm_start.o
 .bss           0x00000000        0x0 C:/NXP/S32DS_ARM_v2.2/S32DS/build_tools/gcc_v4.9/arm_ewl2/lib/armv7e-m/__arm_start.o
 .text.__iar_program_start
                0x00000000        0x4 C:/NXP/S32DS_ARM_v2.2/S32DS/build_tools/gcc_v4.9/arm_ewl2/lib/armv7e-m/__arm_start.o
 .group         0x00000000        0x8 ./Project_Settings/Startup_Code/startup.o
 .group         0x00000000        0x8 ./Project_Settings/Startup_Code/startup.o
 .group         0x00000000        0x8 ./Project_Settings/Startup_Code/startup.o
 .group         0x00000000        0x8 ./Project_Settings/Startup_Code/startup.o
 .group         0x00000000        0x8 ./Project_Settings/Startup_Code/startup.o
 .group         0x00000000        0x8 ./Project_Settings/Startup_Code/startup.o
 .group         0x00000000        0x8 ./Project_Settings/Startup_Code/startup.o
 .group         0x00000000        0x8 ./Project_Settings/Startup_Code/startup.o
 .group         0x00000000        0x8 ./Project_Settings/Startup_Code/startup.o
 .group         0x00000000        0x8 ./Project_Settings/Startup_Code/startup.o
 .group         0x00000000        0x8 ./Project_Settings/Startup_Code/startup.o
 .group         0x00000000        0x8 ./Project_Settings/Startup_Code/startup.o
 .group         0x00000000        0x8 ./Project_Settings/Startup_Code/startup.o
 .group         0x00000000        0x8 ./Project_Settings/Startup_Code/startup.o
 .group         0x00000000        0x8 ./Project_Settings/Startup_Code/startup.o
 .group         0x00000000        0x8 ./Project_Settings/Startup_Code/startup.o
 .group         0x00000000        0x8 ./Project_Settings/Startup_Code/startup.o
 .group         0x00000000        0x8 ./Project_Settings/Startup_Code/startup.o
 .text          0x00000000        0x0 ./Project_Settings/Startup_Code/startup.o
 .data          0x00000000        0x0 ./Project_Settings/Startup_Code/startup.o
 .bss           0x00000000        0x0 ./Project_Settings/Startup_Code/startup.o
 .rodata.s_vectors
                0x00000000        0x4 ./Project_Settings/Startup_Code/startup.o
 .data          0x00000000        0x0 ./Project_Settings/Startup_Code/startup_S32K144.o
 .bss           0x00000000        0x0 ./Project_Settings/Startup_Code/startup_S32K144.o
 .FlashConfig   0x00000000       0x10 ./Project_Settings/Startup_Code/startup_S32K144.o
 .group         0x00000000        0x8 ./Project_Settings/Startup_Code/system_S32K144.o
 .group         0x00000000        0x8 ./Project_Settings/Startup_Code/system_S32K144.o
 .group         0x00000000        0x8 ./Project_Settings/Startup_Code/system_S32K144.o
 .group         0x00000000        0x8 ./Project_Settings/Startup_Code/system_S32K144.o
 .group         0x00000000        0x8 ./Project_Settings/Startup_Code/system_S32K144.o
 .group         0x00000000        0x8 ./Project_Settings/Startup_Code/system_S32K144.o
 .group         0x00000000        0x8 ./Project_Settings/Startup_Code/system_S32K144.o
 .group         0x00000000        0x8 ./Project_Settings/Startup_Code/system_S32K144.o
 .group         0x00000000        0x8 ./Project_Settings/Startup_Code/system_S32K144.o
 .group         0x00000000        0x8 ./Project_Settings/Startup_Code/system_S32K144.o
 .group         0x00000000        0x8 ./Project_Settings/Startup_Code/system_S32K144.o
 .group         0x00000000        0x8 ./Project_Settings/Startup_Code/system_S32K144.o
 .group         0x00000000        0x8 ./Project_Settings/Startup_Code/system_S32K144.o
 .group         0x00000000        0x8 ./Project_Settings/Startup_Code/system_S32K144.o
 .group         0x00000000        0x8 ./Project_Settings/Startup_Code/system_S32K144.o
 .group         0x00000000        0x8 ./Project_Settings/Startup_Code/system_S32K144.o
 .group         0x00000000        0x8 ./Project_Settings/Startup_Code/system_S32K144.o
 .group         0x00000000        0x8 ./Project_Settings/Startup_Code/system_S32K144.o
 .group         0x00000000        0x8 ./Project_Settings/Startup_Code/system_S32K144.o
 .text          0x00000000        0x0 ./Project_Settings/Startup_Code/system_S32K144.o
 .data          0x00000000        0x0 ./Project_Settings/Startup_Code/system_S32K144.o
 .bss           0x00000000        0x0 ./Project_Settings/Startup_Code/system_S32K144.o
 .data.SystemCoreClock
                0x00000000        0x4 ./Project_Settings/Startup_Code/system_S32K144.o
 .text.SystemCoreClockUpdate
                0x00000000       0xe8 ./Project_Settings/Startup_Code/system_S32K144.o
 .text.SystemSoftwareReset
                0x00000000       0x40 ./Project_Settings/Startup_Code/system_S32K144.o
 .rodata.fircFreq.5151
                0x00000000        0x4 ./Project_Settings/Startup_Code/system_S32K144.o
 .debug_macro   0x00000000      0x868 ./Project_Settings/Startup_Code/system_S32K144.o
 .debug_macro   0x00000000       0x52 ./Project_Settings/Startup_Code/system_S32K144.o
 .debug_macro   0x00000000       0xa0 ./Project_Settings/Startup_Code/system_S32K144.o
 .debug_macro   0x00000000       0x16 ./Project_Settings/Startup_Code/system_S32K144.o
 .debug_macro   0x00000000       0x10 ./Project_Settings/Startup_Code/system_S32K144.o
 .debug_macro   0x00000000       0x7a ./Project_Settings/Startup_Code/system_S32K144.o
 .debug_macro   0x00000000       0x5e ./Project_Settings/Startup_Code/system_S32K144.o
 .debug_macro   0x00000000      0x185 ./Project_Settings/Startup_Code/system_S32K144.o
 .debug_macro   0x00000000      0x147 ./Project_Settings/Startup_Code/system_S32K144.o
 .debug_macro   0x00000000       0x9d ./Project_Settings/Startup_Code/system_S32K144.o
 .debug_macro   0x00000000       0x10 ./Project_Settings/Startup_Code/system_S32K144.o
 .debug_macro   0x00000000      0x15b ./Project_Settings/Startup_Code/system_S32K144.o
 .debug_macro   0x00000000       0x28 ./Project_Settings/Startup_Code/system_S32K144.o
 .debug_macro   0x00000000       0x58 ./Project_Settings/Startup_Code/system_S32K144.o
 .debug_macro   0x00000000      0xb86 ./Project_Settings/Startup_Code/system_S32K144.o
 .debug_macro   0x00000000       0x22 ./Project_Settings/Startup_Code/system_S32K144.o
 .group         0x00000000        0x8 ./src/main.o
 .group         0x00000000        0x8 ./src/main.o
 .group         0x00000000        0x8 ./src/main.o
 .group         0x00000000        0x8 ./src/main.o
 .group         0x00000000        0x8 ./src/main.o
 .group         0x00000000        0x8 ./src/main.o
 .group         0x00000000        0x8 ./src/main.o
 .group         0x00000000        0x8 ./src/main.o
 .group         0x00000000        0x8 ./src/main.o
 .group         0x00000000        0x8 ./src/main.o
 .group         0x00000000        0x8 ./src/main.o
 .group         0x00000000        0x8 ./src/main.o
 .group         0x00000000        0x8 ./src/main.o
 .group         0x00000000        0x8 ./src/main.o
 .text          0x00000000        0x0 ./src/main.o
 .data          0x00000000        0x0 ./src/main.o
 .bss           0x00000000        0x0 ./src/main.o
 .debug_macro   0x00000000      0x868 ./src/main.o
 .debug_macro   0x00000000       0x52 ./src/main.o
 .debug_macro   0x00000000       0xa0 ./src/main.o
 .debug_macro   0x00000000       0x16 ./src/main.o
 .debug_macro   0x00000000       0x19 ./src/main.o
 .debug_macro   0x00000000       0x5e ./src/main.o
 .debug_macro   0x00000000      0x185 ./src/main.o
 .debug_macro   0x00000000      0x147 ./src/main.o
 .debug_macro   0x00000000       0x9d ./src/main.o
 .debug_macro   0x00000000       0x10 ./src/main.o
 .debug_macro   0x00000000      0x15b ./src/main.o
 .debug_macro   0x00000000       0x28 ./src/main.o
 .debug_macro   0x00000000       0x58 ./src/main.o
 .debug_macro   0x00000000     0xed1d ./src/main.o
 .text          0x00000000        0x0 C:/NXP/S32DS_ARM_v2.2/S32DS/build_tools/gcc_v4.9/arm_ewl2/lib/armv7e-m\libc99.a(exit.o)
 .data          0x00000000        0x0 C:/NXP/S32DS_ARM_v2.2/S32DS/build_tools/gcc_v4.9/arm_ewl2/lib/armv7e-m\libc99.a(exit.o)
 .bss           0x00000000        0x0 C:/NXP/S32DS_ARM_v2.2/S32DS/build_tools/gcc_v4.9/arm_ewl2/lib/armv7e-m\libc99.a(exit.o)
 .text._Exit    0x00000000        0x4 C:/NXP/S32DS_ARM_v2.2/S32DS/build_tools/gcc_v4.9/arm_ewl2/lib/armv7e-m\libc99.a(exit.o)
 .text          0x00000000        0x0 C:/NXP/S32DS_ARM_v2.2/S32DS/build_tools/gcc_v4.9/arm_ewl2/lib/armv7e-m\libc99.a(memset.o)
 .data          0x00000000        0x0 C:/NXP/S32DS_ARM_v2.2/S32DS/build_tools/gcc_v4.9/arm_ewl2/lib/armv7e-m\libc99.a(memset.o)
 .bss           0x00000000        0x0 C:/NXP/S32DS_ARM_v2.2/S32DS/build_tools/gcc_v4.9/arm_ewl2/lib/armv7e-m\libc99.a(memset.o)
 .text          0x00000000        0x0 C:/NXP/S32DS_ARM_v2.2/S32DS/build_tools/gcc_v4.9/arm_ewl2/lib/armv7e-m\libc99.a(__filll_mem.o)
 .data          0x00000000        0x0 C:/NXP/S32DS_ARM_v2.2/S32DS/build_tools/gcc_v4.9/arm_ewl2/lib/armv7e-m\libc99.a(__filll_mem.o)
 .bss           0x00000000        0x0 C:/NXP/S32DS_ARM_v2.2/S32DS/build_tools/gcc_v4.9/arm_ewl2/lib/armv7e-m\libc99.a(__filll_mem.o)
 .text          0x00000000        0x0 C:/NXP/S32DS_ARM_v2.2/S32DS/build_tools/gcc_v4.9/arm_ewl2/lib/armv7e-m\librt.a(gcc_ctor_dtor.o)
 .data          0x00000000        0x0 C:/NXP/S32DS_ARM_v2.2/S32DS/build_tools/gcc_v4.9/arm_ewl2/lib/armv7e-m\librt.a(gcc_ctor_dtor.o)
 .bss           0x00000000        0x0 C:/NXP/S32DS_ARM_v2.2/S32DS/build_tools/gcc_v4.9/arm_ewl2/lib/armv7e-m\librt.a(gcc_ctor_dtor.o)
 .bss.__dso_handle
                0x00000000        0x4 C:/NXP/S32DS_ARM_v2.2/S32DS/build_tools/gcc_v4.9/arm_ewl2/lib/armv7e-m\librt.a(gcc_ctor_dtor.o)
 .text          0x00000000        0x0 C:/NXP/S32DS_ARM_v2.2/S32DS/build_tools/gcc_v4.9/arm_ewl2/lib/armv7e-m\librt.a(__arm_eabi_init.o)
 .data          0x00000000        0x0 C:/NXP/S32DS_ARM_v2.2/S32DS/build_tools/gcc_v4.9/arm_ewl2/lib/armv7e-m\librt.a(__arm_eabi_init.o)
 .bss           0x00000000        0x0 C:/NXP/S32DS_ARM_v2.2/S32DS/build_tools/gcc_v4.9/arm_ewl2/lib/armv7e-m\librt.a(__arm_eabi_init.o)
 .text.__register_global_object
                0x00000000       0x14 C:/NXP/S32DS_ARM_v2.2/S32DS/build_tools/gcc_v4.9/arm_ewl2/lib/armv7e-m\librt.a(__arm_eabi_init.o)
 .text.__cxa_atexit
                0x00000000       0x38 C:/NXP/S32DS_ARM_v2.2/S32DS/build_tools/gcc_v4.9/arm_ewl2/lib/armv7e-m\librt.a(__arm_eabi_init.o)
 .text.__aeabi_atexit
                0x00000000        0xa C:/NXP/S32DS_ARM_v2.2/S32DS/build_tools/gcc_v4.9/arm_ewl2/lib/armv7e-m\librt.a(__arm_eabi_init.o)
 .text.__register_atexit
                0x00000000        0x8 C:/NXP/S32DS_ARM_v2.2/S32DS/build_tools/gcc_v4.9/arm_ewl2/lib/armv7e-m\librt.a(__arm_eabi_init.o)
 .bss.atexit_curr_func
                0x00000000        0x4 C:/NXP/S32DS_ARM_v2.2/S32DS/build_tools/gcc_v4.9/arm_ewl2/lib/armv7e-m\librt.a(__arm_eabi_init.o)
 .bss.atexit_funcs
                0x00000000      0x300 C:/NXP/S32DS_ARM_v2.2/S32DS/build_tools/gcc_v4.9/arm_ewl2/lib/armv7e-m\librt.a(__arm_eabi_init.o)
 .text          0x00000000        0x0 C:/NXP/S32DS_ARM_v2.2/S32DS/build_tools/gcc_v4.9/arm_ewl2/lib/armv7e-m\librt.a(ROMCopy.o)
 .data          0x00000000        0x0 C:/NXP/S32DS_ARM_v2.2/S32DS/build_tools/gcc_v4.9/arm_ewl2/lib/armv7e-m\librt.a(ROMCopy.o)
 .bss           0x00000000        0x0 C:/NXP/S32DS_ARM_v2.2/S32DS/build_tools/gcc_v4.9/arm_ewl2/lib/armv7e-m\librt.a(ROMCopy.o)
 .text.__flush_cache
                0x00000000        0x2 C:/NXP/S32DS_ARM_v2.2/S32DS/build_tools/gcc_v4.9/arm_ewl2/lib/armv7e-m\librt.a(ROMCopy.o)
 .text          0x00000000        0x0 C:/NXP/S32DS_ARM_v2.2/S32DS/build_tools/gcc_v4.9/arm_ewl2/lib/armv7e-m/__arm_end.o
 .data          0x00000000        0x0 C:/NXP/S32DS_ARM_v2.2/S32DS/build_tools/gcc_v4.9/arm_ewl2/lib/armv7e-m/__arm_end.o
 .bss           0x00000000        0x0 C:/NXP/S32DS_ARM_v2.2/S32DS/build_tools/gcc_v4.9/arm_ewl2/lib/armv7e-m/__arm_end.o

Memory Configuration

Name             Origin             Length             Attributes
m_interrupts     0x1fff8000         0x00000400         xr
m_text           0x1fff8400         0x00007c00         xr
m_data           0x20000000         0x00007000         rw
*default*        0x00000000         0xffffffff

Linker script and memory map

LOAD C:/NXP/S32DS_ARM_v2.2/S32DS/build_tools/gcc_v4.9/arm_ewl2/lib/armv7e-m/__arm_start.o
LOAD ./Project_Settings/Startup_Code/startup.o
LOAD ./Project_Settings/Startup_Code/startup_S32K144.o
LOAD ./Project_Settings/Startup_Code/system_S32K144.o
LOAD ./src/main.o
START GROUP
LOAD C:/NXP/S32DS_ARM_v2.2/S32DS/build_tools/gcc_v4.9/arm_ewl2/lib/armv7e-m\libc99.a
LOAD C:/NXP/S32DS_ARM_v2.2/S32DS/build_tools/gcc_v4.9/arm_ewl2/lib/armv7e-m\libm.a
LOAD c:/nxp/s32ds_arm_v2.2/s32ds/build_tools/gcc_v4.9/gcc-arm-none-eabi-4_9/bin/../lib/gcc/arm-none-eabi/4.9.3/armv7e-m\libgcc.a
LOAD C:/NXP/S32DS_ARM_v2.2/S32DS/build_tools/gcc_v4.9/arm_ewl2/lib/armv7e-m\librt.a
LOAD C:/NXP/S32DS_ARM_v2.2/S32DS/build_tools/gcc_v4.9/arm_ewl2/lib/armv7e-m\libnoio.a
END GROUP
LOAD C:/NXP/S32DS_ARM_v2.2/S32DS/build_tools/gcc_v4.9/arm_ewl2/lib/armv7e-m/__arm_end.o
                0x00000400                HEAP_SIZE = DEFINED (__heap_size__)?__heap_size__:0x400
                0x00000400                STACK_SIZE = DEFINED (__stack_size__)?__stack_size__:0x400

.interrupts     0x1fff8000      0x400
                0x1fff8000                __VECTOR_TABLE = .
                0x1fff8000                __interrupts_start__ = .
                0x1fff8000                . = ALIGN (0x4)
 *(.isr_vector)
 .isr_vector    0x1fff8000      0x400 ./Project_Settings/Startup_Code/startup_S32K144.o
                0x1fff8000                __isr_vector
                0x1fff8400                __interrupts_end__ = .
                0x1fff8400                . = ALIGN (0x4)
                0x1fff8000                __VECTOR_RAM = __VECTOR_TABLE
                0x00000000                __RAM_VECTOR_TABLE_SIZE = 0x0

.text           0x1fff8400      0x434
                0x1fff8400                . = ALIGN (0x4)
 *(.text)
 .text          0x1fff8400       0x44 ./Project_Settings/Startup_Code/startup_S32K144.o
                0x1fff8400                Reset_Handler
                0x1fff8440                DebugMon_Handler
                0x1fff8440                Reserved88_IRQHandler
                0x1fff8440                CAN0_ORed_IRQHandler
                0x1fff8440                HardFault_Handler
                0x1fff8440                Reserved86_IRQHandler
                0x1fff8440                Reserved103_IRQHandler
                0x1fff8440                SysTick_Handler
                0x1fff8440                FTM2_Ovf_Reload_IRQHandler
                0x1fff8440                Reserved50_IRQHandler
                0x1fff8440                FTFC_Fault_IRQHandler
                0x1fff8440                FTM0_Ch6_Ch7_IRQHandler
                0x1fff8440                Reserved114_IRQHandler
                0x1fff8440                PendSV_Handler
                0x1fff8440                NMI_Handler
                0x1fff8440                Reserved89_IRQHandler
                0x1fff8440                ERM_double_fault_IRQHandler
                0x1fff8440                DMA2_IRQHandler
                0x1fff8440                Reserved59_IRQHandler
                0x1fff8440                LPIT0_Ch0_IRQHandler
                0x1fff8440                Reserved99_IRQHandler
                0x1fff8440                FTM3_Ch6_Ch7_IRQHandler
                0x1fff8440                CAN2_ORed_0_15_MB_IRQHandler
                0x1fff8440                LPIT0_Ch3_IRQHandler
                0x1fff8440                Reserved92_IRQHandler
                0x1fff8440                FTM0_Ch4_Ch5_IRQHandler
                0x1fff8440                CAN1_Error_IRQHandler
                0x1fff8440                FTM3_Ch0_Ch1_IRQHandler
                0x1fff8440                SWI_IRQHandler
                0x1fff8440                ADC0_IRQHandler
                0x1fff8440                FTM2_Ch4_Ch5_IRQHandler
                0x1fff8440                UsageFault_Handler
                0x1fff8440                FTM0_Ovf_Reload_IRQHandler
                0x1fff8440                DefaultISR
                0x1fff8440                DMA9_IRQHandler
                0x1fff8440                Reserved58_IRQHandler
                0x1fff8440                CAN1_ORed_0_15_MB_IRQHandler
                0x1fff8440                FTM1_Ch2_Ch3_IRQHandler
                0x1fff8440                DMA14_IRQHandler
                0x1fff8440                Reserved82_IRQHandler
                0x1fff8440                CAN0_ORed_16_31_MB_IRQHandler
                0x1fff8440                LPI2C0_Slave_IRQHandler
                0x1fff8440                Reserved71_IRQHandler
                0x1fff8440                PORTD_IRQHandler
                0x1fff8440                Reserved69_IRQHandler
                0x1fff8440                PORTB_IRQHandler
                0x1fff8440                Reserved70_IRQHandler
                0x1fff8440                ADC1_IRQHandler
                0x1fff8440                FTM2_Ch2_Ch3_IRQHandler
                0x1fff8440                Reserved53_IRQHandler
                0x1fff8440                DMA5_IRQHandler
                0x1fff8440                RTC_IRQHandler
                0x1fff8440                PDB0_IRQHandler
                0x1fff8440                Reserved54_IRQHandler
                0x1fff8440                FTM2_Ch6_Ch7_IRQHandler
                0x1fff8440                FTM3_Ch2_Ch3_IRQHandler
                0x1fff8440                FTM2_Ch0_Ch1_IRQHandler
                0x1fff8440                LPSPI1_IRQHandler
                0x1fff8440                LPUART1_RxTx_IRQHandler
                0x1fff8440                RTC_Seconds_IRQHandler
                0x1fff8440                CAN2_ORed_IRQHandler
                0x1fff8440                Reserved72_IRQHandler
                0x1fff8440                Reserved110_IRQHandler
                0x1fff8440                DMA11_IRQHandler
                0x1fff8440                Reserved107_IRQHandler
                0x1fff8440                Read_Collision_IRQHandler
                0x1fff8440                CAN2_Error_IRQHandler
                0x1fff8440                FTFC_IRQHandler
                0x1fff8440                DMA7_IRQHandler
                0x1fff8440                FTM1_Ch6_Ch7_IRQHandler
                0x1fff8440                Reserved105_IRQHandler
                0x1fff8440                LPIT0_Ch1_IRQHandler
                0x1fff8440                FTM1_Ch4_Ch5_IRQHandler
                0x1fff8440                FTM3_Ovf_Reload_IRQHandler
                0x1fff8440                LPUART2_RxTx_IRQHandler
                0x1fff8440                LPSPI0_IRQHandler
                0x1fff8440                WDOG_EWM_IRQHandler
                0x1fff8440                MemManage_Handler
                0x1fff8440                Reserved90_IRQHandler
                0x1fff8440                Reserved83_IRQHandler
                0x1fff8440                FTM0_Fault_IRQHandler
                0x1fff8440                Reserved48_IRQHandler
                0x1fff8440                SVC_Handler
                0x1fff8440                ERM_single_fault_IRQHandler
                0x1fff8440                FTM2_Fault_IRQHandler
                0x1fff8440                FTM0_Ch2_Ch3_IRQHandler
                0x1fff8440                DMA13_IRQHandler
                0x1fff8440                FTM0_Ch0_Ch1_IRQHandler
                0x1fff8440                FTM3_Fault_IRQHandler
                0x1fff8440                RCM_IRQHandler
                0x1fff8440                DMA3_IRQHandler
                0x1fff8440                Reserved100_IRQHandler
                0x1fff8440                DMA0_IRQHandler
                0x1fff8440                Reserved91_IRQHandler
                0x1fff8440                CAN1_ORed_IRQHandler
                0x1fff8440                DMA15_IRQHandler
                0x1fff8440                SCG_IRQHandler
                0x1fff8440                PDB1_IRQHandler
                0x1fff8440                Reserved81_IRQHandler
                0x1fff8440                Reserved46_IRQHandler
                0x1fff8440                Reserved45_IRQHandler
                0x1fff8440                CAN0_Error_IRQHandler
                0x1fff8440                Reserved112_IRQHandler
                0x1fff8440                LPI2C0_Master_IRQHandler
                0x1fff8440                DMA4_IRQHandler
                0x1fff8440                FTM1_Fault_IRQHandler
                0x1fff8440                Reserved106_IRQHandler
                0x1fff8440                DMA_Error_IRQHandler
                0x1fff8440                LVD_LVW_IRQHandler
                0x1fff8440                LPIT0_Ch2_IRQHandler
                0x1fff8440                PORTA_IRQHandler
                0x1fff8440                MCM_IRQHandler
                0x1fff8440                LPSPI2_IRQHandler
                0x1fff8440                DMA12_IRQHandler
                0x1fff8440                FTM3_Ch4_Ch5_IRQHandler
                0x1fff8440                CAN0_ORed_0_15_MB_IRQHandler
                0x1fff8440                PORTE_IRQHandler
                0x1fff8440                LPUART0_RxTx_IRQHandler
                0x1fff8440                LPTMR0_IRQHandler
                0x1fff8440                BusFault_Handler
                0x1fff8440                Reserved87_IRQHandler
                0x1fff8440                FTM1_Ovf_Reload_IRQHandler
                0x1fff8440                DMA8_IRQHandler
                0x1fff8440                Reserved93_IRQHandler
                0x1fff8440                DMA10_IRQHandler
                0x1fff8440                CAN0_Wake_Up_IRQHandler
                0x1fff8440                CMP0_IRQHandler
                0x1fff8440                Reserved52_IRQHandler
                0x1fff8440                PORTC_IRQHandler
                0x1fff8440                DMA6_IRQHandler
                0x1fff8440                FTM1_Ch0_Ch1_IRQHandler
                0x1fff8440                FLEXIO_IRQHandler
                0x1fff8440                DMA1_IRQHandler
                0x1fff8440                Reserved113_IRQHandler
 *(.text*)
 .text.__thumb_startup
                0x1fff8444       0x3c C:/NXP/S32DS_ARM_v2.2/S32DS/build_tools/gcc_v4.9/arm_ewl2/lib/armv7e-m/__arm_start.o
                0x1fff8444                _start
                0x1fff8444                __thumb_startup
 .text.init_data_bss
                0x1fff8480      0x128 ./Project_Settings/Startup_Code/startup.o
                0x1fff8480                init_data_bss
 .text.SystemInit
                0x1fff85a8       0x30 ./Project_Settings/Startup_Code/system_S32K144.o
                0x1fff85a8                SystemInit
 .text.delay    0x1fff85d8       0x24 ./src/main.o
                0x1fff85d8                delay
 .text.main     0x1fff85fc       0x48 ./src/main.o
                0x1fff85fc                main
 .text.exit     0x1fff8644       0x38 C:/NXP/S32DS_ARM_v2.2/S32DS/build_tools/gcc_v4.9/arm_ewl2/lib/armv7e-m\libc99.a(exit.o)
                0x1fff8644                exit
 .text.memset   0x1fff867c        0xc C:/NXP/S32DS_ARM_v2.2/S32DS/build_tools/gcc_v4.9/arm_ewl2/lib/armv7e-m\libc99.a(memset.o)
                0x1fff867c                memset
 .text.__fill_mem
                0x1fff8688       0x7a C:/NXP/S32DS_ARM_v2.2/S32DS/build_tools/gcc_v4.9/arm_ewl2/lib/armv7e-m\libc99.a(__filll_mem.o)
                0x1fff8688                __fill_mem
 *fill*         0x1fff8702        0x2 
 .text.__init_cpp
                0x1fff8704       0x4c C:/NXP/S32DS_ARM_v2.2/S32DS/build_tools/gcc_v4.9/arm_ewl2/lib/armv7e-m\librt.a(gcc_ctor_dtor.o)
                0x1fff8704                __init_cpp
 .text.__fini_cpp
                0x1fff8750       0x34 C:/NXP/S32DS_ARM_v2.2/S32DS/build_tools/gcc_v4.9/arm_ewl2/lib/armv7e-m\librt.a(gcc_ctor_dtor.o)
                0x1fff8750                __fini_cpp
 .text.__destroy_global_chain
                0x1fff8784       0x18 C:/NXP/S32DS_ARM_v2.2/S32DS/build_tools/gcc_v4.9/arm_ewl2/lib/armv7e-m\librt.a(__arm_eabi_init.o)
                0x1fff8784                __destroy_global_chain
 .text.__init_registers
                0x1fff879c       0x20 C:/NXP/S32DS_ARM_v2.2/S32DS/build_tools/gcc_v4.9/arm_ewl2/lib/armv7e-m\librt.a(__arm_eabi_init.o)
                0x1fff879c                __init_registers
 .text.__init_hardware
                0x1fff87bc        0x4 C:/NXP/S32DS_ARM_v2.2/S32DS/build_tools/gcc_v4.9/arm_ewl2/lib/armv7e-m\librt.a(__arm_eabi_init.o)
                0x1fff87bc                __init_hardware
 .text.__init_user
                0x1fff87c0        0x4 C:/NXP/S32DS_ARM_v2.2/S32DS/build_tools/gcc_v4.9/arm_ewl2/lib/armv7e-m\librt.a(__arm_eabi_init.o)
                0x1fff87c0                __init_user
 .text.__copy_rom_section
                0x1fff87c4       0x42 C:/NXP/S32DS_ARM_v2.2/S32DS/build_tools/gcc_v4.9/arm_ewl2/lib/armv7e-m\librt.a(ROMCopy.o)
                0x1fff87c4                __copy_rom_section
 *fill*         0x1fff8806        0x2 
 .text.__copy_rom_sections_to_ram
                0x1fff8808       0x28 C:/NXP/S32DS_ARM_v2.2/S32DS/build_tools/gcc_v4.9/arm_ewl2/lib/armv7e-m\librt.a(ROMCopy.o)
                0x1fff8808                __copy_rom_sections_to_ram
 .text._ExitProcess
                0x1fff8830        0x2 C:/NXP/S32DS_ARM_v2.2/S32DS/build_tools/gcc_v4.9/arm_ewl2/lib/armv7e-m/__arm_end.o
                0x1fff8830                _ExitProcess
 *(.rodata)
 *(.rodata*)
 *(.glue_7)
 .glue_7        0x00000000        0x0 linker stubs
 *(.glue_7t)
 .glue_7t       0x00000000        0x0 linker stubs
 *(.eh_frame)
 *(.init)
 *(.fini)
                0x1fff8834                . = ALIGN (0x4)
 *fill*         0x1fff8832        0x2 

.vfp11_veneer   0x1fff8834        0x0
 .vfp11_veneer  0x00000000        0x0 linker stubs

.v4_bx          0x1fff8834        0x0
 .v4_bx         0x00000000        0x0 linker stubs

.iplt           0x1fff8834        0x0
 .iplt          0x00000000        0x0 C:/NXP/S32DS_ARM_v2.2/S32DS/build_tools/gcc_v4.9/arm_ewl2/lib/armv7e-m/__arm_start.o

.rel.dyn        0x1fff8834        0x0
 .rel.iplt      0x00000000        0x0 C:/NXP/S32DS_ARM_v2.2/S32DS/build_tools/gcc_v4.9/arm_ewl2/lib/armv7e-m/__arm_start.o

.code_ram       0x1fff8834        0x0
                0x1fff8834                . = ALIGN (0x4)
                0x1fff8834                __CODE_RAM = .
                0x1fff8834                __code_ram_start__ = .
 *(.code_ram)
                0x1fff8834                __CODE_ROM = .
                0x1fff8834                __CODE_END = .
                0x1fff8834                __code_ram_end__ = .
                0x1fff8834                . = ALIGN (0x4)

.ARM.extab
 *(.ARM.extab* .gnu.linkonce.armextab.*)

.ARM            0x1fff8834        0x0
                0x1fff8834                __exidx_start = .
 *(.ARM.exidx*)
                0x1fff8834                __exidx_end = .

.ctors          0x1fff8834        0x0
                0x1fff8834                __CTOR_LIST__ = .
 *crtbegin.o(.ctors)
 *crtbegin?.o(.ctors)
 *(EXCLUDE_FILE(*crtend.o *crtend?.o) .ctors)
 *(SORT(.ctors.*))
 *(.ctors)
                0x1fff8834                __CTOR_END__ = .

.dtors          0x1fff8834        0x0
                0x1fff8834                __DTOR_LIST__ = .
 *crtbegin.o(.dtors)
 *crtbegin?.o(.dtors)
 *(EXCLUDE_FILE(*crtend.o *crtend?.o) .dtors)
 *(SORT(.dtors.*))
 *(.dtors)
                0x1fff8834                __DTOR_END__ = .

.preinit_array  0x1fff8834        0x0
                0x1fff8834                PROVIDE (__preinit_array_start, .)
 *(.preinit_array*)
                0x1fff8834                PROVIDE (__preinit_array_end, .)

.init_array     0x1fff8834        0x0
                0x1fff8834                PROVIDE (__init_array_start, .)
 *(SORT(.init_array.*))
 *(.init_array*)
                0x1fff8834                PROVIDE (__init_array_end, .)

.fini_array     0x1fff8834        0x0
                0x1fff8834                PROVIDE (__fini_array_start, .)
 *(SORT(.fini_array.*))
 *(.fini_array*)
                0x1fff8834                PROVIDE (__fini_array_end, .)
                0x1fff8834                __etext = .
                0x1fff8834                __DATA_ROM = .
                0x1fff8834                __DATA_END = __DATA_ROM

.customSectionBlock
                0x20000000        0x0
                0x20000000                __customSection_start__ = .
 *(.customSection)
                0x20000000                __customSection_end__ = .
                0x20000000                __CUSTOM_ROM = .
                0x20000000                __CUSTOM_END = .

.data           0x20000000        0x0
                0x20000000                . = ALIGN (0x4)
                0x20000000                __DATA_RAM = .
                0x20000000                __data_start__ = .
 *(.data)
 *(.data*)
 *(.jcr*)
                0x20000000                . = ALIGN (0x4)
                0x20000000                __data_end__ = .

.igot.plt       0x20000000        0x0
 .igot.plt      0x00000000        0x0 C:/NXP/S32DS_ARM_v2.2/S32DS/build_tools/gcc_v4.9/arm_ewl2/lib/armv7e-m/__arm_start.o

.bss            0x20000000       0x10
                0x20000000                . = ALIGN (0x4)
                0x20000000                __BSS_START = .
                0x20000000                __bss_start__ = .
 *(.bss)
 *(.bss*)
 .bss.argv      0x20000000        0x4 C:/NXP/S32DS_ARM_v2.2/S32DS/build_tools/gcc_v4.9/arm_ewl2/lib/armv7e-m/__arm_start.o
 .bss.__stdio_exit
                0x20000004        0x4 C:/NXP/S32DS_ARM_v2.2/S32DS/build_tools/gcc_v4.9/arm_ewl2/lib/armv7e-m\libc99.a(exit.o)
                0x20000004                __stdio_exit
 .bss.__console_exit
                0x20000008        0x4 C:/NXP/S32DS_ARM_v2.2/S32DS/build_tools/gcc_v4.9/arm_ewl2/lib/armv7e-m\libc99.a(exit.o)
                0x20000008                __console_exit
 .bss.__global_destructor_chain
                0x2000000c        0x4 C:/NXP/S32DS_ARM_v2.2/S32DS/build_tools/gcc_v4.9/arm_ewl2/lib/armv7e-m\librt.a(__arm_eabi_init.o)
                0x2000000c                __global_destructor_chain
 *(COMMON)
                0x20000010                . = ALIGN (0x4)
                0x20000010                __bss_end__ = .
                0x20000010                __BSS_END = .

.heap           0x20000010      0x400
                0x20000010                . = ALIGN (0x8)
                0x20000010                __end__ = .
                0x20000010                __heap_start__ = .
                0x20000010                PROVIDE (end, .)
                0x20000010                PROVIDE (_end, .)
                0x20000010                PROVIDE (__end, .)
                0x20000010                __HeapBase = .
                0x20000410                . = (. + HEAP_SIZE)
 *fill*         0x20000010      0x400 
                0x20000410                __HeapLimit = .
                0x20000410                __heap_limit = .
                0x20000410                __heap_end__ = .
                0x20007000                __StackTop = (ORIGIN (m_data) + 0x7000)
                0x20006c00                __StackLimit = (__StackTop - STACK_SIZE)
                0x20007000                PROVIDE (__stack, __StackTop)

.stack          0x20006c00      0x400
                0x20006c00                . = ALIGN (0x8)
                0x20006c00                __stack_start__ = .
                0x20007000                . = (. + STACK_SIZE)
 *fill*         0x20006c00      0x400 
                0x20007000                __stack_end__ = .
                0x20000000                __START_BSS = __BSS_START
                0x20000010                __END_BSS = __BSS_END
                0x20007000                __SP_INIT = __StackTop

.ARM.attributes
                0x00000000       0x31
 *(.ARM.attributes)
 .ARM.attributes
                0x00000000       0x33 C:/NXP/S32DS_ARM_v2.2/S32DS/build_tools/gcc_v4.9/arm_ewl2/lib/armv7e-m/__arm_start.o
 .ARM.attributes
                0x00000033       0x33 ./Project_Settings/Startup_Code/startup.o
 .ARM.attributes
                0x00000066       0x1b ./Project_Settings/Startup_Code/startup_S32K144.o
 .ARM.attributes
                0x00000081       0x33 ./Project_Settings/Startup_Code/system_S32K144.o
 .ARM.attributes
                0x000000b4       0x33 ./src/main.o
 .ARM.attributes
                0x000000e7       0x33 C:/NXP/S32DS_ARM_v2.2/S32DS/build_tools/gcc_v4.9/arm_ewl2/lib/armv7e-m\libc99.a(exit.o)
 .ARM.attributes
                0x0000011a       0x33 C:/NXP/S32DS_ARM_v2.2/S32DS/build_tools/gcc_v4.9/arm_ewl2/lib/armv7e-m\libc99.a(memset.o)
 .ARM.attributes
                0x0000014d       0x33 C:/NXP/S32DS_ARM_v2.2/S32DS/build_tools/gcc_v4.9/arm_ewl2/lib/armv7e-m\libc99.a(__filll_mem.o)
 .ARM.attributes
                0x00000180       0x33 C:/NXP/S32DS_ARM_v2.2/S32DS/build_tools/gcc_v4.9/arm_ewl2/lib/armv7e-m\librt.a(gcc_ctor_dtor.o)
 .ARM.attributes
                0x000001b3       0x33 C:/NXP/S32DS_ARM_v2.2/S32DS/build_tools/gcc_v4.9/arm_ewl2/lib/armv7e-m\librt.a(__arm_eabi_init.o)
 .ARM.attributes
                0x000001e6       0x33 C:/NXP/S32DS_ARM_v2.2/S32DS/build_tools/gcc_v4.9/arm_ewl2/lib/armv7e-m\librt.a(ROMCopy.o)
 .ARM.attributes
                0x00000219       0x33 C:/NXP/S32DS_ARM_v2.2/S32DS/build_tools/gcc_v4.9/arm_ewl2/lib/armv7e-m/__arm_end.o
                0x00000001                ASSERT ((__StackLimit >= __HeapLimit), region m_data overflowed with stack and heap)

/DISCARD/
 *(.FlashConfig)
OUTPUT(Hello.elf elf32-littlearm)

.debug_info     0x00000000     0x172c
 .debug_info    0x00000000      0x144 C:/NXP/S32DS_ARM_v2.2/S32DS/build_tools/gcc_v4.9/arm_ewl2/lib/armv7e-m/__arm_start.o
 .debug_info    0x00000144      0x486 ./Project_Settings/Startup_Code/startup.o
 .debug_info    0x000005ca       0x91 ./Project_Settings/Startup_Code/startup_S32K144.o
 .debug_info    0x0000065b      0x500 ./Project_Settings/Startup_Code/system_S32K144.o
 .debug_info    0x00000b5b      0x258 ./src/main.o
 .debug_info    0x00000db3      0x111 C:/NXP/S32DS_ARM_v2.2/S32DS/build_tools/gcc_v4.9/arm_ewl2/lib/armv7e-m\libc99.a(exit.o)
 .debug_info    0x00000ec4       0xec C:/NXP/S32DS_ARM_v2.2/S32DS/build_tools/gcc_v4.9/arm_ewl2/lib/armv7e-m\libc99.a(memset.o)
 .debug_info    0x00000fb0      0x137 C:/NXP/S32DS_ARM_v2.2/S32DS/build_tools/gcc_v4.9/arm_ewl2/lib/armv7e-m\libc99.a(__filll_mem.o)
 .debug_info    0x000010e7      0x136 C:/NXP/S32DS_ARM_v2.2/S32DS/build_tools/gcc_v4.9/arm_ewl2/lib/armv7e-m\librt.a(gcc_ctor_dtor.o)
 .debug_info    0x0000121d      0x2b3 C:/NXP/S32DS_ARM_v2.2/S32DS/build_tools/gcc_v4.9/arm_ewl2/lib/armv7e-m\librt.a(__arm_eabi_init.o)
 .debug_info    0x000014d0      0x20e C:/NXP/S32DS_ARM_v2.2/S32DS/build_tools/gcc_v4.9/arm_ewl2/lib/armv7e-m\librt.a(ROMCopy.o)
 .debug_info    0x000016de       0x4e C:/NXP/S32DS_ARM_v2.2/S32DS/build_tools/gcc_v4.9/arm_ewl2/lib/armv7e-m/__arm_end.o

.debug_abbrev   0x00000000      0x911
 .debug_abbrev  0x00000000       0xc0 C:/NXP/S32DS_ARM_v2.2/S32DS/build_tools/gcc_v4.9/arm_ewl2/lib/armv7e-m/__arm_start.o
 .debug_abbrev  0x000000c0      0x101 ./Project_Settings/Startup_Code/startup.o
 .debug_abbrev  0x000001c1       0x14 ./Project_Settings/Startup_Code/startup_S32K144.o
 .debug_abbrev  0x000001d5      0x118 ./Project_Settings/Startup_Code/system_S32K144.o
 .debug_abbrev  0x000002ed       0xe4 ./src/main.o
 .debug_abbrev  0x000003d1       0x91 C:/NXP/S32DS_ARM_v2.2/S32DS/build_tools/gcc_v4.9/arm_ewl2/lib/armv7e-m\libc99.a(exit.o)
 .debug_abbrev  0x00000462       0x62 C:/NXP/S32DS_ARM_v2.2/S32DS/build_tools/gcc_v4.9/arm_ewl2/lib/armv7e-m\libc99.a(memset.o)
 .debug_abbrev  0x000004c4       0x78 C:/NXP/S32DS_ARM_v2.2/S32DS/build_tools/gcc_v4.9/arm_ewl2/lib/armv7e-m\libc99.a(__filll_mem.o)
 .debug_abbrev  0x0000053c       0x99 C:/NXP/S32DS_ARM_v2.2/S32DS/build_tools/gcc_v4.9/arm_ewl2/lib/armv7e-m\librt.a(gcc_ctor_dtor.o)
 .debug_abbrev  0x000005d5      0x1d3 C:/NXP/S32DS_ARM_v2.2/S32DS/build_tools/gcc_v4.9/arm_ewl2/lib/armv7e-m\librt.a(__arm_eabi_init.o)
 .debug_abbrev  0x000007a8      0x11f C:/NXP/S32DS_ARM_v2.2/S32DS/build_tools/gcc_v4.9/arm_ewl2/lib/armv7e-m\librt.a(ROMCopy.o)
 .debug_abbrev  0x000008c7       0x4a C:/NXP/S32DS_ARM_v2.2/S32DS/build_tools/gcc_v4.9/arm_ewl2/lib/armv7e-m/__arm_end.o

.debug_aranges  0x00000000      0x1f8
 .debug_aranges
                0x00000000       0x28 C:/NXP/S32DS_ARM_v2.2/S32DS/build_tools/gcc_v4.9/arm_ewl2/lib/armv7e-m/__arm_start.o
 .debug_aranges
                0x00000028       0x20 ./Project_Settings/Startup_Code/startup.o
 .debug_aranges
                0x00000048       0x20 ./Project_Settings/Startup_Code/startup_S32K144.o
 .debug_aranges
                0x00000068       0x30 ./Project_Settings/Startup_Code/system_S32K144.o
 .debug_aranges
                0x00000098       0x28 ./src/main.o
 .debug_aranges
                0x000000c0       0x28 C:/NXP/S32DS_ARM_v2.2/S32DS/build_tools/gcc_v4.9/arm_ewl2/lib/armv7e-m\libc99.a(exit.o)
 .debug_aranges
                0x000000e8       0x20 C:/NXP/S32DS_ARM_v2.2/S32DS/build_tools/gcc_v4.9/arm_ewl2/lib/armv7e-m\libc99.a(memset.o)
 .debug_aranges
                0x00000108       0x20 C:/NXP/S32DS_ARM_v2.2/S32DS/build_tools/gcc_v4.9/arm_ewl2/lib/armv7e-m\libc99.a(__filll_mem.o)
 .debug_aranges
                0x00000128       0x28 C:/NXP/S32DS_ARM_v2.2/S32DS/build_tools/gcc_v4.9/arm_ewl2/lib/armv7e-m\librt.a(gcc_ctor_dtor.o)
 .debug_aranges
                0x00000150       0x58 C:/NXP/S32DS_ARM_v2.2/S32DS/build_tools/gcc_v4.9/arm_ewl2/lib/armv7e-m\librt.a(__arm_eabi_init.o)
 .debug_aranges
                0x000001a8       0x30 C:/NXP/S32DS_ARM_v2.2/S32DS/build_tools/gcc_v4.9/arm_ewl2/lib/armv7e-m\librt.a(ROMCopy.o)
 .debug_aranges
                0x000001d8       0x20 C:/NXP/S32DS_ARM_v2.2/S32DS/build_tools/gcc_v4.9/arm_ewl2/lib/armv7e-m/__arm_end.o

.debug_line     0x00000000      0xc58
 .debug_line    0x00000000       0x68 C:/NXP/S32DS_ARM_v2.2/S32DS/build_tools/gcc_v4.9/arm_ewl2/lib/armv7e-m/__arm_start.o
 .debug_line    0x00000068      0x28f ./Project_Settings/Startup_Code/startup.o
 .debug_line    0x000002f7       0x87 ./Project_Settings/Startup_Code/startup_S32K144.o
 .debug_line    0x0000037e      0x2aa ./Project_Settings/Startup_Code/system_S32K144.o
 .debug_line    0x00000628      0x1fe ./src/main.o
 .debug_line    0x00000826       0xa4 C:/NXP/S32DS_ARM_v2.2/S32DS/build_tools/gcc_v4.9/arm_ewl2/lib/armv7e-m\libc99.a(exit.o)
 .debug_line    0x000008ca       0x8f C:/NXP/S32DS_ARM_v2.2/S32DS/build_tools/gcc_v4.9/arm_ewl2/lib/armv7e-m\libc99.a(memset.o)
 .debug_line    0x00000959       0xb2 C:/NXP/S32DS_ARM_v2.2/S32DS/build_tools/gcc_v4.9/arm_ewl2/lib/armv7e-m\libc99.a(__filll_mem.o)
 .debug_line    0x00000a0b       0x64 C:/NXP/S32DS_ARM_v2.2/S32DS/build_tools/gcc_v4.9/arm_ewl2/lib/armv7e-m\librt.a(gcc_ctor_dtor.o)
 .debug_line    0x00000a6f      0x107 C:/NXP/S32DS_ARM_v2.2/S32DS/build_tools/gcc_v4.9/arm_ewl2/lib/armv7e-m\librt.a(__arm_eabi_init.o)
 .debug_line    0x00000b76       0x9e C:/NXP/S32DS_ARM_v2.2/S32DS/build_tools/gcc_v4.9/arm_ewl2/lib/armv7e-m\librt.a(ROMCopy.o)
 .debug_line    0x00000c14       0x44 C:/NXP/S32DS_ARM_v2.2/S32DS/build_tools/gcc_v4.9/arm_ewl2/lib/armv7e-m/__arm_end.o

.debug_str      0x00000000    0x69d0d
 .debug_str     0x00000000      0x1f0 C:/NXP/S32DS_ARM_v2.2/S32DS/build_tools/gcc_v4.9/arm_ewl2/lib/armv7e-m/__arm_start.o
                                0x279 (size before relaxing)
 .debug_str     0x000001f0    0x693df ./Project_Settings/Startup_Code/startup.o
                              0x69490 (size before relaxing)
 .debug_str     0x000695cf      0x1f3 ./Project_Settings/Startup_Code/system_S32K144.o
                              0x69301 (size before relaxing)
 .debug_str     0x000697c2       0x90 ./src/main.o
                              0x637d8 (size before relaxing)
 .debug_str     0x00069852      0x1a7 C:/NXP/S32DS_ARM_v2.2/S32DS/build_tools/gcc_v4.9/arm_ewl2/lib/armv7e-m\libc99.a(exit.o)
                                0x245 (size before relaxing)
 .debug_str     0x000699f9       0x23 C:/NXP/S32DS_ARM_v2.2/S32DS/build_tools/gcc_v4.9/arm_ewl2/lib/armv7e-m\libc99.a(memset.o)
                                0x228 (size before relaxing)
 .debug_str     0x00069a1c       0x2d C:/NXP/S32DS_ARM_v2.2/S32DS/build_tools/gcc_v4.9/arm_ewl2/lib/armv7e-m\libc99.a(__filll_mem.o)
                                0x23a (size before relaxing)
 .debug_str     0x00069a49      0x106 C:/NXP/S32DS_ARM_v2.2/S32DS/build_tools/gcc_v4.9/arm_ewl2/lib/armv7e-m\librt.a(gcc_ctor_dtor.o)
                                0x28a (size before relaxing)
 .debug_str     0x00069b4f      0x103 C:/NXP/S32DS_ARM_v2.2/S32DS/build_tools/gcc_v4.9/arm_ewl2/lib/armv7e-m\librt.a(__arm_eabi_init.o)
                                0x2be (size before relaxing)
 .debug_str     0x00069c52       0x9a C:/NXP/S32DS_ARM_v2.2/S32DS/build_tools/gcc_v4.9/arm_ewl2/lib/armv7e-m\librt.a(ROMCopy.o)
                                0x23c (size before relaxing)
 .debug_str     0x00069cec       0x21 C:/NXP/S32DS_ARM_v2.2/S32DS/build_tools/gcc_v4.9/arm_ewl2/lib/armv7e-m/__arm_end.o
                                0x1b0 (size before relaxing)

.comment        0x00000000       0x70
 .comment       0x00000000       0x70 C:/NXP/S32DS_ARM_v2.2/S32DS/build_tools/gcc_v4.9/arm_ewl2/lib/armv7e-m/__arm_start.o
                                 0x71 (size before relaxing)
 .comment       0x00000000       0x71 ./Project_Settings/Startup_Code/startup.o
 .comment       0x00000000       0x71 ./Project_Settings/Startup_Code/system_S32K144.o
 .comment       0x00000000       0x71 ./src/main.o
 .comment       0x00000000       0x71 C:/NXP/S32DS_ARM_v2.2/S32DS/build_tools/gcc_v4.9/arm_ewl2/lib/armv7e-m\libc99.a(exit.o)
 .comment       0x00000000       0x71 C:/NXP/S32DS_ARM_v2.2/S32DS/build_tools/gcc_v4.9/arm_ewl2/lib/armv7e-m\libc99.a(memset.o)
 .comment       0x00000000       0x71 C:/NXP/S32DS_ARM_v2.2/S32DS/build_tools/gcc_v4.9/arm_ewl2/lib/armv7e-m\libc99.a(__filll_mem.o)
 .comment       0x00000000       0x71 C:/NXP/S32DS_ARM_v2.2/S32DS/build_tools/gcc_v4.9/arm_ewl2/lib/armv7e-m\librt.a(gcc_ctor_dtor.o)
 .comment       0x00000000       0x71 C:/NXP/S32DS_ARM_v2.2/S32DS/build_tools/gcc_v4.9/arm_ewl2/lib/armv7e-m\librt.a(__arm_eabi_init.o)
 .comment       0x00000000       0x71 C:/NXP/S32DS_ARM_v2.2/S32DS/build_tools/gcc_v4.9/arm_ewl2/lib/armv7e-m\librt.a(ROMCopy.o)
 .comment       0x00000000       0x71 C:/NXP/S32DS_ARM_v2.2/S32DS/build_tools/gcc_v4.9/arm_ewl2/lib/armv7e-m/__arm_end.o

.debug_frame    0x00000000      0x31c
 .debug_frame   0x00000000       0x30 C:/NXP/S32DS_ARM_v2.2/S32DS/build_tools/gcc_v4.9/arm_ewl2/lib/armv7e-m/__arm_start.o
 .debug_frame   0x00000030       0x38 ./Project_Settings/Startup_Code/startup.o
 .debug_frame   0x00000068       0x80 ./Project_Settings/Startup_Code/system_S32K144.o
 .debug_frame   0x000000e8       0x54 ./src/main.o
 .debug_frame   0x0000013c       0x3c C:/NXP/S32DS_ARM_v2.2/S32DS/build_tools/gcc_v4.9/arm_ewl2/lib/armv7e-m\libc99.a(exit.o)
 .debug_frame   0x00000178       0x28 C:/NXP/S32DS_ARM_v2.2/S32DS/build_tools/gcc_v4.9/arm_ewl2/lib/armv7e-m\libc99.a(memset.o)
 .debug_frame   0x000001a0       0x28 C:/NXP/S32DS_ARM_v2.2/S32DS/build_tools/gcc_v4.9/arm_ewl2/lib/armv7e-m\libc99.a(__filll_mem.o)
 .debug_frame   0x000001c8       0x40 C:/NXP/S32DS_ARM_v2.2/S32DS/build_tools/gcc_v4.9/arm_ewl2/lib/armv7e-m\librt.a(gcc_ctor_dtor.o)
 .debug_frame   0x00000208       0xac C:/NXP/S32DS_ARM_v2.2/S32DS/build_tools/gcc_v4.9/arm_ewl2/lib/armv7e-m\librt.a(__arm_eabi_init.o)
 .debug_frame   0x000002b4       0x48 C:/NXP/S32DS_ARM_v2.2/S32DS/build_tools/gcc_v4.9/arm_ewl2/lib/armv7e-m\librt.a(ROMCopy.o)
 .debug_frame   0x000002fc       0x20 C:/NXP/S32DS_ARM_v2.2/S32DS/build_tools/gcc_v4.9/arm_ewl2/lib/armv7e-m/__arm_end.o

.debug_ranges   0x00000000       0x48
 .debug_ranges  0x00000000       0x10 ./Project_Settings/Startup_Code/startup.o
 .debug_ranges  0x00000010       0x20 ./Project_Settings/Startup_Code/system_S32K144.o
 .debug_ranges  0x00000030       0x18 ./src/main.o

.debug_macro    0x00000000    0x1f89c
 .debug_macro   0x00000000       0xe9 ./Project_Settings/Startup_Code/startup.o
 .debug_macro   0x000000e9      0x868 ./Project_Settings/Startup_Code/startup.o
 .debug_macro   0x00000951       0x52 ./Project_Settings/Startup_Code/startup.o
 .debug_macro   0x000009a3       0xa0 ./Project_Settings/Startup_Code/startup.o
 .debug_macro   0x00000a43       0x16 ./Project_Settings/Startup_Code/startup.o
 .debug_macro   0x00000a59       0x5e ./Project_Settings/Startup_Code/startup.o
 .debug_macro   0x00000ab7      0x185 ./Project_Settings/Startup_Code/startup.o
 .debug_macro   0x00000c3c      0x147 ./Project_Settings/Startup_Code/startup.o
 .debug_macro   0x00000d83       0x9d ./Project_Settings/Startup_Code/startup.o
 .debug_macro   0x00000e20       0x10 ./Project_Settings/Startup_Code/startup.o
 .debug_macro   0x00000e30      0x15b ./Project_Settings/Startup_Code/startup.o
 .debug_macro   0x00000f8b       0x28 ./Project_Settings/Startup_Code/startup.o
 .debug_macro   0x00000fb3       0x58 ./Project_Settings/Startup_Code/startup.o
 .debug_macro   0x0000100b       0x10 ./Project_Settings/Startup_Code/startup.o
 .debug_macro   0x0000101b       0x7a ./Project_Settings/Startup_Code/startup.o
 .debug_macro   0x00001095     0xed32 ./Project_Settings/Startup_Code/startup.o
 .debug_macro   0x0000fdc7      0xb86 ./Project_Settings/Startup_Code/startup.o
 .debug_macro   0x0001094d       0x22 ./Project_Settings/Startup_Code/startup.o
 .debug_macro   0x0001096f       0x40 ./Project_Settings/Startup_Code/startup.o
 .debug_macro   0x000109af       0xe9 ./Project_Settings/Startup_Code/system_S32K144.o
 .debug_macro   0x00010a98       0x19 ./Project_Settings/Startup_Code/system_S32K144.o
 .debug_macro   0x00010ab1     0xed1d ./Project_Settings/Startup_Code/system_S32K144.o
 .debug_macro   0x0001f7ce       0x28 ./Project_Settings/Startup_Code/system_S32K144.o
 .debug_macro   0x0001f7f6       0xa6 ./src/main.o

.debug_loc      0x00000000      0x4c0
 .debug_loc     0x00000000       0x5d C:/NXP/S32DS_ARM_v2.2/S32DS/build_tools/gcc_v4.9/arm_ewl2/lib/armv7e-m\libc99.a(exit.o)
 .debug_loc     0x0000005d       0x64 C:/NXP/S32DS_ARM_v2.2/S32DS/build_tools/gcc_v4.9/arm_ewl2/lib/armv7e-m\libc99.a(memset.o)
 .debug_loc     0x000000c1      0x16b C:/NXP/S32DS_ARM_v2.2/S32DS/build_tools/gcc_v4.9/arm_ewl2/lib/armv7e-m\libc99.a(__filll_mem.o)
 .debug_loc     0x0000022c       0x9d C:/NXP/S32DS_ARM_v2.2/S32DS/build_tools/gcc_v4.9/arm_ewl2/lib/armv7e-m\librt.a(gcc_ctor_dtor.o)
 .debug_loc     0x000002c9      0x144 C:/NXP/S32DS_ARM_v2.2/S32DS/build_tools/gcc_v4.9/arm_ewl2/lib/armv7e-m\librt.a(__arm_eabi_init.o)
 .debug_loc     0x0000040d       0xb3 C:/NXP/S32DS_ARM_v2.2/S32DS/build_tools/gcc_v4.9/arm_ewl2/lib/armv7e-m\librt.a(ROMCopy.o)
